Archive member included to satisfy reference by file (symbol)

c:/siliconlabs/simplicitystudio/v5/developer/toolchains/gnu_arm/10.2_2020q4/bin/../lib/gcc/arm-none-eabi/10.2.1/thumb/v7e-m+fp/softfp\libgcc.a(_aeabi_uldivmod.o)
                              ./gecko_sdk_3.2.1/platform/emlib/src/em_usart.o (__aeabi_uldivmod)
c:/siliconlabs/simplicitystudio/v5/developer/toolchains/gnu_arm/10.2_2020q4/bin/../lib/gcc/arm-none-eabi/10.2.1/thumb/v7e-m+fp/softfp\libgcc.a(_udivmoddi4.o)
                              c:/siliconlabs/simplicitystudio/v5/developer/toolchains/gnu_arm/10.2_2020q4/bin/../lib/gcc/arm-none-eabi/10.2.1/thumb/v7e-m+fp/softfp\libgcc.a(_aeabi_uldivmod.o) (__udivmoddi4)
c:/siliconlabs/simplicitystudio/v5/developer/toolchains/gnu_arm/10.2_2020q4/bin/../lib/gcc/arm-none-eabi/10.2.1/thumb/v7e-m+fp/softfp\libgcc.a(_dvmd_tls.o)
                              c:/siliconlabs/simplicitystudio/v5/developer/toolchains/gnu_arm/10.2_2020q4/bin/../lib/gcc/arm-none-eabi/10.2.1/thumb/v7e-m+fp/softfp\libgcc.a(_aeabi_uldivmod.o) (__aeabi_ldiv0)
c:/siliconlabs/simplicitystudio/v5/developer/toolchains/gnu_arm/10.2_2020q4/bin/../lib/gcc/arm-none-eabi/10.2.1/../../../../arm-none-eabi/lib/thumb/v7e-m+fp/softfp\libc_nano.a(lib_a-exit.o)
                              c:/siliconlabs/simplicitystudio/v5/developer/toolchains/gnu_arm/10.2_2020q4/bin/../lib/gcc/arm-none-eabi/10.2.1/../../../../arm-none-eabi/lib/thumb/v7e-m+fp/softfp/crt0.o (exit)
c:/siliconlabs/simplicitystudio/v5/developer/toolchains/gnu_arm/10.2_2020q4/bin/../lib/gcc/arm-none-eabi/10.2.1/../../../../arm-none-eabi/lib/thumb/v7e-m+fp/softfp\libc_nano.a(lib_a-impure.o)
                              c:/siliconlabs/simplicitystudio/v5/developer/toolchains/gnu_arm/10.2_2020q4/bin/../lib/gcc/arm-none-eabi/10.2.1/../../../../arm-none-eabi/lib/thumb/v7e-m+fp/softfp\libc_nano.a(lib_a-exit.o) (_global_impure_ptr)
c:/siliconlabs/simplicitystudio/v5/developer/toolchains/gnu_arm/10.2_2020q4/bin/../lib/gcc/arm-none-eabi/10.2.1/../../../../arm-none-eabi/lib/thumb/v7e-m+fp/softfp\libc_nano.a(lib_a-init.o)
                              c:/siliconlabs/simplicitystudio/v5/developer/toolchains/gnu_arm/10.2_2020q4/bin/../lib/gcc/arm-none-eabi/10.2.1/../../../../arm-none-eabi/lib/thumb/v7e-m+fp/softfp/crt0.o (__libc_init_array)
c:/siliconlabs/simplicitystudio/v5/developer/toolchains/gnu_arm/10.2_2020q4/bin/../lib/gcc/arm-none-eabi/10.2.1/../../../../arm-none-eabi/lib/thumb/v7e-m+fp/softfp\libc_nano.a(lib_a-memcpy-stub.o)
                              ./gecko_sdk_3.2.1/platform/emlib/src/em_crypto.o (memcpy)
c:/siliconlabs/simplicitystudio/v5/developer/toolchains/gnu_arm/10.2_2020q4/bin/../lib/gcc/arm-none-eabi/10.2.1/../../../../arm-none-eabi/lib/thumb/v7e-m+fp/softfp\libc_nano.a(lib_a-memset.o)
                              c:/siliconlabs/simplicitystudio/v5/developer/toolchains/gnu_arm/10.2_2020q4/bin/../lib/gcc/arm-none-eabi/10.2.1/../../../../arm-none-eabi/lib/thumb/v7e-m+fp/softfp/crt0.o (memset)
c:/siliconlabs/simplicitystudio/v5/developer/toolchains/gnu_arm/10.2_2020q4/bin/../lib/gcc/arm-none-eabi/10.2.1/../../../../arm-none-eabi/lib/thumb/v7e-m+fp/softfp\libc_nano.a(lib_a-strcat.o)
                              ./src/Source Files/ble.o (strcat)
c:/siliconlabs/simplicitystudio/v5/developer/toolchains/gnu_arm/10.2_2020q4/bin/../lib/gcc/arm-none-eabi/10.2.1/../../../../arm-none-eabi/lib/thumb/v7e-m+fp/softfp\libc_nano.a(lib_a-strlen.o)
                              ./src/Source Files/ble.o (strlen)
c:/siliconlabs/simplicitystudio/v5/developer/toolchains/gnu_arm/10.2_2020q4/bin/../lib/gcc/arm-none-eabi/10.2.1/../../../../arm-none-eabi/lib/thumb/v7e-m+fp/softfp\libnosys.a(_exit.o)
                              c:/siliconlabs/simplicitystudio/v5/developer/toolchains/gnu_arm/10.2_2020q4/bin/../lib/gcc/arm-none-eabi/10.2.1/../../../../arm-none-eabi/lib/thumb/v7e-m+fp/softfp\libc_nano.a(lib_a-exit.o) (_exit)

Discarded input sections

 .text          0x00000000        0x0 c:/siliconlabs/simplicitystudio/v5/developer/toolchains/gnu_arm/10.2_2020q4/bin/../lib/gcc/arm-none-eabi/10.2.1/thumb/v7e-m+fp/softfp/crti.o
 .data          0x00000000        0x0 c:/siliconlabs/simplicitystudio/v5/developer/toolchains/gnu_arm/10.2_2020q4/bin/../lib/gcc/arm-none-eabi/10.2.1/thumb/v7e-m+fp/softfp/crti.o
 .bss           0x00000000        0x0 c:/siliconlabs/simplicitystudio/v5/developer/toolchains/gnu_arm/10.2_2020q4/bin/../lib/gcc/arm-none-eabi/10.2.1/thumb/v7e-m+fp/softfp/crti.o
 .data          0x00000000        0x4 c:/siliconlabs/simplicitystudio/v5/developer/toolchains/gnu_arm/10.2_2020q4/bin/../lib/gcc/arm-none-eabi/10.2.1/thumb/v7e-m+fp/softfp/crtbegin.o
 .rodata        0x00000000       0x24 c:/siliconlabs/simplicitystudio/v5/developer/toolchains/gnu_arm/10.2_2020q4/bin/../lib/gcc/arm-none-eabi/10.2.1/thumb/v7e-m+fp/softfp/crtbegin.o
[...]
Memory Configuration

Name             Origin             Length             Attributes
FLASH            0x00000000         0x00100000         xr
RAM              0x20000000         0x00040000         xrw
*default*        0x00000000         0xffffffff

Linker script and memory map

LOAD c:/siliconlabs/simplicitystudio/v5/developer/toolchains/gnu_arm/10.2_2020q4/bin/../lib/gcc/arm-none-eabi/10.2.1/thumb/v7e-m+fp/softfp/crti.o
LOAD c:/siliconlabs/simplicitystudio/v5/developer/toolchains/gnu_arm/10.2_2020q4/bin/../lib/gcc/arm-none-eabi/10.2.1/thumb/v7e-m+fp/softfp/crtbegin.o
LOAD c:/siliconlabs/simplicitystudio/v5/developer/toolchains/gnu_arm/10.2_2020q4/bin/../lib/gcc/arm-none-eabi/10.2.1/../../../../arm-none-eabi/lib/thumb/v7e-m+fp/softfp/crt0.o
START GROUP
LOAD ./autogen/sl_board_default_init.o
LOAD ./autogen/sl_device_init_clocks.o
LOAD ./autogen/sl_event_handler.o
LOAD ./autogen/sl_simple_led_instances.o
LOAD ./gecko_sdk_3.2.1/hardware/board/src/sl_board_control_gpio.o
LOAD ./gecko_sdk_3.2.1/hardware/board/src/sl_board_init.o
LOAD ./gecko_sdk_3.2.1/hardware/driver/mx25_flash_shutdown/src/sl_mx25_flash_shutdown_usart/sl_mx25_flash_shutdown.o
LOAD ./gecko_sdk_3.2.1/platform/Device/SiliconLabs/EFR32MG12P/Source/GCC/startup_efr32mg12p.o
LOAD ./gecko_sdk_3.2.1/platform/Device/SiliconLabs/EFR32MG12P/Source/system_efr32mg12p.o
LOAD ./gecko_sdk_3.2.1/platform/common/toolchain/src/sl_memory.o
LOAD ./gecko_sdk_3.2.1/platform/driver/leddrv/src/sl_led.o
LOAD ./gecko_sdk_3.2.1/platform/driver/leddrv/src/sl_simple_led.o
LOAD ./gecko_sdk_3.2.1/platform/emlib/src/em_acmp.o
LOAD ./gecko_sdk_3.2.1/platform/emlib/src/em_adc.o
LOAD ./gecko_sdk_3.2.1/platform/emlib/src/em_aes.o
LOAD ./gecko_sdk_3.2.1/platform/emlib/src/em_assert.o
LOAD ./gecko_sdk_3.2.1/platform/emlib/src/em_burtc.o
LOAD ./gecko_sdk_3.2.1/platform/emlib/src/em_can.o
LOAD ./gecko_sdk_3.2.1/platform/emlib/src/em_cmu.o
LOAD ./gecko_sdk_3.2.1/platform/emlib/src/em_cmu_fpga.o
LOAD ./gecko_sdk_3.2.1/platform/emlib/src/em_core.o
LOAD ./gecko_sdk_3.2.1/platform/emlib/src/em_cryotimer.o
LOAD ./gecko_sdk_3.2.1/platform/emlib/src/em_crypto.o
LOAD ./gecko_sdk_3.2.1/platform/emlib/src/em_csen.o
LOAD ./gecko_sdk_3.2.1/platform/emlib/src/em_dac.o
LOAD ./gecko_sdk_3.2.1/platform/emlib/src/em_dbg.o
LOAD ./gecko_sdk_3.2.1/platform/emlib/src/em_dma.o
LOAD ./gecko_sdk_3.2.1/platform/emlib/src/em_ebi.o
LOAD ./gecko_sdk_3.2.1/platform/emlib/src/em_emu.o
LOAD ./gecko_sdk_3.2.1/platform/emlib/src/em_eusart.o
LOAD ./gecko_sdk_3.2.1/platform/emlib/src/em_gpcrc.o
LOAD ./gecko_sdk_3.2.1/platform/emlib/src/em_gpio.o
LOAD ./gecko_sdk_3.2.1/platform/emlib/src/em_i2c.o
LOAD ./gecko_sdk_3.2.1/platform/emlib/src/em_iadc.o
LOAD ./gecko_sdk_3.2.1/platform/emlib/src/em_idac.o
LOAD ./gecko_sdk_3.2.1/platform/emlib/src/em_lcd.o
LOAD ./gecko_sdk_3.2.1/platform/emlib/src/em_ldma.o
LOAD ./gecko_sdk_3.2.1/platform/emlib/src/em_lesense.o
LOAD ./gecko_sdk_3.2.1/platform/emlib/src/em_letimer.o
LOAD ./gecko_sdk_3.2.1/platform/emlib/src/em_leuart.o
LOAD ./gecko_sdk_3.2.1/platform/emlib/src/em_msc.o
LOAD ./gecko_sdk_3.2.1/platform/emlib/src/em_opamp.o
LOAD ./gecko_sdk_3.2.1/platform/emlib/src/em_pcnt.o
LOAD ./gecko_sdk_3.2.1/platform/emlib/src/em_pdm.o
LOAD ./gecko_sdk_3.2.1/platform/emlib/src/em_prs.o
LOAD ./gecko_sdk_3.2.1/platform/emlib/src/em_qspi.o
LOAD ./gecko_sdk_3.2.1/platform/emlib/src/em_rmu.o
LOAD ./gecko_sdk_3.2.1/platform/emlib/src/em_rtc.o
LOAD ./gecko_sdk_3.2.1/platform/emlib/src/em_rtcc.o
LOAD ./gecko_sdk_3.2.1/platform/emlib/src/em_se.o
LOAD ./gecko_sdk_3.2.1/platform/emlib/src/em_system.o
LOAD ./gecko_sdk_3.2.1/platform/emlib/src/em_timer.o
LOAD ./gecko_sdk_3.2.1/platform/emlib/src/em_usart.o
LOAD ./gecko_sdk_3.2.1/platform/emlib/src/em_vcmp.o
LOAD ./gecko_sdk_3.2.1/platform/emlib/src/em_vdac.o
LOAD ./gecko_sdk_3.2.1/platform/emlib/src/em_wdog.o
LOAD ./gecko_sdk_3.2.1/platform/service/device_init/src/sl_device_init_dcdc_s1.o
LOAD ./gecko_sdk_3.2.1/platform/service/device_init/src/sl_device_init_emu_s1.o
LOAD ./gecko_sdk_3.2.1/platform/service/device_init/src/sl_device_init_hfxo_s1.o
LOAD ./gecko_sdk_3.2.1/platform/service/device_init/src/sl_device_init_lfxo_s1.o
LOAD ./gecko_sdk_3.2.1/platform/service/device_init/src/sl_device_init_nvic.o
LOAD ./gecko_sdk_3.2.1/platform/service/sleeptimer/src/sl_sleeptimer.o
LOAD ./gecko_sdk_3.2.1/platform/service/sleeptimer/src/sl_sleeptimer_hal_rtcc.o
LOAD ./gecko_sdk_3.2.1/platform/service/system/src/sl_system_init.o
LOAD ./gecko_sdk_3.2.1/platform/service/system/src/sl_system_process_action.o
LOAD ./gecko_sdk_3.2.1/platform/service/udelay/src/sl_udelay.o
LOAD ./gecko_sdk_3.2.1/platform/service/udelay/src/sl_udelay_armv6m_gcc.o
LOAD ./src/Source Files/HW_delay.o
LOAD ./src/Source Files/LEDs_thunderboard.o
LOAD ./src/Source Files/Si1133.o
LOAD ./src/Source Files/app.o
LOAD ./src/Source Files/ble.o
LOAD ./src/Source Files/cmu.o
LOAD ./src/Source Files/gpio.o
LOAD ./src/Source Files/i2c.o
LOAD ./src/Source Files/letimer.o
LOAD ./src/Source Files/leuart.o
LOAD ./src/Source Files/scheduler.o
LOAD ./src/Source Files/sleep_routines.o
LOAD ./src/main.o
LOAD c:/siliconlabs/simplicitystudio/v5/developer/toolchains/gnu_arm/10.2_2020q4/bin/../lib/gcc/arm-none-eabi/10.2.1/thumb/v7e-m+fp/softfp\libgcc.a
LOAD c:/siliconlabs/simplicitystudio/v5/developer/toolchains/gnu_arm/10.2_2020q4/bin/../lib/gcc/arm-none-eabi/10.2.1/../../../../arm-none-eabi/lib/thumb/v7e-m+fp/softfp\libc_nano.a
LOAD c:/siliconlabs/simplicitystudio/v5/developer/toolchains/gnu_arm/10.2_2020q4/bin/../lib/gcc/arm-none-eabi/10.2.1/../../../../arm-none-eabi/lib/thumb/v7e-m+fp/softfp\libm.a
LOAD c:/siliconlabs/simplicitystudio/v5/developer/toolchains/gnu_arm/10.2_2020q4/bin/../lib/gcc/arm-none-eabi/10.2.1/../../../../arm-none-eabi/lib/thumb/v7e-m+fp/softfp\libnosys.a
END GROUP
START GROUP
LOAD c:/siliconlabs/simplicitystudio/v5/developer/toolchains/gnu_arm/10.2_2020q4/bin/../lib/gcc/arm-none-eabi/10.2.1/thumb/v7e-m+fp/softfp\libgcc.a
LOAD c:/siliconlabs/simplicitystudio/v5/developer/toolchains/gnu_arm/10.2_2020q4/bin/../lib/gcc/arm-none-eabi/10.2.1/../../../../arm-none-eabi/lib/thumb/v7e-m+fp/softfp\libc_nano.a
LOAD c:/siliconlabs/simplicitystudio/v5/developer/toolchains/gnu_arm/10.2_2020q4/bin/../lib/gcc/arm-none-eabi/10.2.1/../../../../arm-none-eabi/lib/thumb/v7e-m+fp/softfp\libnosys.a
END GROUP
START GROUP
LOAD c:/siliconlabs/simplicitystudio/v5/developer/toolchains/gnu_arm/10.2_2020q4/bin/../lib/gcc/arm-none-eabi/10.2.1/thumb/v7e-m+fp/softfp\libgcc.a
LOAD c:/siliconlabs/simplicitystudio/v5/developer/toolchains/gnu_arm/10.2_2020q4/bin/../lib/gcc/arm-none-eabi/10.2.1/../../../../arm-none-eabi/lib/thumb/v7e-m+fp/softfp\libg_nano.a
LOAD c:/siliconlabs/simplicitystudio/v5/developer/toolchains/gnu_arm/10.2_2020q4/bin/../lib/gcc/arm-none-eabi/10.2.1/../../../../arm-none-eabi/lib/thumb/v7e-m+fp/softfp\libc_nano.a
END GROUP
START GROUP
LOAD c:/siliconlabs/simplicitystudio/v5/developer/toolchains/gnu_arm/10.2_2020q4/bin/../lib/gcc/arm-none-eabi/10.2.1/thumb/v7e-m+fp/softfp\libgcc.a
LOAD c:/siliconlabs/simplicitystudio/v5/developer/toolchains/gnu_arm/10.2_2020q4/bin/../lib/gcc/arm-none-eabi/10.2.1/../../../../arm-none-eabi/lib/thumb/v7e-m+fp/softfp\libc_nano.a
END GROUP
LOAD c:/siliconlabs/simplicitystudio/v5/developer/toolchains/gnu_arm/10.2_2020q4/bin/../lib/gcc/arm-none-eabi/10.2.1/thumb/v7e-m+fp/softfp/crtend.o
LOAD c:/siliconlabs/simplicitystudio/v5/developer/toolchains/gnu_arm/10.2_2020q4/bin/../lib/gcc/arm-none-eabi/10.2.1/thumb/v7e-m+fp/softfp/crtn.o

.text           0x00000000     0x67c0
                0x00000000                linker_vectors_begin = .
 *(.vectors)
 .vectors       0x00000000      0x10c ./gecko_sdk_3.2.1/platform/Device/SiliconLabs/EFR32MG12P/Source/GCC/startup_efr32mg12p.o
                0x00000000                __Vectors
                0x0000010c                linker_vectors_end = .
                0x0000010c                __Vectors_End = .
                0x0000010c                __Vectors_Size = (__Vectors_End - __Vectors)
                0x0000010c                linker_code_begin = .
 *(.text*)
 .text          0x0000010c       0x40 c:/siliconlabs/simplicitystudio/v5/developer/toolchains/gnu_arm/10.2_2020q4/bin/../lib/gcc/arm-none-eabi/10.2.1/thumb/v7e-m+fp/softfp/crtbegin.o
 .text          0x0000014c       0x7c c:/siliconlabs/simplicitystudio/v5/developer/toolchains/gnu_arm/10.2_2020q4/bin/../lib/gcc/arm-none-eabi/10.2.1/../../../../arm-none-eabi/lib/thumb/v7e-m+fp/softfp/crt0.o
                0x0000014c                _stack_init
                0x00000154                _start
                0x00000154                _mainCRTStartup
 .text.Reset_Handler
                0x000001c8       0x48 ./gecko_sdk_3.2.1/platform/Device/SiliconLabs/EFR32MG12P/Source/GCC/startup_efr32mg12p.o
                0x000001c8                Reset_Handler
 .text.Default_Handler
                0x00000210        0x2 ./gecko_sdk_3.2.1/platform/Device/SiliconLabs/EFR32MG12P/Source/GCC/startup_efr32mg12p.o
                0x00000210                DebugMon_Handler
                0x00000210                USART0_TX_IRQHandler
                0x00000210                HardFault_Handler
                0x00000210                SysTick_Handler
                0x00000210                USART1_RX_IRQHandler
                0x00000210                PendSV_Handler
                0x00000210                NMI_Handler
                0x00000210                SYNTH_IRQHandler
                0x00000210                WTIMER0_IRQHandler
                0x00000210                CRYPTO0_IRQHandler
                0x00000210                WDOG0_IRQHandler
                0x00000210                USART1_TX_IRQHandler
                0x00000210                SMU_IRQHandler
                0x00000210                MSC_IRQHandler
                0x00000210                ADC0_IRQHandler
                0x00000210                UsageFault_Handler
                0x00000210                WDOG1_IRQHandler
                0x00000210                FPUEH_IRQHandler
                0x00000210                WTIMER1_IRQHandler
                0x00000210                GPIO_EVEN_IRQHandler
                0x00000210                VDAC0_IRQHandler
                0x00000210                LDMA_IRQHandler
                0x00000210                CSEN_IRQHandler
                0x00000210                CRYPTO1_IRQHandler
                0x00000210                TIMER0_IRQHandler
                0x00000210                PCNT2_IRQHandler
                0x00000210                TIMER1_IRQHandler
                0x00000210                TRNG0_IRQHandler
                0x00000210                RFSENSE_IRQHandler
                0x00000210                BUFC_IRQHandler
                0x00000210                MODEM_IRQHandler
                0x00000210                USART2_RX_IRQHandler
                0x00000210                Default_Handler
                0x00000210                RAC_SEQ_IRQHandler
                0x00000210                FRC_PRI_IRQHandler
                0x00000210                EMU_IRQHandler
                0x00000210                FRC_IRQHandler
                0x00000210                CRYOTIMER_IRQHandler
                0x00000210                PCNT0_IRQHandler
                0x00000210                AGC_IRQHandler
                0x00000210                sl_app_properties
                0x00000210                PCNT1_IRQHandler
                0x00000210                ACMP0_IRQHandler
                0x00000210                USART0_RX_IRQHandler
                0x00000210                MemManage_Handler
                0x00000210                SVC_Handler
                0x00000210                USART3_RX_IRQHandler
                0x00000210                CMU_IRQHandler
                0x00000210                RAC_RSM_IRQHandler
                0x00000210                LESENSE_IRQHandler
                0x00000210                GPIO_ODD_IRQHandler
                0x00000210                USART3_TX_IRQHandler
                0x00000210                PROTIMER_IRQHandler
                0x00000210                BusFault_Handler
                0x00000210                USART2_TX_IRQHandler
                0x00000210                IDAC0_IRQHandler
 *fill*         0x00000212        0x2 
 .text.SystemCoreClockGet
                0x00000214       0x3c ./gecko_sdk_3.2.1/platform/Device/SiliconLabs/EFR32MG12P/Source/system_efr32mg12p.o
                0x00000214                SystemCoreClockGet
 .text.SystemMaxCoreClockGet
                0x00000250        0xc ./gecko_sdk_3.2.1/platform/Device/SiliconLabs/EFR32MG12P/Source/system_efr32mg12p.o
                0x00000250                SystemMaxCoreClockGet
 .text.SystemHFClockGet
                0x0000025c       0x7c ./gecko_sdk_3.2.1/platform/Device/SiliconLabs/EFR32MG12P/Source/system_efr32mg12p.o
                0x0000025c                SystemHFClockGet
 .text.SystemHFXOClockGet
                0x000002d8        0xc ./gecko_sdk_3.2.1/platform/Device/SiliconLabs/EFR32MG12P/Source/system_efr32mg12p.o
                0x000002d8                SystemHFXOClockGet
 .text.SystemInit
                0x000002e4       0x24 ./gecko_sdk_3.2.1/platform/Device/SiliconLabs/EFR32MG12P/Source/system_efr32mg12p.o
                0x000002e4                SystemInit
 .text.SystemLFRCOClockGet
                0x00000308        0x8 ./gecko_sdk_3.2.1/platform/Device/SiliconLabs/EFR32MG12P/Source/system_efr32mg12p.o
                0x00000308                SystemLFRCOClockGet
 .text.SystemULFRCOClockGet
                0x00000310        0x8 ./gecko_sdk_3.2.1/platform/Device/SiliconLabs/EFR32MG12P/Source/system_efr32mg12p.o
                0x00000310                SystemULFRCOClockGet
 .text.SystemLFXOClockGet
                0x00000318        0xc ./gecko_sdk_3.2.1/platform/Device/SiliconLabs/EFR32MG12P/Source/system_efr32mg12p.o
                0x00000318                SystemLFXOClockGet
 .text.assertEFM
                0x00000324        0x8 ./gecko_sdk_3.2.1/platform/emlib/src/em_assert.o
                0x00000324                assertEFM
 .text.SL_Log2ToDiv
                0x0000032c       0x2c ./gecko_sdk_3.2.1/platform/emlib/src/em_cmu.o
 .text.BUS_RegBitWrite
                0x00000358       0x40 ./gecko_sdk_3.2.1/platform/emlib/src/em_cmu.o
 .text.BUS_RegBitRead
                0x00000398       0x24 ./gecko_sdk_3.2.1/platform/emlib/src/em_cmu.o
 .text.EMU_LDOStatusGet
                0x000003bc       0x1c ./gecko_sdk_3.2.1/platform/emlib/src/em_cmu.o
 .text.EMU_VScaleWait
                0x000003d8       0x2c ./gecko_sdk_3.2.1/platform/emlib/src/em_cmu.o
 .text.EMU_VScaleGet
                0x00000404       0x1c ./gecko_sdk_3.2.1/platform/emlib/src/em_cmu.o
 .text.setHfLeConfig
                0x00000420       0x64 ./gecko_sdk_3.2.1/platform/emlib/src/em_cmu.o
 .text.auxClkGet
                0x00000484       0x14 ./gecko_sdk_3.2.1/platform/emlib/src/em_cmu.o
 .text.hfSrcClkGet
                0x00000498       0x2c ./gecko_sdk_3.2.1/platform/emlib/src/em_cmu.o
 .text.dbgClkGet
                0x000004c4       0x50 ./gecko_sdk_3.2.1/platform/emlib/src/em_cmu.o
 .text.adcAsyncClkGet
                0x00000514       0x9c ./gecko_sdk_3.2.1/platform/emlib/src/em_cmu.o
 .text.flashWaitStateControl
                0x000005b0       0x94 ./gecko_sdk_3.2.1/platform/emlib/src/em_cmu.o
 .text.flashWaitStateMax
                0x00000644       0x44 ./gecko_sdk_3.2.1/platform/emlib/src/em_cmu.o
 .text.CMU_UpdateWaitStates
                0x00000688       0x44 ./gecko_sdk_3.2.1/platform/emlib/src/em_cmu.o
                0x00000688                CMU_UpdateWaitStates
 .text.getRegIshUpperVal
                0x000006cc       0x2c ./gecko_sdk_3.2.1/platform/emlib/src/em_cmu.o
 .text.getHfxoTuningMode
                0x000006f8       0x14 ./gecko_sdk_3.2.1/platform/emlib/src/em_cmu.o
 .text.setHfxoTuningMode
                0x0000070c       0x20 ./gecko_sdk_3.2.1/platform/emlib/src/em_cmu.o
 .text.lfClkGet
                0x0000072c      0x12c ./gecko_sdk_3.2.1/platform/emlib/src/em_cmu.o
 .text.syncReg  0x00000858       0x30 ./gecko_sdk_3.2.1/platform/emlib/src/em_cmu.o
 .text.hfperClkSafePrescaler
                0x00000888        0x4 ./gecko_sdk_3.2.1/platform/emlib/src/em_cmu.o
 .text.hfperClkOptimizedPrescaler
                0x0000088c        0x4 ./gecko_sdk_3.2.1/platform/emlib/src/em_cmu.o
 .text.CMU_ClockDivGet
                0x00000890       0x18 ./gecko_sdk_3.2.1/platform/emlib/src/em_cmu.o
                0x00000890                CMU_ClockDivGet
 .text.CMU_ClockEnable
                0x000008a8       0xdc ./gecko_sdk_3.2.1/platform/emlib/src/em_cmu.o
                0x000008a8                CMU_ClockEnable
 .text.CMU_ClockFreqGet
                0x00000984      0x28c ./gecko_sdk_3.2.1/platform/emlib/src/em_cmu.o
                0x00000984                CMU_ClockFreqGet
 .text.CMU_ClockPrescGet
                0x00000c10      0x1c0 ./gecko_sdk_3.2.1/platform/emlib/src/em_cmu.o
                0x00000c10                CMU_ClockPrescGet
 .text.CMU_ClockSelectGet
                0x00000dd0      0x214 ./gecko_sdk_3.2.1/platform/emlib/src/em_cmu.o
                0x00000dd0                CMU_ClockSelectGet
 .text.CMU_ClockSelectSet
                0x00000fe4      0x358 ./gecko_sdk_3.2.1/platform/emlib/src/em_cmu.o
                0x00000fe4                CMU_ClockSelectSet
 .text.CMU_HFRCODevinfoGet
                0x0000133c      0x108 ./gecko_sdk_3.2.1/platform/emlib/src/em_cmu.o
 .text.CMU_HFRCOBandGet
                0x00001444        0xc ./gecko_sdk_3.2.1/platform/emlib/src/em_cmu.o
                0x00001444                CMU_HFRCOBandGet
 .text.CMU_HFRCOBandSet
                0x00001450      0x184 ./gecko_sdk_3.2.1/platform/emlib/src/em_cmu.o
                0x00001450                CMU_HFRCOBandSet
 .text.CMU_HFXOInit
                0x000015d4      0x100 ./gecko_sdk_3.2.1/platform/emlib/src/em_cmu.o
                0x000015d4                CMU_HFXOInit
 .text.CMU_OscillatorEnable
                0x000016d4      0x1d0 ./gecko_sdk_3.2.1/platform/emlib/src/em_cmu.o
                0x000016d4                CMU_OscillatorEnable
 .text.CMU_OscillatorTuningGet
                0x000018a4       0x80 ./gecko_sdk_3.2.1/platform/emlib/src/em_cmu.o
                0x000018a4                CMU_OscillatorTuningGet
 .text.CMU_OscillatorTuningSet
                0x00001924      0x158 ./gecko_sdk_3.2.1/platform/emlib/src/em_cmu.o
                0x00001924                CMU_OscillatorTuningSet
 .text.CMU_OscillatorTuningWait
                0x00001a7c       0xbc ./gecko_sdk_3.2.1/platform/emlib/src/em_cmu.o
                0x00001a7c                CMU_OscillatorTuningWait
 .text.CMU_OscillatorTuningOptimize
                0x00001b38       0x74 ./gecko_sdk_3.2.1/platform/emlib/src/em_cmu.o
                0x00001b38                CMU_OscillatorTuningOptimize
 .text.CORE_EnterCritical
                0x00001bac       0x18 ./gecko_sdk_3.2.1/platform/emlib/src/em_core.o
                0x00001bac                CORE_EnterCritical
 .text.CORE_ExitCritical
                0x00001bc4       0x14 ./gecko_sdk_3.2.1/platform/emlib/src/em_core.o
                0x00001bc4                CORE_ExitCritical
 .text.CORE_EnterAtomic
                0x00001bd8       0x20 ./gecko_sdk_3.2.1/platform/emlib/src/em_core.o
                0x00001bd8                CORE_EnterAtomic
 .text.CORE_ExitAtomic
                0x00001bf8       0x16 ./gecko_sdk_3.2.1/platform/emlib/src/em_core.o
                0x00001bf8                CORE_ExitAtomic
 .text.SystemCoreClockUpdate
                0x00001c0e        0xa ./gecko_sdk_3.2.1/platform/emlib/src/em_emu.o
 .text.BUS_RegBitWrite
                0x00001c18       0x40 ./gecko_sdk_3.2.1/platform/emlib/src/em_emu.o
 .text.BUS_RegBitRead
                0x00001c58       0x24 ./gecko_sdk_3.2.1/platform/emlib/src/em_emu.o
 .text.EMU_LDOStatusGet
                0x00001c7c       0x1c ./gecko_sdk_3.2.1/platform/emlib/src/em_emu.o
 .text.EMU_VScaleWait
                0x00001c98       0x2c ./gecko_sdk_3.2.1/platform/emlib/src/em_emu.o
 .text.EMU_VScaleGet
                0x00001cc4       0x1c ./gecko_sdk_3.2.1/platform/emlib/src/em_emu.o
 .text.EMU_IntClear
                0x00001ce0       0x14 ./gecko_sdk_3.2.1/platform/emlib/src/em_emu.o
 .text.EMU_IntGet
                0x00001cf4        0xc ./gecko_sdk_3.2.1/platform/emlib/src/em_emu.o
 .text.EMU_PowerLock
                0x00001d00       0x10 ./gecko_sdk_3.2.1/platform/emlib/src/em_emu.o
 .text.EMU_PowerUnlock
                0x00001d10       0x10 ./gecko_sdk_3.2.1/platform/emlib/src/em_emu.o
 .text.CMU_Lock
                0x00001d20       0x10 ./gecko_sdk_3.2.1/platform/emlib/src/em_emu.o
 .text.CMU_Unlock
                0x00001d30       0x14 ./gecko_sdk_3.2.1/platform/emlib/src/em_emu.o
 .text.vScaleEM01Cmd
                0x00001d44       0x1c ./gecko_sdk_3.2.1/platform/emlib/src/em_emu.o
 .text.emState  0x00001d60      0x158 ./gecko_sdk_3.2.1/platform/emlib/src/em_emu.o
 .text.vScaleDownEM23Setup
                0x00001eb8       0x60 ./gecko_sdk_3.2.1/platform/emlib/src/em_emu.o
 .text.vScaleAfterWakeup
                0x00001f18       0x3c ./gecko_sdk_3.2.1/platform/emlib/src/em_emu.o
 .text.EMU_EM23PresleepHook
                0x00001f54        0x4 ./gecko_sdk_3.2.1/platform/emlib/src/em_emu.o
                0x00001f54                EMU_EM23PresleepHook
 .text.EMU_EFPEM23PresleepHook
                0x00001f58        0x4 ./gecko_sdk_3.2.1/platform/emlib/src/em_emu.o
                0x00001f58                EMU_EFPEM23PresleepHook
 .text.EMU_EM23PostsleepHook
                0x00001f5c        0x4 ./gecko_sdk_3.2.1/platform/emlib/src/em_emu.o
                0x00001f5c                EMU_EM23PostsleepHook
 .text.EMU_EFPEM23PostsleepHook
                0x00001f60        0x4 ./gecko_sdk_3.2.1/platform/emlib/src/em_emu.o
                0x00001f60                EMU_EFPEM23PostsleepHook
 .text.EMU_EnterEM2
                0x00001f64       0xa0 ./gecko_sdk_3.2.1/platform/emlib/src/em_emu.o
                0x00001f64                EMU_EnterEM2
 .text.EMU_EnterEM3
                0x00002004       0xbc ./gecko_sdk_3.2.1/platform/emlib/src/em_emu.o
                0x00002004                EMU_EnterEM3
 .text.EMU_VScaleEM01ByClock
                0x000020c0       0x88 ./gecko_sdk_3.2.1/platform/emlib/src/em_emu.o
                0x000020c0                EMU_VScaleEM01ByClock
 .text.EMU_VScaleEM01
                0x00002148       0xbc ./gecko_sdk_3.2.1/platform/emlib/src/em_emu.o
                0x00002148                EMU_VScaleEM01
 .text.EMU_EM23Init
                0x00002204       0x4c ./gecko_sdk_3.2.1/platform/emlib/src/em_emu.o
                0x00002204                EMU_EM23Init
 .text.dcdcConstCalibrationLoad
                0x00002250        0x6 ./gecko_sdk_3.2.1/platform/emlib/src/em_emu.o
 *fill*         0x00002256        0x2 
 .text.dcdcValidatedConfigSet
                0x00002258       0x40 ./gecko_sdk_3.2.1/platform/emlib/src/em_emu.o
 .text.currentLimitersUpdate
                0x00002298      0x128 ./gecko_sdk_3.2.1/platform/emlib/src/em_emu.o
 .text.userCurrentLimitsSet
                0x000023c0       0x28 ./gecko_sdk_3.2.1/platform/emlib/src/em_emu.o
 .text.compCtrlSet
                0x000023e8       0x4c ./gecko_sdk_3.2.1/platform/emlib/src/em_emu.o
 .text.lpCmpHystCalibrationLoad
                0x00002434       0xf4 ./gecko_sdk_3.2.1/platform/emlib/src/em_emu.o
 .text.lpGetDevinfoVrefLowHigh
                0x00002528      0x19c ./gecko_sdk_3.2.1/platform/emlib/src/em_emu.o
 .text.EMU_DCDCModeSet
                0x000026c4      0x11c ./gecko_sdk_3.2.1/platform/emlib/src/em_emu.o
                0x000026c4                EMU_DCDCModeSet
 .text.EMU_DCDCInit
                0x000027e0      0x1c8 ./gecko_sdk_3.2.1/platform/emlib/src/em_emu.o
                0x000027e0                EMU_DCDCInit
 .text.EMU_DCDCOutputVoltageSet
                0x000029a8      0x2dc ./gecko_sdk_3.2.1/platform/emlib/src/em_emu.o
                0x000029a8                EMU_DCDCOutputVoltageSet
 .text.EMU_DCDCOptimizeSlice
                0x00002c84       0xe4 ./gecko_sdk_3.2.1/platform/emlib/src/em_emu.o
                0x00002c84                EMU_DCDCOptimizeSlice
 .text.EMU_DCDCLnRcoBandSet
                0x00002d68       0x68 ./gecko_sdk_3.2.1/platform/emlib/src/em_emu.o
                0x00002d68                EMU_DCDCLnRcoBandSet
 .text.BUS_RegMaskedSet
                0x00002dd0       0x1a ./gecko_sdk_3.2.1/platform/emlib/src/em_gpio.o
 .text.BUS_RegMaskedClear
                0x00002dea       0x1a ./gecko_sdk_3.2.1/platform/emlib/src/em_gpio.o
 .text.BUS_RegMaskedWrite
                0x00002e04       0x34 ./gecko_sdk_3.2.1/platform/emlib/src/em_gpio.o
 .text.GPIO_PinOutClear
                0x00002e38       0xe8 ./gecko_sdk_3.2.1/platform/emlib/src/em_gpio.o
 .text.GPIO_PinOutSet
                0x00002f20       0xe8 ./gecko_sdk_3.2.1/platform/emlib/src/em_gpio.o
 .text.GPIO_DriveStrengthSet
                0x00003008       0xa4 ./gecko_sdk_3.2.1/platform/emlib/src/em_gpio.o
                0x00003008                GPIO_DriveStrengthSet
 .text.GPIO_PinModeSet
                0x000030ac      0x1b4 ./gecko_sdk_3.2.1/platform/emlib/src/em_gpio.o
                0x000030ac                GPIO_PinModeSet
 .text.I2C_IntClear
                0x00003260       0x12 ./gecko_sdk_3.2.1/platform/emlib/src/em_i2c.o
 *fill*         0x00003272        0x2 
 .text.BUS_RegBitWrite
                0x00003274       0x40 ./gecko_sdk_3.2.1/platform/emlib/src/em_i2c.o
 .text.BUS_RegMaskedWrite
                0x000032b4       0x34 ./gecko_sdk_3.2.1/platform/emlib/src/em_i2c.o
 .text.I2C_BusFreqSet
                0x000032e8      0x1b0 ./gecko_sdk_3.2.1/platform/emlib/src/em_i2c.o
                0x000032e8                I2C_BusFreqSet
 .text.I2C_Enable
                0x00003498       0x48 ./gecko_sdk_3.2.1/platform/emlib/src/em_i2c.o
                0x00003498                I2C_Enable
 .text.I2C_Init
                0x000034e0       0x7c ./gecko_sdk_3.2.1/platform/emlib/src/em_i2c.o
                0x000034e0                I2C_Init
 .text.regSync  0x0000355c       0x1c ./gecko_sdk_3.2.1/platform/emlib/src/em_letimer.o
 .text.LETIMER_CompareSet
                0x00003578       0x58 ./gecko_sdk_3.2.1/platform/emlib/src/em_letimer.o
                0x00003578                LETIMER_CompareSet
 .text.LETIMER_Enable
                0x000035d0       0x4c ./gecko_sdk_3.2.1/platform/emlib/src/em_letimer.o
                0x000035d0                LETIMER_Enable
 .text.LETIMER_Init
                0x0000361c      0x110 ./gecko_sdk_3.2.1/platform/emlib/src/em_letimer.o
                0x0000361c                LETIMER_Init
 .text.LEUART_Sync
                0x0000372c       0x28 ./gecko_sdk_3.2.1/platform/emlib/src/em_leuart.o
 .text.LEUART_BaudrateSet
                0x00003754       0x98 ./gecko_sdk_3.2.1/platform/emlib/src/em_leuart.o
                0x00003754                LEUART_BaudrateSet
 .text.LEUART_Enable
                0x000037ec       0x5c ./gecko_sdk_3.2.1/platform/emlib/src/em_leuart.o
                0x000037ec                LEUART_Enable
 .text.LEUART_FreezeEnable
                0x00003848       0x30 ./gecko_sdk_3.2.1/platform/emlib/src/em_leuart.o
                0x00003848                LEUART_FreezeEnable
 .text.LEUART_Init
                0x00003878       0x80 ./gecko_sdk_3.2.1/platform/emlib/src/em_leuart.o
                0x00003878                LEUART_Init
 .text.TIMER_Valid
                0x000038f8       0x48 ./gecko_sdk_3.2.1/platform/emlib/src/em_timer.o
 .text.TIMER_Init
                0x00003940       0xf8 ./gecko_sdk_3.2.1/platform/emlib/src/em_timer.o
                0x00003940                TIMER_Init
 .text.process_timer_irq
                0x00003a38      0x1ac ./gecko_sdk_3.2.1/platform/service/sleeptimer/src/sl_sleeptimer.o
                0x00003a38                process_timer_irq
 .text.delta_list_insert_timer
                0x00003be4       0xb0 ./gecko_sdk_3.2.1/platform/service/sleeptimer/src/sl_sleeptimer.o
 .text.delta_list_remove_timer
                0x00003c94       0x74 ./gecko_sdk_3.2.1/platform/service/sleeptimer/src/sl_sleeptimer.o
 .text.set_comparator_for_next_timer
                0x00003d08       0x34 ./gecko_sdk_3.2.1/platform/service/sleeptimer/src/sl_sleeptimer.o
 .text.update_first_timer_delta
                0x00003d3c       0x70 ./gecko_sdk_3.2.1/platform/service/sleeptimer/src/sl_sleeptimer.o
 .text.update_next_timer_to_expire_is_power_manager
                0x00003dac       0x58 ./gecko_sdk_3.2.1/platform/service/sleeptimer/src/sl_sleeptimer.o
 .text.RTCC_ChannelCompareValueGet
                0x00003e04       0x34 ./gecko_sdk_3.2.1/platform/service/sleeptimer/src/sl_sleeptimer_hal_rtcc.o
 .text.RTCC_ChannelCompareValueSet
                0x00003e38       0x38 ./gecko_sdk_3.2.1/platform/service/sleeptimer/src/sl_sleeptimer_hal_rtcc.o
 .text.RTCC_ChannelCCVGet
                0x00003e70       0x16 ./gecko_sdk_3.2.1/platform/service/sleeptimer/src/sl_sleeptimer_hal_rtcc.o
 .text.RTCC_ChannelCCVSet
                0x00003e86       0x18 ./gecko_sdk_3.2.1/platform/service/sleeptimer/src/sl_sleeptimer_hal_rtcc.o
 *fill*         0x00003e9e        0x2 
 .text.RTCC_CounterGet
                0x00003ea0        0xc ./gecko_sdk_3.2.1/platform/service/sleeptimer/src/sl_sleeptimer_hal_rtcc.o
 .text.RTCC_IntClear
                0x00003eac       0x14 ./gecko_sdk_3.2.1/platform/service/sleeptimer/src/sl_sleeptimer_hal_rtcc.o
 .text.RTCC_IntDisable
                0x00003ec0       0x1c ./gecko_sdk_3.2.1/platform/service/sleeptimer/src/sl_sleeptimer_hal_rtcc.o
 .text.RTCC_IntEnable
                0x00003edc       0x1c ./gecko_sdk_3.2.1/platform/service/sleeptimer/src/sl_sleeptimer_hal_rtcc.o
 .text.RTCC_IntGet
                0x00003ef8        0xc ./gecko_sdk_3.2.1/platform/service/sleeptimer/src/sl_sleeptimer_hal_rtcc.o
 .text.sleeptimer_hal_get_counter
                0x00003f04        0xc ./gecko_sdk_3.2.1/platform/service/sleeptimer/src/sl_sleeptimer_hal_rtcc.o
                0x00003f04                sleeptimer_hal_get_counter
 .text.sleeptimer_hal_get_compare
                0x00003f10        0xe ./gecko_sdk_3.2.1/platform/service/sleeptimer/src/sl_sleeptimer_hal_rtcc.o
                0x00003f10                sleeptimer_hal_get_compare
 *fill*         0x00003f1e        0x2 
 .text.sleeptimer_hal_set_compare
                0x00003f20       0x9c ./gecko_sdk_3.2.1/platform/service/sleeptimer/src/sl_sleeptimer_hal_rtcc.o
                0x00003f20                sleeptimer_hal_set_compare
 .text.sleeptimer_hal_enable_int
                0x00003fbc       0x44 ./gecko_sdk_3.2.1/platform/service/sleeptimer/src/sl_sleeptimer_hal_rtcc.o
                0x00003fbc                sleeptimer_hal_enable_int
 .text.sleeptimer_hal_disable_int
                0x00004000       0x60 ./gecko_sdk_3.2.1/platform/service/sleeptimer/src/sl_sleeptimer_hal_rtcc.o
                0x00004000                sleeptimer_hal_disable_int
 .text.RTCC_IRQHandler
                0x00004060       0x66 ./gecko_sdk_3.2.1/platform/service/sleeptimer/src/sl_sleeptimer_hal_rtcc.o
                0x00004060                RTCC_IRQHandler
 .text.get_time_diff
                0x000040c6       0x12 ./gecko_sdk_3.2.1/platform/service/sleeptimer/src/sl_sleeptimer_hal_rtcc.o
 .text.TIMER_Valid
                0x000040d8       0x48 ./src/Source Files/HW_delay.o
 .text.TIMER_Enable
                0x00004120       0x44 ./src/Source Files/HW_delay.o
 .text.timer_delay
                0x00004164       0xa4 ./src/Source Files/HW_delay.o
                0x00004164                timer_delay
 .text.BUS_RegMaskedSet
                0x00004208       0x1a ./src/Source Files/LEDs_thunderboard.o
 .text.BUS_RegMaskedClear
                0x00004222       0x1a ./src/Source Files/LEDs_thunderboard.o
 .text.GPIO_PinOutClear
                0x0000423c       0xe8 ./src/Source Files/LEDs_thunderboard.o
 .text.GPIO_PinOutSet
                0x00004324       0xe8 ./src/Source Files/LEDs_thunderboard.o
 .text.rgb_init
                0x0000440c       0x38 ./src/Source Files/LEDs_thunderboard.o
                0x0000440c                rgb_init
 .text.leds_enabled
                0x00004444      0x1ba ./src/Source Files/LEDs_thunderboard.o
                0x00004444                leds_enabled
 *fill*         0x000045fe        0x2 
 .text.Si1133_i2c_open
                0x00004600       0x58 ./src/Source Files/Si1133.o
                0x00004600                Si1133_i2c_open
 .text.Si1133_read
                0x00004658       0x34 ./src/Source Files/Si1133.o
                0x00004658                Si1133_read
 .text.Si1133_write
                0x0000468c       0x34 ./src/Source Files/Si1133.o
                0x0000468c                Si1133_write
 .text.si1133_pass_read
                0x000046c0       0x1c ./src/Source Files/Si1133.o
                0x000046c0                si1133_pass_read
 .text.si1133_configure
                0x000046dc      0x130 ./src/Source Files/Si1133.o
 .text.Si1133_force
                0x0000480c       0x2c ./src/Source Files/Si1133.o
                0x0000480c                Si1133_force
 .text.Si1133_ret_force
                0x00004838       0x18 ./src/Source Files/Si1133.o
                0x00004838                Si1133_ret_force
 .text.app_peripheral_setup
                0x00004850       0x50 ./src/Source Files/app.o
                0x00004850                app_peripheral_setup
 .text.app_letimer_pwm_open
                0x000048a0       0x68 ./src/Source Files/app.o
 .text.scheduled_letimer0_uf_cb
                0x00004908       0x28 ./src/Source Files/app.o
                0x00004908                scheduled_letimer0_uf_cb
 .text.scheduled_letimer0_comp0_cb
                0x00004930       0x14 ./src/Source Files/app.o
                0x00004930                scheduled_letimer0_comp0_cb
 .text.scheduled_letimer0_comp1_cb
                0x00004944       0x24 ./src/Source Files/app.o
                0x00004944                scheduled_letimer0_comp1_cb
 .text.scheduled_si1133_light_read_cb
                0x00004968       0x48 ./src/Source Files/app.o
                0x00004968                scheduled_si1133_light_read_cb
 .text.scheduled_boot_up_cb
                0x000049b0       0x4c ./src/Source Files/app.o
                0x000049b0                scheduled_boot_up_cb
 .text.ble_open
                0x000049fc       0x5c ./src/Source Files/ble.o
                0x000049fc                ble_open
 .text.ble_test
                0x00004a58      0x37c ./src/Source Files/ble.o
                0x00004a58                ble_test
 .text.cmu_open
                0x00004dd4       0x4c ./src/Source Files/cmu.o
                0x00004dd4                cmu_open
 .text.gpio_open
                0x00004e20       0xf0 ./src/Source Files/gpio.o
                0x00004e20                gpio_open
 .text.__NVIC_EnableIRQ
                0x00004f10       0x34 ./src/Source Files/i2c.o
 .text.i2c_bus_reset
                0x00004f44       0x5c ./src/Source Files/i2c.o
 .text.i2c_open
                0x00004fa0       0xfc ./src/Source Files/i2c.o
                0x00004fa0                i2c_open
 .text.i2c_start
                0x0000509c      0x108 ./src/Source Files/i2c.o
                0x0000509c                i2c_start
 .text.i2c_ack  0x000051a4      0x10c ./src/Source Files/i2c.o
 .text.i2c_rxdata
                0x000052b0       0x88 ./src/Source Files/i2c.o
 .text.i2c_mstop
                0x00005338       0x4c ./src/Source Files/i2c.o
 .text.I2C1_IRQHandler
                0x00005384       0x74 ./src/Source Files/i2c.o
                0x00005384                I2C1_IRQHandler
 .text.I2C0_IRQHandler
                0x000053f8       0x74 ./src/Source Files/i2c.o
                0x000053f8                I2C0_IRQHandler
 .text.isSM1Busy
                0x0000546c       0x10 ./src/Source Files/i2c.o
                0x0000546c                isSM1Busy
 .text.__NVIC_EnableIRQ
                0x0000547c       0x34 ./src/Source Files/letimer.o
 .text.LETIMER_IntClear
                0x000054b0       0x12 ./src/Source Files/letimer.o
 .text.LETIMER_IntEnable
                0x000054c2       0x18 ./src/Source Files/letimer.o
 *fill*         0x000054da        0x2 
 .text.LETIMER0_IRQHandler
                0x000054dc       0xac ./src/Source Files/letimer.o
                0x000054dc                LETIMER0_IRQHandler
 .text.letimer_pwm_open
                0x00005588      0x198 ./src/Source Files/letimer.o
                0x00005588                letimer_pwm_open
 .text.letimer_start
                0x00005720       0x7a ./src/Source Files/letimer.o
                0x00005720                letimer_start
 *fill*         0x0000579a        0x2 
 .text.__NVIC_EnableIRQ
                0x0000579c       0x34 ./src/Source Files/leuart.o
 .text.leuart_open
                0x000057d0      0x164 ./src/Source Files/leuart.o
                0x000057d0                leuart_open
 .text.LEUART0_IRQHandler
                0x00005934        0x4 ./src/Source Files/leuart.o
                0x00005934                LEUART0_IRQHandler
 .text.leuart_status
                0x00005938       0x12 ./src/Source Files/leuart.o
                0x00005938                leuart_status
 .text.leuart_cmd_write
                0x0000594a       0x1e ./src/Source Files/leuart.o
                0x0000594a                leuart_cmd_write
 .text.leuart_if_reset
                0x00005968       0x12 ./src/Source Files/leuart.o
                0x00005968                leuart_if_reset
 .text.leuart_app_transmit_byte
                0x0000597a       0x26 ./src/Source Files/leuart.o
                0x0000597a                leuart_app_transmit_byte
 .text.leuart_app_receive_byte
                0x000059a0       0x24 ./src/Source Files/leuart.o
                0x000059a0                leuart_app_receive_byte
 .text.scheduler_open
                0x000059c4       0x10 ./src/Source Files/scheduler.o
                0x000059c4                scheduler_open
 .text.add_scheduled_event
                0x000059d4       0x2c ./src/Source Files/scheduler.o
                0x000059d4                add_scheduled_event
 .text.remove_scheduled_event
                0x00005a00       0x2c ./src/Source Files/scheduler.o
                0x00005a00                remove_scheduled_event
 .text.get_scheduled_events
                0x00005a2c        0xc ./src/Source Files/scheduler.o
                0x00005a2c                get_scheduled_events
 .text.EMU_EnterEM1
                0x00005a38       0x18 ./src/Source Files/sleep_routines.o
 .text.sleep_open
                0x00005a50       0x2c ./src/Source Files/sleep_routines.o
                0x00005a50                sleep_open
 .text.sleep_block_mode
                0x00005a7c       0x48 ./src/Source Files/sleep_routines.o
                0x00005a7c                sleep_block_mode
 .text.sleep_unblock_mode
                0x00005ac4       0x48 ./src/Source Files/sleep_routines.o
                0x00005ac4                sleep_unblock_mode
 .text.enter_sleep
                0x00005b0c       0x50 ./src/Source Files/sleep_routines.o
                0x00005b0c                enter_sleep
 .text.SYSTEM_GetProdRev
                0x00005b5c       0x10 ./src/main.o
 .text.CHIP_Init
                0x00005b6c       0x94 ./src/main.o
 .text.main     0x00005c00      0x12c ./src/main.o
                0x00005c00                main
 .text.exit     0x00005d2c       0x28 c:/siliconlabs/simplicitystudio/v5/developer/toolchains/gnu_arm/10.2_2020q4/bin/../lib/gcc/arm-none-eabi/10.2.1/../../../../arm-none-eabi/lib/thumb/v7e-m+fp/softfp\libc_nano.a(lib_a-exit.o)
                0x00005d2c                exit
 .text.__libc_init_array
                0x00005d54       0x48 c:/siliconlabs/simplicitystudio/v5/developer/toolchains/gnu_arm/10.2_2020q4/bin/../lib/gcc/arm-none-eabi/10.2.1/../../../../arm-none-eabi/lib/thumb/v7e-m+fp/softfp\libc_nano.a(lib_a-init.o)
                0x00005d54                __libc_init_array
 .text.memset   0x00005d9c       0x10 c:/siliconlabs/simplicitystudio/v5/developer/toolchains/gnu_arm/10.2_2020q4/bin/../lib/gcc/arm-none-eabi/10.2.1/../../../../arm-none-eabi/lib/thumb/v7e-m+fp/softfp\libc_nano.a(lib_a-memset.o)
                0x00005d9c                memset
 .text.strcat   0x00005dac       0x1e c:/siliconlabs/simplicitystudio/v5/developer/toolchains/gnu_arm/10.2_2020q4/bin/../lib/gcc/arm-none-eabi/10.2.1/../../../../arm-none-eabi/lib/thumb/v7e-m+fp/softfp\libc_nano.a(lib_a-strcat.o)
                0x00005dac                strcat
 .text          0x00005dca       0x10 c:/siliconlabs/simplicitystudio/v5/developer/toolchains/gnu_arm/10.2_2020q4/bin/../lib/gcc/arm-none-eabi/10.2.1/../../../../arm-none-eabi/lib/thumb/v7e-m+fp/softfp\libc_nano.a(lib_a-strlen.o)
                0x00005dca                strlen
 *fill*         0x00005dda        0x2 
 .text._exit    0x00005ddc        0x4 c:/siliconlabs/simplicitystudio/v5/developer/toolchains/gnu_arm/10.2_2020q4/bin/../lib/gcc/arm-none-eabi/10.2.1/../../../../arm-none-eabi/lib/thumb/v7e-m+fp/softfp\libnosys.a(_exit.o)
                0x00005ddc                _exit
                0x00005de0                linker_code_end = .
 *(.init)
 .init          0x00005de0        0x4 c:/siliconlabs/simplicitystudio/v5/developer/toolchains/gnu_arm/10.2_2020q4/bin/../lib/gcc/arm-none-eabi/10.2.1/thumb/v7e-m+fp/softfp/crti.o
                0x00005de0                _init
 .init          0x00005de4        0x8 c:/siliconlabs/simplicitystudio/v5/developer/toolchains/gnu_arm/10.2_2020q4/bin/../lib/gcc/arm-none-eabi/10.2.1/thumb/v7e-m+fp/softfp/crtn.o
 *(.fini)
 .fini          0x00005dec        0x4 c:/siliconlabs/simplicitystudio/v5/developer/toolchains/gnu_arm/10.2_2020q4/bin/../lib/gcc/arm-none-eabi/10.2.1/thumb/v7e-m+fp/softfp/crti.o
                0x00005dec                _fini
 .fini          0x00005df0        0x8 c:/siliconlabs/simplicitystudio/v5/developer/toolchains/gnu_arm/10.2_2020q4/bin/../lib/gcc/arm-none-eabi/10.2.1/thumb/v7e-m+fp/softfp/crtn.o
 .fini.__stub   0x00005df8        0x8 linker stubs
 *crtbegin.o(.ctors)
 *crtbegin?.o(.ctors)
 *(EXCLUDE_FILE(*crtend.o *crtend?.o) .ctors)
 *(SORT_BY_NAME(.ctors.*))
 *(.ctors)
 *crtbegin.o(.dtors)
 *crtbegin?.o(.dtors)
 *(EXCLUDE_FILE(*crtend.o *crtend?.o) .dtors)
 *(SORT_BY_NAME(.dtors.*))
 *(.dtors)
 *(.rodata*)
 .rodata        0x00005e00      0x193 ./gecko_sdk_3.2.1/platform/emlib/src/em_cmu.o
 *fill*         0x00005f93        0x1 
 .rodata.flashWsTable
                0x00005f94       0x28 ./gecko_sdk_3.2.1/platform/emlib/src/em_cmu.o
 .rodata        0x00005fbc       0xcb ./gecko_sdk_3.2.1/platform/emlib/src/em_emu.o
 *fill*         0x00006087        0x1 
 .rodata        0x00006088      0x12c ./gecko_sdk_3.2.1/platform/emlib/src/em_gpio.o
 .rodata        0x000061b4       0x93 ./gecko_sdk_3.2.1/platform/emlib/src/em_i2c.o
 *fill*         0x00006247        0x1 
 .rodata.i2cNSum
                0x00006248        0x4 ./gecko_sdk_3.2.1/platform/emlib/src/em_i2c.o
 .rodata        0x0000624c       0x33 ./gecko_sdk_3.2.1/platform/emlib/src/em_letimer.o
 *fill*         0x0000627f        0x1 
 .rodata        0x00006280       0x32 ./gecko_sdk_3.2.1/platform/emlib/src/em_leuart.o
 *fill*         0x000062b2        0x2 
 .rodata        0x000062b4       0x99 ./gecko_sdk_3.2.1/platform/emlib/src/em_timer.o
 *fill*         0x0000634d        0x3 
 .rodata        0x00006350      0x143 ./gecko_sdk_3.2.1/platform/service/sleeptimer/src/sl_sleeptimer_hal_rtcc.o
 *fill*         0x00006493        0x1 
 .rodata        0x00006494       0x65 ./src/Source Files/HW_delay.o
 *fill*         0x000064f9        0x3 
 .rodata        0x000064fc       0x64 ./src/Source Files/LEDs_thunderboard.o
 .rodata        0x00006560       0x1d ./src/Source Files/Si1133.o
 *fill*         0x0000657d        0x3 
 .rodata        0x00006580       0x26 ./src/Source Files/app.o
 *fill*         0x000065a6        0x2 
 .rodata        0x000065a8      0x15c ./src/Source Files/ble.o
 .rodata        0x00006704       0x1a ./src/Source Files/i2c.o
 *fill*         0x0000671e        0x2 
 .rodata        0x00006720       0x1e ./src/Source Files/letimer.o
 *fill*         0x0000673e        0x2 
 .rodata        0x00006740       0x1d ./src/Source Files/leuart.o
 *fill*         0x0000675d        0x3 
 .rodata        0x00006760       0x25 ./src/Source Files/sleep_routines.o
 *fill*         0x00006785        0x3 
 .rodata        0x00006788       0x32 ./src/main.o
 *fill*         0x000067ba        0x2 
 .rodata._global_impure_ptr
                0x000067bc        0x4 c:/siliconlabs/simplicitystudio/v5/developer/toolchains/gnu_arm/10.2_2020q4/bin/../lib/gcc/arm-none-eabi/10.2.1/../../../../arm-none-eabi/lib/thumb/v7e-m+fp/softfp\libc_nano.a(lib_a-impure.o)
                0x000067bc                _global_impure_ptr
 *(.eh_frame*)
 .eh_frame      0x000067c0        0x0 c:/siliconlabs/simplicitystudio/v5/developer/toolchains/gnu_arm/10.2_2020q4/bin/../lib/gcc/arm-none-eabi/10.2.1/thumb/v7e-m+fp/softfp/crtbegin.o

.glue_7         0x000067c0        0x0
 .glue_7        0x000067c0        0x0 linker stubs

.glue_7t        0x000067c0        0x0
 .glue_7t       0x000067c0        0x0 linker stubs

.vfp11_veneer   0x000067c0        0x0
 .vfp11_veneer  0x000067c0        0x0 linker stubs

.v4_bx          0x000067c0        0x0
 .v4_bx         0x000067c0        0x0 linker stubs

.iplt           0x000067c0        0x0
 .iplt          0x000067c0        0x0 c:/siliconlabs/simplicitystudio/v5/developer/toolchains/gnu_arm/10.2_2020q4/bin/../lib/gcc/arm-none-eabi/10.2.1/thumb/v7e-m+fp/softfp/crtbegin.o

.ARM.extab
 *(.ARM.extab* .gnu.linkonce.armextab.*)
                0x000067c0                __exidx_start = .

.ARM.exidx      0x000067c0        0x8
 *(.ARM.exidx* .gnu.linkonce.armexidx.*)
 .ARM.exidx     0x000067c0        0x8 c:/siliconlabs/simplicitystudio/v5/developer/toolchains/gnu_arm/10.2_2020q4/bin/../lib/gcc/arm-none-eabi/10.2.1/../../../../arm-none-eabi/lib/thumb/v7e-m+fp/softfp/crt0.o
                                 0x10 (size before relaxing)
                0x000067c8                __exidx_end = .
                0x000067c8                __etext = .

.rel.dyn        0x000067c8        0x0
 .rel.iplt      0x000067c8        0x0 c:/siliconlabs/simplicitystudio/v5/developer/toolchains/gnu_arm/10.2_2020q4/bin/../lib/gcc/arm-none-eabi/10.2.1/thumb/v7e-m+fp/softfp/crtbegin.o
                0x20000000                . = ORIGIN (RAM)

.stack          0x20000000     0x1000
                0x20000000                __StackLimit = .
 *(.stack*)
 .stack         0x20000000        0x0 ./gecko_sdk_3.2.1/platform/Device/SiliconLabs/EFR32MG12P/Source/GCC/startup_efr32mg12p.o
 .stack         0x20000000     0x1000 ./gecko_sdk_3.2.1/platform/common/toolchain/src/sl_memory.o
                0x20001000                . = ALIGN (0x4)
                0x20001000                __StackTop = .
                0x20001000                PROVIDE (__stack = __StackTop)

.noinit
 *(.noinit*)

.data           0x20001000       0xa0 load address 0x000067c8
                0x20001000                . = ALIGN (0x4)
                0x20001000                __data_start__ = .
 *(vtable)
 *(.data*)
 .data.SystemHFXOClock
                0x20001000        0x4 ./gecko_sdk_3.2.1/platform/Device/SiliconLabs/EFR32MG12P/Source/system_efr32mg12p.o
 .data.SystemLFXOClock
                0x20001004        0x4 ./gecko_sdk_3.2.1/platform/Device/SiliconLabs/EFR32MG12P/Source/system_efr32mg12p.o
 .data.SystemCoreClock
                0x20001008        0x4 ./gecko_sdk_3.2.1/platform/Device/SiliconLabs/EFR32MG12P/Source/system_efr32mg12p.o
                0x20001008                SystemCoreClock
 .data.SystemHfrcoFreq
                0x2000100c        0x4 ./gecko_sdk_3.2.1/platform/Device/SiliconLabs/EFR32MG12P/Source/system_efr32mg12p.o
                0x2000100c                SystemHfrcoFreq
 .data.auxHfrcoFreq
                0x20001010        0x4 ./gecko_sdk_3.2.1/platform/emlib/src/em_cmu.o
 .data.cc_disabled
                0x20001014        0x1 ./gecko_sdk_3.2.1/platform/service/sleeptimer/src/sl_sleeptimer_hal_rtcc.o
 *fill*         0x20001015        0x3 
 .data.impure_data
                0x20001018       0x60 c:/siliconlabs/simplicitystudio/v5/developer/toolchains/gnu_arm/10.2_2020q4/bin/../lib/gcc/arm-none-eabi/10.2.1/../../../../arm-none-eabi/lib/thumb/v7e-m+fp/softfp\libc_nano.a(lib_a-impure.o)
                0x20001078                . = ALIGN (0x4)
                [!provide]                PROVIDE (__ram_func_section_start = .)
 *(.ram)
 .ram           0x20001078       0x20 ./gecko_sdk_3.2.1/platform/emlib/src/em_emu.o
                [!provide]                PROVIDE (__ram_func_section_end = .)
                0x20001098                . = ALIGN (0x4)
                0x20001098                PROVIDE (__preinit_array_start = .)
 *(.preinit_array)
                0x20001098                PROVIDE (__preinit_array_end = .)
                0x20001098                . = ALIGN (0x4)
                0x20001098                PROVIDE (__init_array_start = .)
 *(SORT_BY_NAME(.init_array.*))
 *(.init_array)
 .init_array    0x20001098        0x4 c:/siliconlabs/simplicitystudio/v5/developer/toolchains/gnu_arm/10.2_2020q4/bin/../lib/gcc/arm-none-eabi/10.2.1/thumb/v7e-m+fp/softfp/crtbegin.o
                0x2000109c                PROVIDE (__init_array_end = .)
                0x2000109c                . = ALIGN (0x4)
                [!provide]                PROVIDE (__fini_array_start = .)
 *(SORT_BY_NAME(.fini_array.*))
 *(.fini_array)
 .fini_array    0x2000109c        0x4 c:/siliconlabs/simplicitystudio/v5/developer/toolchains/gnu_arm/10.2_2020q4/bin/../lib/gcc/arm-none-eabi/10.2.1/thumb/v7e-m+fp/softfp/crtbegin.o
                [!provide]                PROVIDE (__fini_array_end = .)
                0x200010a0                . = ALIGN (0x4)
                0x200010a0                __data_end__ = .

.igot.plt       0x200010a0        0x0 load address 0x00006868
 .igot.plt      0x200010a0        0x0 c:/siliconlabs/simplicitystudio/v5/developer/toolchains/gnu_arm/10.2_2020q4/bin/../lib/gcc/arm-none-eabi/10.2.1/thumb/v7e-m+fp/softfp/crtbegin.o

.bss            0x200010a0       0xc4 load address 0x00006868
                0x200010a0                . = ALIGN (0x4)
                0x200010a0                __bss_start__ = .
 *(.bss*)
 .bss           0x200010a0       0x1c c:/siliconlabs/simplicitystudio/v5/developer/toolchains/gnu_arm/10.2_2020q4/bin/../lib/gcc/arm-none-eabi/10.2.1/thumb/v7e-m+fp/softfp/crtbegin.o
 .bss.dcdcMaxCurrent_mA
                0x200010bc        0x2 ./gecko_sdk_3.2.1/platform/emlib/src/em_emu.o
 .bss.dcdcEm01LoadCurrent_mA
                0x200010be        0x2 ./gecko_sdk_3.2.1/platform/emlib/src/em_emu.o
 .bss.dcdcReverseCurrentControl
                0x200010c0        0x2 ./gecko_sdk_3.2.1/platform/emlib/src/em_emu.o
 *fill*         0x200010c2        0x2 
 .bss.vScaleEM01Config
                0x200010c4        0x1 ./gecko_sdk_3.2.1/platform/emlib/src/em_emu.o
 *fill*         0x200010c5        0x3 
 .bss.cmuStatus.3
                0x200010c8        0x4 ./gecko_sdk_3.2.1/platform/emlib/src/em_emu.o
 .bss.hfClock.2
                0x200010cc        0x1 ./gecko_sdk_3.2.1/platform/emlib/src/em_emu.o
 .bss.vScaleStatus.1
                0x200010cd        0x1 ./gecko_sdk_3.2.1/platform/emlib/src/em_emu.o
 *fill*         0x200010ce        0x2 
 .bss.hfrcoCtrl.0
                0x200010d0        0x4 ./gecko_sdk_3.2.1/platform/emlib/src/em_emu.o
 .bss.overflow_counter
                0x200010d4        0x2 ./gecko_sdk_3.2.1/platform/service/sleeptimer/src/sl_sleeptimer.o
 *fill*         0x200010d6        0x2 
 .bss.timer_head
                0x200010d8        0x4 ./gecko_sdk_3.2.1/platform/service/sleeptimer/src/sl_sleeptimer.o
 .bss.last_delta_update_count
                0x200010dc        0x4 ./gecko_sdk_3.2.1/platform/service/sleeptimer/src/sl_sleeptimer.o
 .bss.next_timer_to_expire_is_power_manager
                0x200010e0        0x1 ./gecko_sdk_3.2.1/platform/service/sleeptimer/src/sl_sleeptimer.o
 .bss.sleep_on_isr_exit
                0x200010e1        0x1 ./gecko_sdk_3.2.1/platform/service/sleeptimer/src/sl_sleeptimer.o
 .bss.rgb_enabled_status
                0x200010e2        0x1 ./src/Source Files/LEDs_thunderboard.o
                0x200010e2                rgb_enabled_status
 *fill*         0x200010e3        0x1 
 .bss.si1133_read_result
                0x200010e4        0x4 ./src/Source Files/Si1133.o
 .bss.si1133_write_data
                0x200010e8        0x4 ./src/Source Files/Si1133.o
 .bss.LED_COLOR
                0x200010ec        0x4 ./src/Source Files/app.o
 .bss.stateMachine0
                0x200010f0       0x24 ./src/Source Files/i2c.o
 .bss.stateMachine1
                0x20001114       0x24 ./src/Source Files/i2c.o
 .bss.scheduled_comp0_cb
                0x20001138        0x4 ./src/Source Files/letimer.o
 .bss.scheduled_comp1_cb
                0x2000113c        0x4 ./src/Source Files/letimer.o
 .bss.scheduled_uf_cb
                0x20001140        0x4 ./src/Source Files/letimer.o
 .bss.rx_done_evt
                0x20001144        0x4 ./src/Source Files/leuart.o
                0x20001144                rx_done_evt
 .bss.tx_done_evt
                0x20001148        0x4 ./src/Source Files/leuart.o
                0x20001148                tx_done_evt
 .bss.event_scheduled
                0x2000114c        0x4 ./src/Source Files/scheduler.o
 .bss.lowest_energy_mode
                0x20001150       0x14 ./src/Source Files/sleep_routines.o
 *(COMMON)
                0x20001164                . = ALIGN (0x4)
                0x20001164                __bss_end__ = .

.heap           0x20001168    0x3ee98
                0x20001168                __HeapBase = .
                0x20001168                __end__ = .
                0x20001168                end = __end__
                0x20001168                _end = __end__
 *(.heap*)
 .heap          0x20001168      0x800 ./gecko_sdk_3.2.1/platform/common/toolchain/src/sl_memory.o
                0x20040000                . = (ORIGIN (RAM) + LENGTH (RAM))
 *fill*         0x20001968    0x3e698 
                0x20040000                __HeapLimit = .
                0x0003ee98                __heap_size = (__HeapLimit - __HeapBase)
                0x00100000                __main_flash_end__ = 0x100000

.internal_storage
                0x000067c8        0x0
 *(.internal_storage*)

.nvm            0x000067c8        0x0
 *(.simee*)
                0x00100000                linker_nvm_end = __main_flash_end__
                0x00100000                linker_nvm_begin = (linker_nvm_end - SIZEOF (.nvm))
                0x00000000                linker_nvm_size = SIZEOF (.nvm)
                0x00100000                linker_storage_end = linker_nvm_begin
                0x00100000                linker_storage_begin = (linker_storage_end - SIZEOF (.internal_storage))
                0x00000000                linker_storage_size = SIZEOF (.internal_storage)
                0x00100000                __nvm3Base = linker_nvm_begin
OUTPUT(WS_2370_TS2_UART_Lab6.axf elf32-littlearm)
LOAD linker stubs

.ARM.attributes
                0x00000000       0x2e
 .ARM.attributes
                0x00000000       0x1e c:/siliconlabs/simplicitystudio/v5/developer/toolchains/gnu_arm/10.2_2020q4/bin/../lib/gcc/arm-none-eabi/10.2.1/thumb/v7e-m+fp/softfp/crti.o
 .ARM.attributes
                0x0000001e       0x32 c:/siliconlabs/simplicitystudio/v5/developer/toolchains/gnu_arm/10.2_2020q4/bin/../lib/gcc/arm-none-eabi/10.2.1/thumb/v7e-m+fp/softfp/crtbegin.o
 .ARM.attributes
                0x00000050       0x1c c:/siliconlabs/simplicitystudio/v5/developer/toolchains/gnu_arm/10.2_2020q4/bin/../lib/gcc/arm-none-eabi/10.2.1/../../../../arm-none-eabi/lib/thumb/v7e-m+fp/softfp/crt0.o
 .ARM.attributes
                0x0000006c       0x32 ./gecko_sdk_3.2.1/platform/Device/SiliconLabs/EFR32MG12P/Source/GCC/startup_efr32mg12p.o
 .ARM.attributes
                0x0000009e       0x32 ./gecko_sdk_3.2.1/platform/Device/SiliconLabs/EFR32MG12P/Source/system_efr32mg12p.o
 .ARM.attributes
                0x000000d0       0x32 ./gecko_sdk_3.2.1/platform/common/toolchain/src/sl_memory.o
 .ARM.attributes
                0x00000102       0x32 ./gecko_sdk_3.2.1/platform/emlib/src/em_assert.o
 .ARM.attributes
                0x00000134       0x32 ./gecko_sdk_3.2.1/platform/emlib/src/em_cmu.o
 .ARM.attributes
                0x00000166       0x32 ./gecko_sdk_3.2.1/platform/emlib/src/em_core.o
 .ARM.attributes
                0x00000198       0x32 ./gecko_sdk_3.2.1/platform/emlib/src/em_emu.o
 .ARM.attributes
                0x000001ca       0x32 ./gecko_sdk_3.2.1/platform/emlib/src/em_gpio.o
 .ARM.attributes
                0x000001fc       0x32 ./gecko_sdk_3.2.1/platform/emlib/src/em_i2c.o
 .ARM.attributes
                0x0000022e       0x32 ./gecko_sdk_3.2.1/platform/emlib/src/em_letimer.o
 .ARM.attributes
                0x00000260       0x32 ./gecko_sdk_3.2.1/platform/emlib/src/em_leuart.o
 .ARM.attributes
                0x00000292       0x32 ./gecko_sdk_3.2.1/platform/emlib/src/em_timer.o
 .ARM.attributes
                0x000002c4       0x32 ./gecko_sdk_3.2.1/platform/service/sleeptimer/src/sl_sleeptimer.o
 .ARM.attributes
                0x000002f6       0x32 ./gecko_sdk_3.2.1/platform/service/sleeptimer/src/sl_sleeptimer_hal_rtcc.o
 .ARM.attributes
                0x00000328       0x32 ./src/Source Files/HW_delay.o
 .ARM.attributes
                0x0000035a       0x32 ./src/Source Files/LEDs_thunderboard.o
 .ARM.attributes
                0x0000038c       0x32 ./src/Source Files/Si1133.o
 .ARM.attributes
                0x000003be       0x32 ./src/Source Files/app.o
 .ARM.attributes
                0x000003f0       0x32 ./src/Source Files/ble.o
 .ARM.attributes
                0x00000422       0x32 ./src/Source Files/cmu.o
 .ARM.attributes
                0x00000454       0x32 ./src/Source Files/gpio.o
 .ARM.attributes
                0x00000486       0x32 ./src/Source Files/i2c.o
 .ARM.attributes
                0x000004b8       0x32 ./src/Source Files/letimer.o
 .ARM.attributes
                0x000004ea       0x32 ./src/Source Files/leuart.o
 .ARM.attributes
                0x0000051c       0x32 ./src/Source Files/scheduler.o
 .ARM.attributes
                0x0000054e       0x32 ./src/Source Files/sleep_routines.o
 .ARM.attributes
                0x00000580       0x32 ./src/main.o
 .ARM.attributes
                0x000005b2       0x32 c:/siliconlabs/simplicitystudio/v5/developer/toolchains/gnu_arm/10.2_2020q4/bin/../lib/gcc/arm-none-eabi/10.2.1/../../../../arm-none-eabi/lib/thumb/v7e-m+fp/softfp\libc_nano.a(lib_a-exit.o)
 .ARM.attributes
                0x000005e4       0x30 c:/siliconlabs/simplicitystudio/v5/developer/toolchains/gnu_arm/10.2_2020q4/bin/../lib/gcc/arm-none-eabi/10.2.1/../../../../arm-none-eabi/lib/thumb/v7e-m+fp/softfp\libc_nano.a(lib_a-impure.o)
 .ARM.attributes
                0x00000614       0x32 c:/siliconlabs/simplicitystudio/v5/developer/toolchains/gnu_arm/10.2_2020q4/bin/../lib/gcc/arm-none-eabi/10.2.1/../../../../arm-none-eabi/lib/thumb/v7e-m+fp/softfp\libc_nano.a(lib_a-init.o)
 .ARM.attributes
                0x00000646       0x32 c:/siliconlabs/simplicitystudio/v5/developer/toolchains/gnu_arm/10.2_2020q4/bin/../lib/gcc/arm-none-eabi/10.2.1/../../../../arm-none-eabi/lib/thumb/v7e-m+fp/softfp\libc_nano.a(lib_a-memset.o)
 .ARM.attributes
                0x00000678       0x32 c:/siliconlabs/simplicitystudio/v5/developer/toolchains/gnu_arm/10.2_2020q4/bin/../lib/gcc/arm-none-eabi/10.2.1/../../../../arm-none-eabi/lib/thumb/v7e-m+fp/softfp\libc_nano.a(lib_a-strcat.o)
 .ARM.attributes
                0x000006aa       0x17 c:/siliconlabs/simplicitystudio/v5/developer/toolchains/gnu_arm/10.2_2020q4/bin/../lib/gcc/arm-none-eabi/10.2.1/../../../../arm-none-eabi/lib/thumb/v7e-m+fp/softfp\libc_nano.a(lib_a-strlen.o)
 .ARM.attributes
                0x000006c1       0x32 c:/siliconlabs/simplicitystudio/v5/developer/toolchains/gnu_arm/10.2_2020q4/bin/../lib/gcc/arm-none-eabi/10.2.1/../../../../arm-none-eabi/lib/thumb/v7e-m+fp/softfp\libnosys.a(_exit.o)
 .ARM.attributes
                0x000006f3       0x1e c:/siliconlabs/simplicitystudio/v5/developer/toolchains/gnu_arm/10.2_2020q4/bin/../lib/gcc/arm-none-eabi/10.2.1/thumb/v7e-m+fp/softfp/crtn.o

.comment        0x00000000       0x4d
 .comment       0x00000000       0x4d ./gecko_sdk_3.2.1/platform/Device/SiliconLabs/EFR32MG12P/Source/GCC/startup_efr32mg12p.o
                                 0x4e (size before relaxing)
 .comment       0x0000004d       0x4e ./gecko_sdk_3.2.1/platform/Device/SiliconLabs/EFR32MG12P/Source/system_efr32mg12p.o
 .comment       0x0000004d       0x4e ./gecko_sdk_3.2.1/platform/common/toolchain/src/sl_memory.o
 .comment       0x0000004d       0x4e ./gecko_sdk_3.2.1/platform/emlib/src/em_assert.o
 .comment       0x0000004d       0x4e ./gecko_sdk_3.2.1/platform/emlib/src/em_cmu.o
 .comment       0x0000004d       0x4e ./gecko_sdk_3.2.1/platform/emlib/src/em_core.o
 .comment       0x0000004d       0x4e ./gecko_sdk_3.2.1/platform/emlib/src/em_emu.o
 .comment       0x0000004d       0x4e ./gecko_sdk_3.2.1/platform/emlib/src/em_gpio.o
 .comment       0x0000004d       0x4e ./gecko_sdk_3.2.1/platform/emlib/src/em_i2c.o
 .comment       0x0000004d       0x4e ./gecko_sdk_3.2.1/platform/emlib/src/em_letimer.o
 .comment       0x0000004d       0x4e ./gecko_sdk_3.2.1/platform/emlib/src/em_leuart.o
 .comment       0x0000004d       0x4e ./gecko_sdk_3.2.1/platform/emlib/src/em_timer.o
 .comment       0x0000004d       0x4e ./gecko_sdk_3.2.1/platform/service/sleeptimer/src/sl_sleeptimer.o
 .comment       0x0000004d       0x4e ./gecko_sdk_3.2.1/platform/service/sleeptimer/src/sl_sleeptimer_hal_rtcc.o
 .comment       0x0000004d       0x4e ./src/Source Files/HW_delay.o
 .comment       0x0000004d       0x4e ./src/Source Files/LEDs_thunderboard.o
 .comment       0x0000004d       0x4e ./src/Source Files/Si1133.o
 .comment       0x0000004d       0x4e ./src/Source Files/app.o
 .comment       0x0000004d       0x4e ./src/Source Files/ble.o
 .comment       0x0000004d       0x4e ./src/Source Files/cmu.o
 .comment       0x0000004d       0x4e ./src/Source Files/gpio.o
 .comment       0x0000004d       0x4e ./src/Source Files/i2c.o
 .comment       0x0000004d       0x4e ./src/Source Files/letimer.o
 .comment       0x0000004d       0x4e ./src/Source Files/leuart.o
 .comment       0x0000004d       0x4e ./src/Source Files/scheduler.o
 .comment       0x0000004d       0x4e ./src/Source Files/sleep_routines.o
 .comment       0x0000004d       0x4e ./src/main.o

.debug_info     0x00000000    0x10f8a
 .debug_info    0x00000000      0x214 ./gecko_sdk_3.2.1/platform/Device/SiliconLabs/EFR32MG12P/Source/GCC/startup_efr32mg12p.o
 .debug_info    0x00000214      0x991 ./gecko_sdk_3.2.1/platform/Device/SiliconLabs/EFR32MG12P/Source/system_efr32mg12p.o
 .debug_info    0x00000ba5      0x1f8 ./gecko_sdk_3.2.1/platform/common/toolchain/src/sl_memory.o
 .debug_info    0x00000d9d       0x81 ./gecko_sdk_3.2.1/platform/emlib/src/em_assert.o
 .debug_info    0x00000e1e     0x26d0 ./gecko_sdk_3.2.1/platform/emlib/src/em_cmu.o
 .debug_info    0x000034ee      0xe3e ./gecko_sdk_3.2.1/platform/emlib/src/em_core.o
 .debug_info    0x0000432c     0x2816 ./gecko_sdk_3.2.1/platform/emlib/src/em_emu.o
 .debug_info    0x00006b42      0xae2 ./gecko_sdk_3.2.1/platform/emlib/src/em_gpio.o
 .debug_info    0x00007624      0x9eb ./gecko_sdk_3.2.1/platform/emlib/src/em_i2c.o
 .debug_info    0x0000800f      0x687 ./gecko_sdk_3.2.1/platform/emlib/src/em_letimer.o
 .debug_info    0x00008696      0x8ea ./gecko_sdk_3.2.1/platform/emlib/src/em_leuart.o
 .debug_info    0x00008f80      0xa1b ./gecko_sdk_3.2.1/platform/emlib/src/em_timer.o
 .debug_info    0x0000999b      0xc3b ./gecko_sdk_3.2.1/platform/service/sleeptimer/src/sl_sleeptimer.o
 .debug_info    0x0000a5d6      0xebd ./gecko_sdk_3.2.1/platform/service/sleeptimer/src/sl_sleeptimer_hal_rtcc.o
 .debug_info    0x0000b493      0x705 ./src/Source Files/HW_delay.o
 .debug_info    0x0000bb98      0x4d9 ./src/Source Files/LEDs_thunderboard.o
 .debug_info    0x0000c071      0x41b ./src/Source Files/Si1133.o
 .debug_info    0x0000c48c      0x3fd ./src/Source Files/app.o
 .debug_info    0x0000c889      0x69c ./src/Source Files/ble.o
 .debug_info    0x0000cf25      0x2d1 ./src/Source Files/cmu.o
 .debug_info    0x0000d1f6      0x317 ./src/Source Files/gpio.o
 .debug_info    0x0000d50d      0xb34 ./src/Source Files/i2c.o
 .debug_info    0x0000e041      0xa43 ./src/Source Files/letimer.o
 .debug_info    0x0000ea84      0xbe1 ./src/Source Files/leuart.o
 .debug_info    0x0000f665      0x156 ./src/Source Files/scheduler.o
 .debug_info    0x0000f7bb      0x3e2 ./src/Source Files/sleep_routines.o
 .debug_info    0x0000fb9d     0x13ed ./src/main.o

.debug_abbrev   0x00000000     0x2f79
 .debug_abbrev  0x00000000      0x137 ./gecko_sdk_3.2.1/platform/Device/SiliconLabs/EFR32MG12P/Source/GCC/startup_efr32mg12p.o
 .debug_abbrev  0x00000137      0x206 ./gecko_sdk_3.2.1/platform/Device/SiliconLabs/EFR32MG12P/Source/system_efr32mg12p.o
 .debug_abbrev  0x0000033d      0x10a ./gecko_sdk_3.2.1/platform/common/toolchain/src/sl_memory.o
 .debug_abbrev  0x00000447       0x6c ./gecko_sdk_3.2.1/platform/emlib/src/em_assert.o
 .debug_abbrev  0x000004b3      0x376 ./gecko_sdk_3.2.1/platform/emlib/src/em_cmu.o
 .debug_abbrev  0x00000829      0x2a0 ./gecko_sdk_3.2.1/platform/emlib/src/em_core.o
 .debug_abbrev  0x00000ac9      0x361 ./gecko_sdk_3.2.1/platform/emlib/src/em_emu.o
 .debug_abbrev  0x00000e2a      0x20e ./gecko_sdk_3.2.1/platform/emlib/src/em_gpio.o
 .debug_abbrev  0x00001038      0x271 ./gecko_sdk_3.2.1/platform/emlib/src/em_i2c.o
 .debug_abbrev  0x000012a9      0x223 ./gecko_sdk_3.2.1/platform/emlib/src/em_letimer.o
 .debug_abbrev  0x000014cc      0x203 ./gecko_sdk_3.2.1/platform/emlib/src/em_leuart.o
 .debug_abbrev  0x000016cf      0x211 ./gecko_sdk_3.2.1/platform/emlib/src/em_timer.o
 .debug_abbrev  0x000018e0      0x21f ./gecko_sdk_3.2.1/platform/service/sleeptimer/src/sl_sleeptimer.o
 .debug_abbrev  0x00001aff      0x2a0 ./gecko_sdk_3.2.1/platform/service/sleeptimer/src/sl_sleeptimer_hal_rtcc.o
 .debug_abbrev  0x00001d9f      0x1af ./src/Source Files/HW_delay.o
 .debug_abbrev  0x00001f4e      0x1bc ./src/Source Files/LEDs_thunderboard.o
 .debug_abbrev  0x0000210a      0x150 ./src/Source Files/Si1133.o
 .debug_abbrev  0x0000225a      0x101 ./src/Source Files/app.o
 .debug_abbrev  0x0000235b      0x16f ./src/Source Files/ble.o
 .debug_abbrev  0x000024ca       0x77 ./src/Source Files/cmu.o
 .debug_abbrev  0x00002541       0x77 ./src/Source Files/gpio.o
 .debug_abbrev  0x000025b8      0x24f ./src/Source Files/i2c.o
 .debug_abbrev  0x00002807      0x1c1 ./src/Source Files/letimer.o
 .debug_abbrev  0x000029c8      0x23d ./src/Source Files/leuart.o
 .debug_abbrev  0x00002c05       0xc1 ./src/Source Files/scheduler.o
 .debug_abbrev  0x00002cc6      0x148 ./src/Source Files/sleep_routines.o
 .debug_abbrev  0x00002e0e      0x16b ./src/main.o

.debug_loc      0x00000000     0x3b5c
 .debug_loc     0x00000000       0x2c ./gecko_sdk_3.2.1/platform/Device/SiliconLabs/EFR32MG12P/Source/GCC/startup_efr32mg12p.o
 .debug_loc     0x0000002c       0xd4 ./gecko_sdk_3.2.1/platform/Device/SiliconLabs/EFR32MG12P/Source/system_efr32mg12p.o
 .debug_loc     0x00000100       0x84 ./gecko_sdk_3.2.1/platform/common/toolchain/src/sl_memory.o
 .debug_loc     0x00000184       0x20 ./gecko_sdk_3.2.1/platform/emlib/src/em_assert.o
 .debug_loc     0x000001a4      0x9ec ./gecko_sdk_3.2.1/platform/emlib/src/em_cmu.o
 .debug_loc     0x00000b90      0x490 ./gecko_sdk_3.2.1/platform/emlib/src/em_core.o
 .debug_loc     0x00001020      0x911 ./gecko_sdk_3.2.1/platform/emlib/src/em_emu.o
 .debug_loc     0x00001931      0x2e0 ./gecko_sdk_3.2.1/platform/emlib/src/em_gpio.o
 .debug_loc     0x00001c11      0x250 ./gecko_sdk_3.2.1/platform/emlib/src/em_i2c.o
 .debug_loc     0x00001e61      0x2c8 ./gecko_sdk_3.2.1/platform/emlib/src/em_letimer.o
 .debug_loc     0x00002129      0x2d4 ./gecko_sdk_3.2.1/platform/emlib/src/em_leuart.o
 .debug_loc     0x000023fd      0x1e0 ./gecko_sdk_3.2.1/platform/emlib/src/em_timer.o
 .debug_loc     0x000025dd      0x5c3 ./gecko_sdk_3.2.1/platform/service/sleeptimer/src/sl_sleeptimer.o
 .debug_loc     0x00002ba0      0x434 ./gecko_sdk_3.2.1/platform/service/sleeptimer/src/sl_sleeptimer_hal_rtcc.o
 .debug_loc     0x00002fd4       0x9c ./src/Source Files/HW_delay.o
 .debug_loc     0x00003070      0x120 ./src/Source Files/LEDs_thunderboard.o
 .debug_loc     0x00003190      0x164 ./src/Source Files/Si1133.o
 .debug_loc     0x000032f4      0x111 ./src/Source Files/app.o
 .debug_loc     0x00003405       0x9e ./src/Source Files/ble.o
 .debug_loc     0x000034a3       0x20 ./src/Source Files/cmu.o
 .debug_loc     0x000034c3       0x20 ./src/Source Files/gpio.o
 .debug_loc     0x000034e3      0x1e0 ./src/Source Files/i2c.o
 .debug_loc     0x000036c3      0x12c ./src/Source Files/letimer.o
 .debug_loc     0x000037ef      0x198 ./src/Source Files/leuart.o
 .debug_loc     0x00003987       0x70 ./src/Source Files/scheduler.o
 .debug_loc     0x000039f7      0x100 ./src/Source Files/sleep_routines.o
 .debug_loc     0x00003af7       0x65 ./src/main.o

.debug_aranges  0x00000000      0xd48
 .debug_aranges
                0x00000000       0x28 ./gecko_sdk_3.2.1/platform/Device/SiliconLabs/EFR32MG12P/Source/GCC/startup_efr32mg12p.o
 .debug_aranges
                0x00000028       0x68 ./gecko_sdk_3.2.1/platform/Device/SiliconLabs/EFR32MG12P/Source/system_efr32mg12p.o
 .debug_aranges
                0x00000090       0x30 ./gecko_sdk_3.2.1/platform/common/toolchain/src/sl_memory.o
 .debug_aranges
                0x000000c0       0x20 ./gecko_sdk_3.2.1/platform/emlib/src/em_assert.o
 .debug_aranges
                0x000000e0      0x1d8 ./gecko_sdk_3.2.1/platform/emlib/src/em_cmu.o
 .debug_aranges
                0x000002b8       0xe8 ./gecko_sdk_3.2.1/platform/emlib/src/em_core.o
 .debug_aranges
                0x000003a0      0x208 ./gecko_sdk_3.2.1/platform/emlib/src/em_emu.o
 .debug_aranges
                0x000005a8       0x88 ./gecko_sdk_3.2.1/platform/emlib/src/em_gpio.o
 .debug_aranges
                0x00000630       0x70 ./gecko_sdk_3.2.1/platform/emlib/src/em_i2c.o
 .debug_aranges
                0x000006a0       0x88 ./gecko_sdk_3.2.1/platform/emlib/src/em_letimer.o
 .debug_aranges
                0x00000728       0x88 ./gecko_sdk_3.2.1/platform/emlib/src/em_leuart.o
 .debug_aranges
                0x000007b0       0x60 ./gecko_sdk_3.2.1/platform/emlib/src/em_timer.o
 .debug_aranges
                0x00000810      0x108 ./gecko_sdk_3.2.1/platform/service/sleeptimer/src/sl_sleeptimer.o
 .debug_aranges
                0x00000918       0xd8 ./gecko_sdk_3.2.1/platform/service/sleeptimer/src/sl_sleeptimer_hal_rtcc.o
 .debug_aranges
                0x000009f0       0x30 ./src/Source Files/HW_delay.o
 .debug_aranges
                0x00000a20       0x48 ./src/Source Files/LEDs_thunderboard.o
 .debug_aranges
                0x00000a68       0x50 ./src/Source Files/Si1133.o
 .debug_aranges
                0x00000ab8       0x50 ./src/Source Files/app.o
 .debug_aranges
                0x00000b08       0x30 ./src/Source Files/ble.o
 .debug_aranges
                0x00000b38       0x20 ./src/Source Files/cmu.o
 .debug_aranges
                0x00000b58       0x20 ./src/Source Files/gpio.o
 .debug_aranges
                0x00000b78       0x70 ./src/Source Files/i2c.o
 .debug_aranges
                0x00000be8       0x48 ./src/Source Files/letimer.o
 .debug_aranges
                0x00000c30       0x68 ./src/Source Files/leuart.o
 .debug_aranges
                0x00000c98       0x38 ./src/Source Files/scheduler.o
 .debug_aranges
                0x00000cd0       0x48 ./src/Source Files/sleep_routines.o
 .debug_aranges
                0x00000d18       0x30 ./src/main.o

.debug_ranges   0x00000000      0xb98
 .debug_ranges  0x00000000       0x18 ./gecko_sdk_3.2.1/platform/Device/SiliconLabs/EFR32MG12P/Source/GCC/startup_efr32mg12p.o
 .debug_ranges  0x00000018       0x58 ./gecko_sdk_3.2.1/platform/Device/SiliconLabs/EFR32MG12P/Source/system_efr32mg12p.o
 .debug_ranges  0x00000070       0x20 ./gecko_sdk_3.2.1/platform/common/toolchain/src/sl_memory.o
 .debug_ranges  0x00000090       0x10 ./gecko_sdk_3.2.1/platform/emlib/src/em_assert.o
 .debug_ranges  0x000000a0      0x1c8 ./gecko_sdk_3.2.1/platform/emlib/src/em_cmu.o
 .debug_ranges  0x00000268       0xd8 ./gecko_sdk_3.2.1/platform/emlib/src/em_core.o
 .debug_ranges  0x00000340      0x1f8 ./gecko_sdk_3.2.1/platform/emlib/src/em_emu.o
 .debug_ranges  0x00000538       0x78 ./gecko_sdk_3.2.1/platform/emlib/src/em_gpio.o
 .debug_ranges  0x000005b0       0x60 ./gecko_sdk_3.2.1/platform/emlib/src/em_i2c.o
 .debug_ranges  0x00000610       0x78 ./gecko_sdk_3.2.1/platform/emlib/src/em_letimer.o
 .debug_ranges  0x00000688       0x78 ./gecko_sdk_3.2.1/platform/emlib/src/em_leuart.o
 .debug_ranges  0x00000700       0x50 ./gecko_sdk_3.2.1/platform/emlib/src/em_timer.o
 .debug_ranges  0x00000750       0xf8 ./gecko_sdk_3.2.1/platform/service/sleeptimer/src/sl_sleeptimer.o
 .debug_ranges  0x00000848       0xc8 ./gecko_sdk_3.2.1/platform/service/sleeptimer/src/sl_sleeptimer_hal_rtcc.o
 .debug_ranges  0x00000910       0x20 ./src/Source Files/HW_delay.o
 .debug_ranges  0x00000930       0x38 ./src/Source Files/LEDs_thunderboard.o
 .debug_ranges  0x00000968       0x40 ./src/Source Files/Si1133.o
 .debug_ranges  0x000009a8       0x40 ./src/Source Files/app.o
 .debug_ranges  0x000009e8       0x20 ./src/Source Files/ble.o
 .debug_ranges  0x00000a08       0x10 ./src/Source Files/cmu.o
 .debug_ranges  0x00000a18       0x10 ./src/Source Files/gpio.o
 .debug_ranges  0x00000a28       0x60 ./src/Source Files/i2c.o
 .debug_ranges  0x00000a88       0x38 ./src/Source Files/letimer.o
 .debug_ranges  0x00000ac0       0x58 ./src/Source Files/leuart.o
 .debug_ranges  0x00000b18       0x28 ./src/Source Files/scheduler.o
 .debug_ranges  0x00000b40       0x38 ./src/Source Files/sleep_routines.o
 .debug_ranges  0x00000b78       0x20 ./src/main.o

.debug_macro    0x00000000     0x6445
 .debug_macro   0x00000000      0x277 ./gecko_sdk_3.2.1/platform/Device/SiliconLabs/EFR32MG12P/Source/GCC/startup_efr32mg12p.o
 .debug_macro   0x00000277      0x28b ./gecko_sdk_3.2.1/platform/Device/SiliconLabs/EFR32MG12P/Source/system_efr32mg12p.o
 .debug_macro   0x00000502       0x92 ./gecko_sdk_3.2.1/platform/common/toolchain/src/sl_memory.o
 .debug_macro   0x00000594       0x16 ./gecko_sdk_3.2.1/platform/common/toolchain/src/sl_memory.o
 .debug_macro   0x000005aa       0x2c ./gecko_sdk_3.2.1/platform/emlib/src/em_assert.o
 .debug_macro   0x000005d6      0x3e6 ./gecko_sdk_3.2.1/platform/emlib/src/em_cmu.o
 .debug_macro   0x000009bc       0x64 ./gecko_sdk_3.2.1/platform/emlib/src/em_cmu.o
 .debug_macro   0x00000a20      0x356 ./gecko_sdk_3.2.1/platform/emlib/src/em_cmu.o
 .debug_macro   0x00000d76       0x7c ./gecko_sdk_3.2.1/platform/emlib/src/em_cmu.o
 .debug_macro   0x00000df2       0x17 ./gecko_sdk_3.2.1/platform/emlib/src/em_cmu.o
 .debug_macro   0x00000e09       0xee ./gecko_sdk_3.2.1/platform/emlib/src/em_cmu.o
 .debug_macro   0x00000ef7       0x87 ./gecko_sdk_3.2.1/platform/emlib/src/em_cmu.o
 .debug_macro   0x00000f7e      0x2bb ./gecko_sdk_3.2.1/platform/emlib/src/em_core.o
 .debug_macro   0x00001239      0x3fb ./gecko_sdk_3.2.1/platform/emlib/src/em_emu.o
 .debug_macro   0x00001634       0x5e ./gecko_sdk_3.2.1/platform/emlib/src/em_emu.o
 .debug_macro   0x00001692       0x5c ./gecko_sdk_3.2.1/platform/emlib/src/em_emu.o
 .debug_macro   0x000016ee       0x81 ./gecko_sdk_3.2.1/platform/emlib/src/em_emu.o
 .debug_macro   0x0000176f      0x2c8 ./gecko_sdk_3.2.1/platform/emlib/src/em_gpio.o
 .debug_macro   0x00001a37      0x35b ./gecko_sdk_3.2.1/platform/emlib/src/em_i2c.o
 .debug_macro   0x00001d92       0x3f ./gecko_sdk_3.2.1/platform/emlib/src/em_i2c.o
 .debug_macro   0x00001dd1      0x2f5 ./gecko_sdk_3.2.1/platform/emlib/src/em_letimer.o
 .debug_macro   0x000020c6      0x2e9 ./gecko_sdk_3.2.1/platform/emlib/src/em_leuart.o
 .debug_macro   0x000023af      0x28c ./gecko_sdk_3.2.1/platform/emlib/src/em_timer.o
 .debug_macro   0x0000263b       0x79 ./gecko_sdk_3.2.1/platform/emlib/src/em_timer.o
 .debug_macro   0x000026b4      0x472 ./gecko_sdk_3.2.1/platform/service/sleeptimer/src/sl_sleeptimer.o
 .debug_macro   0x00002b26       0x57 ./gecko_sdk_3.2.1/platform/service/sleeptimer/src/sl_sleeptimer.o
 .debug_macro   0x00002b7d       0x10 ./gecko_sdk_3.2.1/platform/service/sleeptimer/src/sl_sleeptimer.o
 .debug_macro   0x00002b8d       0x10 ./gecko_sdk_3.2.1/platform/service/sleeptimer/src/sl_sleeptimer.o
 .debug_macro   0x00002b9d       0x10 ./gecko_sdk_3.2.1/platform/service/sleeptimer/src/sl_sleeptimer.o
 .debug_macro   0x00002bad       0x10 ./gecko_sdk_3.2.1/platform/service/sleeptimer/src/sl_sleeptimer.o
 .debug_macro   0x00002bbd       0xb2 ./gecko_sdk_3.2.1/platform/service/sleeptimer/src/sl_sleeptimer.o
 .debug_macro   0x00002c6f       0x2e ./gecko_sdk_3.2.1/platform/service/sleeptimer/src/sl_sleeptimer.o
 .debug_macro   0x00002c9d       0x16 ./gecko_sdk_3.2.1/platform/service/sleeptimer/src/sl_sleeptimer.o
 .debug_macro   0x00002cb3       0x22 ./gecko_sdk_3.2.1/platform/service/sleeptimer/src/sl_sleeptimer.o
 .debug_macro   0x00002cd5       0x16 ./gecko_sdk_3.2.1/platform/service/sleeptimer/src/sl_sleeptimer.o
 .debug_macro   0x00002ceb       0x10 ./gecko_sdk_3.2.1/platform/service/sleeptimer/src/sl_sleeptimer.o
 .debug_macro   0x00002cfb       0x16 ./gecko_sdk_3.2.1/platform/service/sleeptimer/src/sl_sleeptimer.o
 .debug_macro   0x00002d11      0x33e ./gecko_sdk_3.2.1/platform/service/sleeptimer/src/sl_sleeptimer_hal_rtcc.o
 .debug_macro   0x0000304f      0x2e8 ./src/Source Files/HW_delay.o
 .debug_macro   0x00003337      0x2f7 ./src/Source Files/LEDs_thunderboard.o
 .debug_macro   0x0000362e      0x160 ./src/Source Files/LEDs_thunderboard.o
 .debug_macro   0x0000378e       0x46 ./src/Source Files/LEDs_thunderboard.o
 .debug_macro   0x000037d4      0x340 ./src/Source Files/Si1133.o
 .debug_macro   0x00003b14       0x45 ./src/Source Files/Si1133.o
 .debug_macro   0x00003b59      0x166 ./src/Source Files/Si1133.o
 .debug_macro   0x00003cbf       0x28 ./src/Source Files/Si1133.o
 .debug_macro   0x00003ce7       0x16 ./src/Source Files/Si1133.o
 .debug_macro   0x00003cfd       0x7f ./src/Source Files/Si1133.o
 .debug_macro   0x00003d7c       0x58 ./src/Source Files/Si1133.o
 .debug_macro   0x00003dd4      0x3a0 ./src/Source Files/app.o
 .debug_macro   0x00004174       0x10 ./src/Source Files/app.o
 .debug_macro   0x00004184       0x2e ./src/Source Files/app.o
 .debug_macro   0x000041b2       0x10 ./src/Source Files/app.o
 .debug_macro   0x000041c2       0x4c ./src/Source Files/app.o
 .debug_macro   0x0000420e       0x1c ./src/Source Files/app.o
 .debug_macro   0x0000422a       0x10 ./src/Source Files/app.o
 .debug_macro   0x0000423a       0x10 ./src/Source Files/app.o
 .debug_macro   0x0000424a       0x34 ./src/Source Files/app.o
 .debug_macro   0x0000427e      0x3e0 ./src/Source Files/ble.o
 .debug_macro   0x0000465e      0x2dd ./src/Source Files/cmu.o
 .debug_macro   0x0000493b      0x2ea ./src/Source Files/gpio.o
 .debug_macro   0x00004c25      0x31e ./src/Source Files/i2c.o
 .debug_macro   0x00004f43      0x31c ./src/Source Files/letimer.o
 .debug_macro   0x0000525f      0x3c0 ./src/Source Files/leuart.o
 .debug_macro   0x0000561f      0x2d4 ./src/Source Files/scheduler.o
 .debug_macro   0x000058f3      0x2ef ./src/Source Files/sleep_routines.o
 .debug_macro   0x00005be2      0x4b3 ./src/main.o
 .debug_macro   0x00006095       0x16 ./src/main.o
 .debug_macro   0x000060ab       0x97 ./src/main.o
 .debug_macro   0x00006142       0xf6 ./src/main.o
 .debug_macro   0x00006238       0x10 ./src/main.o
 .debug_macro   0x00006248       0xbe ./src/main.o
 .debug_macro   0x00006306       0x16 ./src/main.o
 .debug_macro   0x0000631c      0x129 ./src/main.o

.debug_line     0x00000000    0x1742d
 .debug_line    0x00000000      0x931 ./gecko_sdk_3.2.1/platform/Device/SiliconLabs/EFR32MG12P/Source/GCC/startup_efr32mg12p.o
 .debug_line    0x00000931      0xa0f ./gecko_sdk_3.2.1/platform/Device/SiliconLabs/EFR32MG12P/Source/system_efr32mg12p.o
 .debug_line    0x00001340      0x413 ./gecko_sdk_3.2.1/platform/common/toolchain/src/sl_memory.o
 .debug_line    0x00001753      0x202 ./gecko_sdk_3.2.1/platform/emlib/src/em_assert.o
 .debug_line    0x00001955     0x20f9 ./gecko_sdk_3.2.1/platform/emlib/src/em_cmu.o
 .debug_line    0x00003a4e      0xfcf ./gecko_sdk_3.2.1/platform/emlib/src/em_core.o
 .debug_line    0x00004a1d     0x20c3 ./gecko_sdk_3.2.1/platform/emlib/src/em_emu.o
 .debug_line    0x00006ae0      0xfbb ./gecko_sdk_3.2.1/platform/emlib/src/em_gpio.o
 .debug_line    0x00007a9b     0x1054 ./gecko_sdk_3.2.1/platform/emlib/src/em_i2c.o
 .debug_line    0x00008aef      0xd13 ./gecko_sdk_3.2.1/platform/emlib/src/em_letimer.o
 .debug_line    0x00009802      0xcf1 ./gecko_sdk_3.2.1/platform/emlib/src/em_leuart.o
 .debug_line    0x0000a4f3      0xe2e ./gecko_sdk_3.2.1/platform/emlib/src/em_timer.o
 .debug_line    0x0000b321     0x1395 ./gecko_sdk_3.2.1/platform/service/sleeptimer/src/sl_sleeptimer.o
 .debug_line    0x0000c6b6      0xf21 ./gecko_sdk_3.2.1/platform/service/sleeptimer/src/sl_sleeptimer_hal_rtcc.o
 .debug_line    0x0000d5d7      0xb12 ./src/Source Files/HW_delay.o
 .debug_line    0x0000e0e9      0xd3b ./src/Source Files/LEDs_thunderboard.o
 .debug_line    0x0000ee24      0xc5f ./src/Source Files/Si1133.o
 .debug_line    0x0000fa83      0xc30 ./src/Source Files/app.o
 .debug_line    0x000106b3      0xd34 ./src/Source Files/ble.o
 .debug_line    0x000113e7      0xa59 ./src/Source Files/cmu.o
 .debug_line    0x00011e40      0xa7b ./src/Source Files/gpio.o
 .debug_line    0x000128bb      0xe5e ./src/Source Files/i2c.o
 .debug_line    0x00013719      0xcaa ./src/Source Files/letimer.o
 .debug_line    0x000143c3      0xd60 ./src/Source Files/leuart.o
 .debug_line    0x00015123      0xa96 ./src/Source Files/scheduler.o
 .debug_line    0x00015bb9      0xb82 ./src/Source Files/sleep_routines.o
 .debug_line    0x0001673b      0xcf2 ./src/main.o

.debug_str      0x00000000   0x16084b
 .debug_str     0x00000000   0x14eea9 ./gecko_sdk_3.2.1/platform/Device/SiliconLabs/EFR32MG12P/Source/GCC/startup_efr32mg12p.o
                             0x14fd70 (size before relaxing)
 .debug_str     0x0014eea9      0x54b ./gecko_sdk_3.2.1/platform/Device/SiliconLabs/EFR32MG12P/Source/system_efr32mg12p.o
                             0x150188 (size before relaxing)
 .debug_str     0x0014f3f4      0x3ee ./gecko_sdk_3.2.1/platform/common/toolchain/src/sl_memory.o
                               0x4048 (size before relaxing)
 .debug_str     0x0014f7e2       0xc8 ./gecko_sdk_3.2.1/platform/emlib/src/em_assert.o
                               0x2e57 (size before relaxing)
 .debug_str     0x0014f8aa     0x5723 ./gecko_sdk_3.2.1/platform/emlib/src/em_cmu.o
                             0x155b00 (size before relaxing)
 .debug_str     0x00154fcd      0x6a1 ./gecko_sdk_3.2.1/platform/emlib/src/em_core.o
                             0x150f4c (size before relaxing)
 .debug_str     0x0015566e     0x149e ./gecko_sdk_3.2.1/platform/emlib/src/em_emu.o
                             0x155fe2 (size before relaxing)
 .debug_str     0x00156b0c      0x4c0 ./gecko_sdk_3.2.1/platform/emlib/src/em_gpio.o
                             0x151746 (size before relaxing)
 .debug_str     0x00156fcc      0x554 ./gecko_sdk_3.2.1/platform/emlib/src/em_i2c.o
                             0x154347 (size before relaxing)
 .debug_str     0x00157520      0x367 ./gecko_sdk_3.2.1/platform/emlib/src/em_letimer.o
                             0x152117 (size before relaxing)
 .debug_str     0x00157887      0x31b ./gecko_sdk_3.2.1/platform/emlib/src/em_leuart.o
                             0x152404 (size before relaxing)
 .debug_str     0x00157ba2      0xa7d ./gecko_sdk_3.2.1/platform/emlib/src/em_timer.o
                             0x1507ae (size before relaxing)
 .debug_str     0x0015861f     0x5f28 ./gecko_sdk_3.2.1/platform/service/sleeptimer/src/sl_sleeptimer.o
                             0x1580aa (size before relaxing)
 .debug_str     0x0015e547      0xa11 ./gecko_sdk_3.2.1/platform/service/sleeptimer/src/sl_sleeptimer_hal_rtcc.o
                             0x15708a (size before relaxing)
 .debug_str     0x0015ef58       0x73 ./src/Source Files/HW_delay.o
                             0x1526f0 (size before relaxing)
 .debug_str     0x0015efcb      0x797 ./src/Source Files/LEDs_thunderboard.o
                             0x152675 (size before relaxing)
 .debug_str     0x0015f762      0x2df ./src/Source Files/Si1133.o
                             0x152fd3 (size before relaxing)
 .debug_str     0x0015fa41      0x2d4 ./src/Source Files/app.o
                             0x15332d (size before relaxing)
 .debug_str     0x0015fd15      0x187 ./src/Source Files/ble.o
                             0x155771 (size before relaxing)
 .debug_str     0x0015fe9c       0x23 ./src/Source Files/cmu.o
                             0x152148 (size before relaxing)
 .debug_str     0x0015febf       0x25 ./src/Source Files/gpio.o
                             0x1528a7 (size before relaxing)
 .debug_str     0x0015fee4      0x169 ./src/Source Files/i2c.o
                             0x153217 (size before relaxing)
 .debug_str     0x0016004d       0xcb ./src/Source Files/letimer.o
                             0x152ba8 (size before relaxing)
 .debug_str     0x00160118      0x10a ./src/Source Files/leuart.o
                             0x1557a8 (size before relaxing)
 .debug_str     0x00160222       0x7f ./src/Source Files/scheduler.o
                             0x150c40 (size before relaxing)
 .debug_str     0x001602a1       0x9a ./src/Source Files/sleep_routines.o
                             0x15228c (size before relaxing)
 .debug_str     0x0016033b      0x510 ./src/main.o
                             0x15733f (size before relaxing)

.debug_frame    0x00000000     0x24a8
 .debug_frame   0x00000000       0x38 ./gecko_sdk_3.2.1/platform/Device/SiliconLabs/EFR32MG12P/Source/GCC/startup_efr32mg12p.o
 .debug_frame   0x00000038       0xdc ./gecko_sdk_3.2.1/platform/Device/SiliconLabs/EFR32MG12P/Source/system_efr32mg12p.o
 .debug_frame   0x00000114       0x58 ./gecko_sdk_3.2.1/platform/common/toolchain/src/sl_memory.o
 .debug_frame   0x0000016c       0x24 ./gecko_sdk_3.2.1/platform/emlib/src/em_assert.o
 .debug_frame   0x00000190      0x5c0 ./gecko_sdk_3.2.1/platform/emlib/src/em_cmu.o
 .debug_frame   0x00000750      0x29c ./gecko_sdk_3.2.1/platform/emlib/src/em_core.o
 .debug_frame   0x000009ec      0x5e8 ./gecko_sdk_3.2.1/platform/emlib/src/em_emu.o
 .debug_frame   0x00000fd4      0x188 ./gecko_sdk_3.2.1/platform/emlib/src/em_gpio.o
 .debug_frame   0x0000115c      0x140 ./gecko_sdk_3.2.1/platform/emlib/src/em_i2c.o
 .debug_frame   0x0000129c      0x180 ./gecko_sdk_3.2.1/platform/emlib/src/em_letimer.o
 .debug_frame   0x0000141c      0x184 ./gecko_sdk_3.2.1/platform/emlib/src/em_leuart.o
 .debug_frame   0x000015a0      0x104 ./gecko_sdk_3.2.1/platform/emlib/src/em_timer.o
 .debug_frame   0x000016a4      0x35c ./gecko_sdk_3.2.1/platform/service/sleeptimer/src/sl_sleeptimer.o
 .debug_frame   0x00001a00      0x270 ./gecko_sdk_3.2.1/platform/service/sleeptimer/src/sl_sleeptimer_hal_rtcc.o
 .debug_frame   0x00001c70       0x60 ./src/Source Files/HW_delay.o
 .debug_frame   0x00001cd0       0xac ./src/Source Files/LEDs_thunderboard.o
 .debug_frame   0x00001d7c       0xcc ./src/Source Files/Si1133.o
 .debug_frame   0x00001e48       0xc0 ./src/Source Files/app.o
 .debug_frame   0x00001f08       0x64 ./src/Source Files/ble.o
 .debug_frame   0x00001f6c       0x28 ./src/Source Files/cmu.o
 .debug_frame   0x00001f94       0x28 ./src/Source Files/gpio.o
 .debug_frame   0x00001fbc      0x124 ./src/Source Files/i2c.o
 .debug_frame   0x000020e0       0xac ./src/Source Files/letimer.o
 .debug_frame   0x0000218c       0xfc ./src/Source Files/leuart.o
 .debug_frame   0x00002288       0x68 ./src/Source Files/scheduler.o
 .debug_frame   0x000022f0       0xa4 ./src/Source Files/sleep_routines.o
 .debug_frame   0x00002394       0x58 ./src/main.o
 .debug_frame   0x000023ec       0x28 c:/siliconlabs/simplicitystudio/v5/developer/toolchains/gnu_arm/10.2_2020q4/bin/../lib/gcc/arm-none-eabi/10.2.1/../../../../arm-none-eabi/lib/thumb/v7e-m+fp/softfp\libc_nano.a(lib_a-exit.o)
 .debug_frame   0x00002414       0x2c c:/siliconlabs/simplicitystudio/v5/developer/toolchains/gnu_arm/10.2_2020q4/bin/../lib/gcc/arm-none-eabi/10.2.1/../../../../arm-none-eabi/lib/thumb/v7e-m+fp/softfp\libc_nano.a(lib_a-init.o)
 .debug_frame   0x00002440       0x20 c:/siliconlabs/simplicitystudio/v5/developer/toolchains/gnu_arm/10.2_2020q4/bin/../lib/gcc/arm-none-eabi/10.2.1/../../../../arm-none-eabi/lib/thumb/v7e-m+fp/softfp\libc_nano.a(lib_a-memset.o)
 .debug_frame   0x00002460       0x28 c:/siliconlabs/simplicitystudio/v5/developer/toolchains/gnu_arm/10.2_2020q4/bin/../lib/gcc/arm-none-eabi/10.2.1/../../../../arm-none-eabi/lib/thumb/v7e-m+fp/softfp\libc_nano.a(lib_a-strcat.o)
 .debug_frame   0x00002488       0x20 c:/siliconlabs/simplicitystudio/v5/developer/toolchains/gnu_arm/10.2_2020q4/bin/../lib/gcc/arm-none-eabi/10.2.1/../../../../arm-none-eabi/lib/thumb/v7e-m+fp/softfp\libnosys.a(_exit.o)
