Archive member included to satisfy reference by file (symbol)

c:/siliconlabs/simplicitystudio/v5/developer/toolchains/gnu_arm/10.2_2020q4/bin/../lib/gcc/arm-none-eabi/10.2.1/thumb/v7e-m+fp/softfp\libgcc.a(_aeabi_uldivmod.o)
                              ./gecko_sdk_3.2.1/platform/emlib/src/em_usart.o (__aeabi_uldivmod)
c:/siliconlabs/simplicitystudio/v5/developer/toolchains/gnu_arm/10.2_2020q4/bin/../lib/gcc/arm-none-eabi/10.2.1/thumb/v7e-m+fp/softfp\libgcc.a(_udivmoddi4.o)
                              c:/siliconlabs/simplicitystudio/v5/developer/toolchains/gnu_arm/10.2_2020q4/bin/../lib/gcc/arm-none-eabi/10.2.1/thumb/v7e-m+fp/softfp\libgcc.a(_aeabi_uldivmod.o) (__udivmoddi4)
c:/siliconlabs/simplicitystudio/v5/developer/toolchains/gnu_arm/10.2_2020q4/bin/../lib/gcc/arm-none-eabi/10.2.1/thumb/v7e-m+fp/softfp\libgcc.a(_dvmd_tls.o)
                              c:/siliconlabs/simplicitystudio/v5/developer/toolchains/gnu_arm/10.2_2020q4/bin/../lib/gcc/arm-none-eabi/10.2.1/thumb/v7e-m+fp/softfp\libgcc.a(_aeabi_uldivmod.o) (__aeabi_ldiv0)
c:/siliconlabs/simplicitystudio/v5/developer/toolchains/gnu_arm/10.2_2020q4/bin/../lib/gcc/arm-none-eabi/10.2.1/../../../../arm-none-eabi/lib/thumb/v7e-m+fp/softfp\libc_nano.a(lib_a-exit.o)
                              c:/siliconlabs/simplicitystudio/v5/developer/toolchains/gnu_arm/10.2_2020q4/bin/../lib/gcc/arm-none-eabi/10.2.1/../../../../arm-none-eabi/lib/thumb/v7e-m+fp/softfp/crt0.o (exit)
c:/siliconlabs/simplicitystudio/v5/developer/toolchains/gnu_arm/10.2_2020q4/bin/../lib/gcc/arm-none-eabi/10.2.1/../../../../arm-none-eabi/lib/thumb/v7e-m+fp/softfp\libc_nano.a(lib_a-impure.o)
                              c:/siliconlabs/simplicitystudio/v5/developer/toolchains/gnu_arm/10.2_2020q4/bin/../lib/gcc/arm-none-eabi/10.2.1/../../../../arm-none-eabi/lib/thumb/v7e-m+fp/softfp\libc_nano.a(lib_a-exit.o) (_global_impure_ptr)
c:/siliconlabs/simplicitystudio/v5/developer/toolchains/gnu_arm/10.2_2020q4/bin/../lib/gcc/arm-none-eabi/10.2.1/../../../../arm-none-eabi/lib/thumb/v7e-m+fp/softfp\libc_nano.a(lib_a-init.o)
                              c:/siliconlabs/simplicitystudio/v5/developer/toolchains/gnu_arm/10.2_2020q4/bin/../lib/gcc/arm-none-eabi/10.2.1/../../../../arm-none-eabi/lib/thumb/v7e-m+fp/softfp/crt0.o (__libc_init_array)
c:/siliconlabs/simplicitystudio/v5/developer/toolchains/gnu_arm/10.2_2020q4/bin/../lib/gcc/arm-none-eabi/10.2.1/../../../../arm-none-eabi/lib/thumb/v7e-m+fp/softfp\libc_nano.a(lib_a-memcpy-stub.o)
                              ./gecko_sdk_3.2.1/platform/emlib/src/em_crypto.o (memcpy)
c:/siliconlabs/simplicitystudio/v5/developer/toolchains/gnu_arm/10.2_2020q4/bin/../lib/gcc/arm-none-eabi/10.2.1/../../../../arm-none-eabi/lib/thumb/v7e-m+fp/softfp\libc_nano.a(lib_a-memset.o)
                              c:/siliconlabs/simplicitystudio/v5/developer/toolchains/gnu_arm/10.2_2020q4/bin/../lib/gcc/arm-none-eabi/10.2.1/../../../../arm-none-eabi/lib/thumb/v7e-m+fp/softfp/crt0.o (memset)
c:/siliconlabs/simplicitystudio/v5/developer/toolchains/gnu_arm/10.2_2020q4/bin/../lib/gcc/arm-none-eabi/10.2.1/../../../../arm-none-eabi/lib/thumb/v7e-m+fp/softfp\libnosys.a(_exit.o)
                              c:/siliconlabs/simplicitystudio/v5/developer/toolchains/gnu_arm/10.2_2020q4/bin/../lib/gcc/arm-none-eabi/10.2.1/../../../../arm-none-eabi/lib/thumb/v7e-m+fp/softfp\libc_nano.a(lib_a-exit.o) (_exit)

Discarded input sections

 .text          0x00000000        0x0 c:/siliconlabs/simplicitystudio/v5/developer/toolchains/gnu_arm/10.2_2020q4/bin/../lib/gcc/arm-none-eabi/10.2.1/thumb/v7e-m+fp/softfp/crti.o
 .data          0x00000000        0x0 c:/siliconlabs/simplicitystudio/v5/developer/toolchains/gnu_arm/10.2_2020q4/bin/../lib/gcc/arm-none-eabi/10.2.1/thumb/v7e-m+fp/softfp/crti.o
 .bss           0x00000000        0x0 c:/siliconlabs/simplicitystudio/v5/developer/toolchains/gnu_arm/10.2_2020q4/bin/../lib/gcc/arm-none-eabi/10.2.1/thumb/v7e-m+fp/softfp/crti.o
 .data          0x00000000        0x4 c:/siliconlabs/simplicitystudio/v5/developer/toolchains/gnu_arm/10.2_2020q4/bin/../lib/gcc/arm-none-eabi/10.2.1/thumb/v7e-m+fp/softfp/crtbegin.o
 .rodata        0x00000000       0x24 c:/siliconlabs/simplicitystudio/v5/developer/toolchains/gnu_arm/10.2_2020q4/bin/../lib/gcc/arm-none-eabi/10.2.1/thumb/v7e-m+fp/softfp/crtbegin.o
 .data          0x00000000        0x0 c:/siliconlabs/simplicitystudio/v5/developer/toolchains/gnu_arm/10.2_2020q4/bin/../lib/gcc/arm-none-eabi/10.2.1/../../../../arm-none-eabi/lib/thumb/v7e-m+fp/softfp/crt0.o
 .bss           0x00000000        0x0 c:/siliconlabs/simplicitystudio/v5/developer/toolchains/gnu_arm/10.2_2020q4/bin/../lib/gcc/arm-none-eabi/10.2.1/../../../../arm-none-eabi/lib/thumb/v7e-m+fp/softfp/crt0.o
 .ARM.extab     0x00000000        0x0 c:/siliconlabs/simplicitystudio/v5/developer/toolchains/gnu_arm/10.2_2020q4/bin/../lib/gcc/arm-none-eabi/10.2.1/../../../../arm-none-eabi/lib/thumb/v7e-m+fp/softfp/crt0.o
[...]
Memory Configuration

Name             Origin             Length             Attributes
FLASH            0x00000000         0x00100000         xr
RAM              0x20000000         0x00040000         xrw
*default*        0x00000000         0xffffffff

Linker script and memory map

LOAD c:/siliconlabs/simplicitystudio/v5/developer/toolchains/gnu_arm/10.2_2020q4/bin/../lib/gcc/arm-none-eabi/10.2.1/thumb/v7e-m+fp/softfp/crti.o
LOAD c:/siliconlabs/simplicitystudio/v5/developer/toolchains/gnu_arm/10.2_2020q4/bin/../lib/gcc/arm-none-eabi/10.2.1/thumb/v7e-m+fp/softfp/crtbegin.o
LOAD c:/siliconlabs/simplicitystudio/v5/developer/toolchains/gnu_arm/10.2_2020q4/bin/../lib/gcc/arm-none-eabi/10.2.1/../../../../arm-none-eabi/lib/thumb/v7e-m+fp/softfp/crt0.o
START GROUP
LOAD ./autogen/sl_board_default_init.o
LOAD ./autogen/sl_device_init_clocks.o
LOAD ./autogen/sl_event_handler.o
LOAD ./autogen/sl_simple_led_instances.o
LOAD ./gecko_sdk_3.2.1/hardware/board/src/sl_board_control_gpio.o
LOAD ./gecko_sdk_3.2.1/hardware/board/src/sl_board_init.o
LOAD ./gecko_sdk_3.2.1/hardware/driver/mx25_flash_shutdown/src/sl_mx25_flash_shutdown_usart/sl_mx25_flash_shutdown.o
LOAD ./gecko_sdk_3.2.1/platform/Device/SiliconLabs/EFR32MG12P/Source/GCC/startup_efr32mg12p.o
LOAD ./gecko_sdk_3.2.1/platform/Device/SiliconLabs/EFR32MG12P/Source/system_efr32mg12p.o
LOAD ./gecko_sdk_3.2.1/platform/common/toolchain/src/sl_memory.o
LOAD ./gecko_sdk_3.2.1/platform/driver/leddrv/src/sl_led.o
LOAD ./gecko_sdk_3.2.1/platform/driver/leddrv/src/sl_simple_led.o
LOAD ./gecko_sdk_3.2.1/platform/emlib/src/em_acmp.o
LOAD ./gecko_sdk_3.2.1/platform/emlib/src/em_adc.o
LOAD ./gecko_sdk_3.2.1/platform/emlib/src/em_aes.o
LOAD ./gecko_sdk_3.2.1/platform/emlib/src/em_assert.o
LOAD ./gecko_sdk_3.2.1/platform/emlib/src/em_burtc.o
LOAD ./gecko_sdk_3.2.1/platform/emlib/src/em_can.o
LOAD ./gecko_sdk_3.2.1/platform/emlib/src/em_cmu.o
LOAD ./gecko_sdk_3.2.1/platform/emlib/src/em_cmu_fpga.o
LOAD ./gecko_sdk_3.2.1/platform/emlib/src/em_core.o
LOAD ./gecko_sdk_3.2.1/platform/emlib/src/em_cryotimer.o
LOAD ./gecko_sdk_3.2.1/platform/emlib/src/em_crypto.o
LOAD ./gecko_sdk_3.2.1/platform/emlib/src/em_csen.o
LOAD ./gecko_sdk_3.2.1/platform/emlib/src/em_dac.o
LOAD ./gecko_sdk_3.2.1/platform/emlib/src/em_dbg.o
LOAD ./gecko_sdk_3.2.1/platform/emlib/src/em_dma.o
LOAD ./gecko_sdk_3.2.1/platform/emlib/src/em_ebi.o
LOAD ./gecko_sdk_3.2.1/platform/emlib/src/em_emu.o
LOAD ./gecko_sdk_3.2.1/platform/emlib/src/em_eusart.o
LOAD ./gecko_sdk_3.2.1/platform/emlib/src/em_gpcrc.o
LOAD ./gecko_sdk_3.2.1/platform/emlib/src/em_gpio.o
LOAD ./gecko_sdk_3.2.1/platform/emlib/src/em_i2c.o
LOAD ./gecko_sdk_3.2.1/platform/emlib/src/em_iadc.o
LOAD ./gecko_sdk_3.2.1/platform/emlib/src/em_idac.o
LOAD ./gecko_sdk_3.2.1/platform/emlib/src/em_lcd.o
LOAD ./gecko_sdk_3.2.1/platform/emlib/src/em_ldma.o
LOAD ./gecko_sdk_3.2.1/platform/emlib/src/em_lesense.o
LOAD ./gecko_sdk_3.2.1/platform/emlib/src/em_letimer.o
LOAD ./gecko_sdk_3.2.1/platform/emlib/src/em_leuart.o
LOAD ./gecko_sdk_3.2.1/platform/emlib/src/em_msc.o
LOAD ./gecko_sdk_3.2.1/platform/emlib/src/em_opamp.o
LOAD ./gecko_sdk_3.2.1/platform/emlib/src/em_pcnt.o
LOAD ./gecko_sdk_3.2.1/platform/emlib/src/em_pdm.o
LOAD ./gecko_sdk_3.2.1/platform/emlib/src/em_prs.o
LOAD ./gecko_sdk_3.2.1/platform/emlib/src/em_qspi.o
LOAD ./gecko_sdk_3.2.1/platform/emlib/src/em_rmu.o
LOAD ./gecko_sdk_3.2.1/platform/emlib/src/em_rtc.o
LOAD ./gecko_sdk_3.2.1/platform/emlib/src/em_rtcc.o
LOAD ./gecko_sdk_3.2.1/platform/emlib/src/em_se.o
LOAD ./gecko_sdk_3.2.1/platform/emlib/src/em_system.o
LOAD ./gecko_sdk_3.2.1/platform/emlib/src/em_timer.o
LOAD ./gecko_sdk_3.2.1/platform/emlib/src/em_usart.o
LOAD ./gecko_sdk_3.2.1/platform/emlib/src/em_vcmp.o
LOAD ./gecko_sdk_3.2.1/platform/emlib/src/em_vdac.o
LOAD ./gecko_sdk_3.2.1/platform/emlib/src/em_wdog.o
LOAD ./gecko_sdk_3.2.1/platform/service/device_init/src/sl_device_init_dcdc_s1.o
LOAD ./gecko_sdk_3.2.1/platform/service/device_init/src/sl_device_init_emu_s1.o
LOAD ./gecko_sdk_3.2.1/platform/service/device_init/src/sl_device_init_hfxo_s1.o
LOAD ./gecko_sdk_3.2.1/platform/service/device_init/src/sl_device_init_lfxo_s1.o
LOAD ./gecko_sdk_3.2.1/platform/service/device_init/src/sl_device_init_nvic.o
LOAD ./gecko_sdk_3.2.1/platform/service/sleeptimer/src/sl_sleeptimer.o
LOAD ./gecko_sdk_3.2.1/platform/service/sleeptimer/src/sl_sleeptimer_hal_rtcc.o
LOAD ./gecko_sdk_3.2.1/platform/service/system/src/sl_system_init.o
LOAD ./gecko_sdk_3.2.1/platform/service/system/src/sl_system_process_action.o
LOAD ./gecko_sdk_3.2.1/platform/service/udelay/src/sl_udelay.o
LOAD ./gecko_sdk_3.2.1/platform/service/udelay/src/sl_udelay_armv6m_gcc.o
LOAD ./src/Source Files/app.o
LOAD ./src/Source Files/cmu.o
LOAD ./src/Source Files/gpio.o
LOAD ./src/Source Files/letimer.o
LOAD ./src/main.o
LOAD c:/siliconlabs/simplicitystudio/v5/developer/toolchains/gnu_arm/10.2_2020q4/bin/../lib/gcc/arm-none-eabi/10.2.1/thumb/v7e-m+fp/softfp\libgcc.a
LOAD c:/siliconlabs/simplicitystudio/v5/developer/toolchains/gnu_arm/10.2_2020q4/bin/../lib/gcc/arm-none-eabi/10.2.1/../../../../arm-none-eabi/lib/thumb/v7e-m+fp/softfp\libc_nano.a
LOAD c:/siliconlabs/simplicitystudio/v5/developer/toolchains/gnu_arm/10.2_2020q4/bin/../lib/gcc/arm-none-eabi/10.2.1/../../../../arm-none-eabi/lib/thumb/v7e-m+fp/softfp\libm.a
LOAD c:/siliconlabs/simplicitystudio/v5/developer/toolchains/gnu_arm/10.2_2020q4/bin/../lib/gcc/arm-none-eabi/10.2.1/../../../../arm-none-eabi/lib/thumb/v7e-m+fp/softfp\libnosys.a
END GROUP
START GROUP
LOAD c:/siliconlabs/simplicitystudio/v5/developer/toolchains/gnu_arm/10.2_2020q4/bin/../lib/gcc/arm-none-eabi/10.2.1/thumb/v7e-m+fp/softfp\libgcc.a
LOAD c:/siliconlabs/simplicitystudio/v5/developer/toolchains/gnu_arm/10.2_2020q4/bin/../lib/gcc/arm-none-eabi/10.2.1/../../../../arm-none-eabi/lib/thumb/v7e-m+fp/softfp\libc_nano.a
LOAD c:/siliconlabs/simplicitystudio/v5/developer/toolchains/gnu_arm/10.2_2020q4/bin/../lib/gcc/arm-none-eabi/10.2.1/../../../../arm-none-eabi/lib/thumb/v7e-m+fp/softfp\libnosys.a
END GROUP
START GROUP
LOAD c:/siliconlabs/simplicitystudio/v5/developer/toolchains/gnu_arm/10.2_2020q4/bin/../lib/gcc/arm-none-eabi/10.2.1/thumb/v7e-m+fp/softfp\libgcc.a
LOAD c:/siliconlabs/simplicitystudio/v5/developer/toolchains/gnu_arm/10.2_2020q4/bin/../lib/gcc/arm-none-eabi/10.2.1/../../../../arm-none-eabi/lib/thumb/v7e-m+fp/softfp\libg_nano.a
LOAD c:/siliconlabs/simplicitystudio/v5/developer/toolchains/gnu_arm/10.2_2020q4/bin/../lib/gcc/arm-none-eabi/10.2.1/../../../../arm-none-eabi/lib/thumb/v7e-m+fp/softfp\libc_nano.a
END GROUP
START GROUP
LOAD c:/siliconlabs/simplicitystudio/v5/developer/toolchains/gnu_arm/10.2_2020q4/bin/../lib/gcc/arm-none-eabi/10.2.1/thumb/v7e-m+fp/softfp\libgcc.a
LOAD c:/siliconlabs/simplicitystudio/v5/developer/toolchains/gnu_arm/10.2_2020q4/bin/../lib/gcc/arm-none-eabi/10.2.1/../../../../arm-none-eabi/lib/thumb/v7e-m+fp/softfp\libc_nano.a
END GROUP
LOAD c:/siliconlabs/simplicitystudio/v5/developer/toolchains/gnu_arm/10.2_2020q4/bin/../lib/gcc/arm-none-eabi/10.2.1/thumb/v7e-m+fp/softfp/crtend.o
LOAD c:/siliconlabs/simplicitystudio/v5/developer/toolchains/gnu_arm/10.2_2020q4/bin/../lib/gcc/arm-none-eabi/10.2.1/thumb/v7e-m+fp/softfp/crtn.o

.text           0x00000000     0x3c94
                0x00000000                linker_vectors_begin = .
 *(.vectors)
 .vectors       0x00000000      0x10c ./gecko_sdk_3.2.1/platform/Device/SiliconLabs/EFR32MG12P/Source/GCC/startup_efr32mg12p.o
                0x00000000                __Vectors
                0x0000010c                linker_vectors_end = .
                0x0000010c                __Vectors_End = .
                0x0000010c                __Vectors_Size = (__Vectors_End - __Vectors)
                0x0000010c                linker_code_begin = .
 *(.text*)
 .text          0x0000010c       0x40 c:/siliconlabs/simplicitystudio/v5/developer/toolchains/gnu_arm/10.2_2020q4/bin/../lib/gcc/arm-none-eabi/10.2.1/thumb/v7e-m+fp/softfp/crtbegin.o
 .text          0x0000014c       0x7c c:/siliconlabs/simplicitystudio/v5/developer/toolchains/gnu_arm/10.2_2020q4/bin/../lib/gcc/arm-none-eabi/10.2.1/../../../../arm-none-eabi/lib/thumb/v7e-m+fp/softfp/crt0.o
                0x0000014c                _stack_init
                0x00000154                _start
                0x00000154                _mainCRTStartup
 .text.Reset_Handler
                0x000001c8       0x48 ./gecko_sdk_3.2.1/platform/Device/SiliconLabs/EFR32MG12P/Source/GCC/startup_efr32mg12p.o
                0x000001c8                Reset_Handler
 .text.Default_Handler
                0x00000210        0x2 ./gecko_sdk_3.2.1/platform/Device/SiliconLabs/EFR32MG12P/Source/GCC/startup_efr32mg12p.o
                0x00000210                DebugMon_Handler
                0x00000210                USART0_TX_IRQHandler
                0x00000210                I2C0_IRQHandler
                0x00000210                HardFault_Handler
                0x00000210                SysTick_Handler
                0x00000210                USART1_RX_IRQHandler
                0x00000210                PendSV_Handler
                0x00000210                NMI_Handler
                0x00000210                SYNTH_IRQHandler
                0x00000210                I2C1_IRQHandler
                0x00000210                WTIMER0_IRQHandler
                0x00000210                CRYPTO0_IRQHandler
                0x00000210                WDOG0_IRQHandler
                0x00000210                USART1_TX_IRQHandler
                0x00000210                SMU_IRQHandler
                0x00000210                MSC_IRQHandler
                0x00000210                ADC0_IRQHandler
                0x00000210                UsageFault_Handler
                0x00000210                WDOG1_IRQHandler
                0x00000210                LEUART0_IRQHandler
                0x00000210                FPUEH_IRQHandler
                0x00000210                WTIMER1_IRQHandler
                0x00000210                GPIO_EVEN_IRQHandler
                0x00000210                VDAC0_IRQHandler
                0x00000210                LDMA_IRQHandler
                0x00000210                CSEN_IRQHandler
                0x00000210                CRYPTO1_IRQHandler
                0x00000210                TIMER0_IRQHandler
                0x00000210                PCNT2_IRQHandler
                0x00000210                LETIMER0_IRQHandler
                0x00000210                TIMER1_IRQHandler
                0x00000210                TRNG0_IRQHandler
                0x00000210                RFSENSE_IRQHandler
                0x00000210                BUFC_IRQHandler
                0x00000210                MODEM_IRQHandler
                0x00000210                USART2_RX_IRQHandler
                0x00000210                Default_Handler
                0x00000210                RAC_SEQ_IRQHandler
                0x00000210                FRC_PRI_IRQHandler
                0x00000210                EMU_IRQHandler
                0x00000210                FRC_IRQHandler
                0x00000210                CRYOTIMER_IRQHandler
                0x00000210                PCNT0_IRQHandler
                0x00000210                AGC_IRQHandler
                0x00000210                sl_app_properties
                0x00000210                PCNT1_IRQHandler
                0x00000210                ACMP0_IRQHandler
                0x00000210                USART0_RX_IRQHandler
                0x00000210                MemManage_Handler
                0x00000210                SVC_Handler
                0x00000210                USART3_RX_IRQHandler
                0x00000210                CMU_IRQHandler
                0x00000210                RAC_RSM_IRQHandler
                0x00000210                LESENSE_IRQHandler
                0x00000210                GPIO_ODD_IRQHandler
                0x00000210                USART3_TX_IRQHandler
                0x00000210                PROTIMER_IRQHandler
                0x00000210                BusFault_Handler
                0x00000210                USART2_TX_IRQHandler
                0x00000210                IDAC0_IRQHandler
 *fill*         0x00000212        0x2 
 .text.SystemCoreClockGet
                0x00000214       0x3c ./gecko_sdk_3.2.1/platform/Device/SiliconLabs/EFR32MG12P/Source/system_efr32mg12p.o
                0x00000214                SystemCoreClockGet
 .text.SystemMaxCoreClockGet
                0x00000250        0xc ./gecko_sdk_3.2.1/platform/Device/SiliconLabs/EFR32MG12P/Source/system_efr32mg12p.o
                0x00000250                SystemMaxCoreClockGet
 .text.SystemHFClockGet
                0x0000025c       0x7c ./gecko_sdk_3.2.1/platform/Device/SiliconLabs/EFR32MG12P/Source/system_efr32mg12p.o
                0x0000025c                SystemHFClockGet
 .text.SystemHFXOClockGet
                0x000002d8        0xc ./gecko_sdk_3.2.1/platform/Device/SiliconLabs/EFR32MG12P/Source/system_efr32mg12p.o
                0x000002d8                SystemHFXOClockGet
 .text.SystemInit
                0x000002e4       0x24 ./gecko_sdk_3.2.1/platform/Device/SiliconLabs/EFR32MG12P/Source/system_efr32mg12p.o
                0x000002e4                SystemInit
 .text.assertEFM
                0x00000308        0x8 ./gecko_sdk_3.2.1/platform/emlib/src/em_assert.o
                0x00000308                assertEFM
 .text.BUS_RegBitWrite
                0x00000310       0x40 ./gecko_sdk_3.2.1/platform/emlib/src/em_cmu.o
 .text.BUS_RegBitRead
                0x00000350       0x24 ./gecko_sdk_3.2.1/platform/emlib/src/em_cmu.o
 .text.EMU_LDOStatusGet
                0x00000374       0x1c ./gecko_sdk_3.2.1/platform/emlib/src/em_cmu.o
 .text.EMU_VScaleWait
                0x00000390       0x2c ./gecko_sdk_3.2.1/platform/emlib/src/em_cmu.o
 .text.EMU_VScaleGet
                0x000003bc       0x1c ./gecko_sdk_3.2.1/platform/emlib/src/em_cmu.o
 .text.setHfLeConfig
                0x000003d8       0x64 ./gecko_sdk_3.2.1/platform/emlib/src/em_cmu.o
 .text.flashWaitStateControl
                0x0000043c       0x94 ./gecko_sdk_3.2.1/platform/emlib/src/em_cmu.o
 .text.flashWaitStateMax
                0x000004d0       0x44 ./gecko_sdk_3.2.1/platform/emlib/src/em_cmu.o
 .text.CMU_UpdateWaitStates
                0x00000514       0x44 ./gecko_sdk_3.2.1/platform/emlib/src/em_cmu.o
                0x00000514                CMU_UpdateWaitStates
 .text.getRegIshUpperVal
                0x00000558       0x2c ./gecko_sdk_3.2.1/platform/emlib/src/em_cmu.o
 .text.getHfxoTuningMode
                0x00000584       0x14 ./gecko_sdk_3.2.1/platform/emlib/src/em_cmu.o
 .text.setHfxoTuningMode
                0x00000598       0x20 ./gecko_sdk_3.2.1/platform/emlib/src/em_cmu.o
 .text.syncReg  0x000005b8       0x30 ./gecko_sdk_3.2.1/platform/emlib/src/em_cmu.o
 .text.hfperClkSafePrescaler
                0x000005e8        0x4 ./gecko_sdk_3.2.1/platform/emlib/src/em_cmu.o
 .text.hfperClkOptimizedPrescaler
                0x000005ec        0x4 ./gecko_sdk_3.2.1/platform/emlib/src/em_cmu.o
 .text.CMU_ClockEnable
                0x000005f0       0xdc ./gecko_sdk_3.2.1/platform/emlib/src/em_cmu.o
                0x000005f0                CMU_ClockEnable
 .text.CMU_ClockSelectGet
                0x000006cc      0x214 ./gecko_sdk_3.2.1/platform/emlib/src/em_cmu.o
                0x000006cc                CMU_ClockSelectGet
 .text.CMU_ClockSelectSet
                0x000008e0      0x358 ./gecko_sdk_3.2.1/platform/emlib/src/em_cmu.o
                0x000008e0                CMU_ClockSelectSet
 .text.CMU_HFRCODevinfoGet
                0x00000c38      0x108 ./gecko_sdk_3.2.1/platform/emlib/src/em_cmu.o
 .text.CMU_HFRCOBandGet
                0x00000d40        0xc ./gecko_sdk_3.2.1/platform/emlib/src/em_cmu.o
                0x00000d40                CMU_HFRCOBandGet
 .text.CMU_HFRCOBandSet
                0x00000d4c      0x184 ./gecko_sdk_3.2.1/platform/emlib/src/em_cmu.o
                0x00000d4c                CMU_HFRCOBandSet
 .text.CMU_HFXOInit
                0x00000ed0      0x100 ./gecko_sdk_3.2.1/platform/emlib/src/em_cmu.o
                0x00000ed0                CMU_HFXOInit
 .text.CMU_OscillatorEnable
                0x00000fd0      0x1d0 ./gecko_sdk_3.2.1/platform/emlib/src/em_cmu.o
                0x00000fd0                CMU_OscillatorEnable
 .text.CMU_OscillatorTuningGet
                0x000011a0       0x80 ./gecko_sdk_3.2.1/platform/emlib/src/em_cmu.o
                0x000011a0                CMU_OscillatorTuningGet
 .text.CMU_OscillatorTuningSet
                0x00001220      0x158 ./gecko_sdk_3.2.1/platform/emlib/src/em_cmu.o
                0x00001220                CMU_OscillatorTuningSet
 .text.CMU_OscillatorTuningWait
                0x00001378       0xbc ./gecko_sdk_3.2.1/platform/emlib/src/em_cmu.o
                0x00001378                CMU_OscillatorTuningWait
 .text.CMU_OscillatorTuningOptimize
                0x00001434       0x74 ./gecko_sdk_3.2.1/platform/emlib/src/em_cmu.o
                0x00001434                CMU_OscillatorTuningOptimize
 .text.CORE_EnterCritical
                0x000014a8       0x18 ./gecko_sdk_3.2.1/platform/emlib/src/em_core.o
                0x000014a8                CORE_EnterCritical
 .text.CORE_ExitCritical
                0x000014c0       0x14 ./gecko_sdk_3.2.1/platform/emlib/src/em_core.o
                0x000014c0                CORE_ExitCritical
 .text.CORE_EnterAtomic
                0x000014d4       0x20 ./gecko_sdk_3.2.1/platform/emlib/src/em_core.o
                0x000014d4                CORE_EnterAtomic
 .text.CORE_ExitAtomic
                0x000014f4       0x16 ./gecko_sdk_3.2.1/platform/emlib/src/em_core.o
                0x000014f4                CORE_ExitAtomic
 .text.SystemCoreClockUpdate
                0x0000150a        0xa ./gecko_sdk_3.2.1/platform/emlib/src/em_emu.o
 .text.BUS_RegBitWrite
                0x00001514       0x40 ./gecko_sdk_3.2.1/platform/emlib/src/em_emu.o
 .text.BUS_RegBitRead
                0x00001554       0x24 ./gecko_sdk_3.2.1/platform/emlib/src/em_emu.o
 .text.EMU_LDOStatusGet
                0x00001578       0x1c ./gecko_sdk_3.2.1/platform/emlib/src/em_emu.o
 .text.EMU_VScaleWait
                0x00001594       0x2c ./gecko_sdk_3.2.1/platform/emlib/src/em_emu.o
 .text.EMU_VScaleGet
                0x000015c0       0x1c ./gecko_sdk_3.2.1/platform/emlib/src/em_emu.o
 .text.EMU_IntClear
                0x000015dc       0x14 ./gecko_sdk_3.2.1/platform/emlib/src/em_emu.o
 .text.EMU_IntGet
                0x000015f0        0xc ./gecko_sdk_3.2.1/platform/emlib/src/em_emu.o
 .text.EMU_PowerLock
                0x000015fc       0x10 ./gecko_sdk_3.2.1/platform/emlib/src/em_emu.o
 .text.EMU_PowerUnlock
                0x0000160c       0x10 ./gecko_sdk_3.2.1/platform/emlib/src/em_emu.o
 .text.CMU_Lock
                0x0000161c       0x10 ./gecko_sdk_3.2.1/platform/emlib/src/em_emu.o
 .text.CMU_Unlock
                0x0000162c       0x14 ./gecko_sdk_3.2.1/platform/emlib/src/em_emu.o
 .text.vScaleEM01Cmd
                0x00001640       0x1c ./gecko_sdk_3.2.1/platform/emlib/src/em_emu.o
 .text.emState  0x0000165c      0x158 ./gecko_sdk_3.2.1/platform/emlib/src/em_emu.o
 .text.vScaleDownEM23Setup
                0x000017b4       0x60 ./gecko_sdk_3.2.1/platform/emlib/src/em_emu.o
 .text.vScaleAfterWakeup
                0x00001814       0x3c ./gecko_sdk_3.2.1/platform/emlib/src/em_emu.o
 .text.EMU_EM23PresleepHook
                0x00001850        0x4 ./gecko_sdk_3.2.1/platform/emlib/src/em_emu.o
                0x00001850                EMU_EM23PresleepHook
 .text.EMU_EFPEM23PresleepHook
                0x00001854        0x4 ./gecko_sdk_3.2.1/platform/emlib/src/em_emu.o
                0x00001854                EMU_EFPEM23PresleepHook
 .text.EMU_EM23PostsleepHook
                0x00001858        0x4 ./gecko_sdk_3.2.1/platform/emlib/src/em_emu.o
                0x00001858                EMU_EM23PostsleepHook
 .text.EMU_EFPEM23PostsleepHook
                0x0000185c        0x4 ./gecko_sdk_3.2.1/platform/emlib/src/em_emu.o
                0x0000185c                EMU_EFPEM23PostsleepHook
 .text.EMU_EnterEM2
                0x00001860       0xa0 ./gecko_sdk_3.2.1/platform/emlib/src/em_emu.o
                0x00001860                EMU_EnterEM2
 .text.EMU_VScaleEM01ByClock
                0x00001900       0x88 ./gecko_sdk_3.2.1/platform/emlib/src/em_emu.o
                0x00001900                EMU_VScaleEM01ByClock
 .text.EMU_VScaleEM01
                0x00001988       0xbc ./gecko_sdk_3.2.1/platform/emlib/src/em_emu.o
                0x00001988                EMU_VScaleEM01
 .text.EMU_EM23Init
                0x00001a44       0x4c ./gecko_sdk_3.2.1/platform/emlib/src/em_emu.o
                0x00001a44                EMU_EM23Init
 .text.dcdcConstCalibrationLoad
                0x00001a90        0x6 ./gecko_sdk_3.2.1/platform/emlib/src/em_emu.o
 *fill*         0x00001a96        0x2 
 .text.dcdcValidatedConfigSet
                0x00001a98       0x40 ./gecko_sdk_3.2.1/platform/emlib/src/em_emu.o
 .text.currentLimitersUpdate
                0x00001ad8      0x128 ./gecko_sdk_3.2.1/platform/emlib/src/em_emu.o
 .text.userCurrentLimitsSet
                0x00001c00       0x28 ./gecko_sdk_3.2.1/platform/emlib/src/em_emu.o
 .text.compCtrlSet
                0x00001c28       0x4c ./gecko_sdk_3.2.1/platform/emlib/src/em_emu.o
 .text.lpCmpHystCalibrationLoad
                0x00001c74       0xf4 ./gecko_sdk_3.2.1/platform/emlib/src/em_emu.o
 .text.lpGetDevinfoVrefLowHigh
                0x00001d68      0x19c ./gecko_sdk_3.2.1/platform/emlib/src/em_emu.o
 .text.EMU_DCDCModeSet
                0x00001f04      0x11c ./gecko_sdk_3.2.1/platform/emlib/src/em_emu.o
                0x00001f04                EMU_DCDCModeSet
 .text.EMU_DCDCInit
                0x00002020      0x1c8 ./gecko_sdk_3.2.1/platform/emlib/src/em_emu.o
                0x00002020                EMU_DCDCInit
 .text.EMU_DCDCOutputVoltageSet
                0x000021e8      0x2dc ./gecko_sdk_3.2.1/platform/emlib/src/em_emu.o
                0x000021e8                EMU_DCDCOutputVoltageSet
 .text.EMU_DCDCOptimizeSlice
                0x000024c4       0xe4 ./gecko_sdk_3.2.1/platform/emlib/src/em_emu.o
                0x000024c4                EMU_DCDCOptimizeSlice
 .text.EMU_DCDCLnRcoBandSet
                0x000025a8       0x68 ./gecko_sdk_3.2.1/platform/emlib/src/em_emu.o
                0x000025a8                EMU_DCDCLnRcoBandSet
 .text.BUS_RegMaskedSet
                0x00002610       0x1a ./gecko_sdk_3.2.1/platform/emlib/src/em_gpio.o
 .text.BUS_RegMaskedClear
                0x0000262a       0x1a ./gecko_sdk_3.2.1/platform/emlib/src/em_gpio.o
 .text.BUS_RegMaskedWrite
                0x00002644       0x34 ./gecko_sdk_3.2.1/platform/emlib/src/em_gpio.o
 .text.GPIO_PinOutClear
                0x00002678       0xe8 ./gecko_sdk_3.2.1/platform/emlib/src/em_gpio.o
 .text.GPIO_PinOutSet
                0x00002760       0xe8 ./gecko_sdk_3.2.1/platform/emlib/src/em_gpio.o
 .text.GPIO_DriveStrengthSet
                0x00002848       0xa4 ./gecko_sdk_3.2.1/platform/emlib/src/em_gpio.o
                0x00002848                GPIO_DriveStrengthSet
 .text.GPIO_PinModeSet
                0x000028ec      0x1b4 ./gecko_sdk_3.2.1/platform/emlib/src/em_gpio.o
                0x000028ec                GPIO_PinModeSet
 .text.regSync  0x00002aa0       0x1c ./gecko_sdk_3.2.1/platform/emlib/src/em_letimer.o
 .text.LETIMER_CompareSet
                0x00002abc       0x58 ./gecko_sdk_3.2.1/platform/emlib/src/em_letimer.o
                0x00002abc                LETIMER_CompareSet
 .text.LETIMER_Enable
                0x00002b14       0x4c ./gecko_sdk_3.2.1/platform/emlib/src/em_letimer.o
                0x00002b14                LETIMER_Enable
 .text.LETIMER_Init
                0x00002b60      0x110 ./gecko_sdk_3.2.1/platform/emlib/src/em_letimer.o
                0x00002b60                LETIMER_Init
 .text.process_timer_irq
                0x00002c70      0x1ac ./gecko_sdk_3.2.1/platform/service/sleeptimer/src/sl_sleeptimer.o
                0x00002c70                process_timer_irq
 .text.delta_list_insert_timer
                0x00002e1c       0xb0 ./gecko_sdk_3.2.1/platform/service/sleeptimer/src/sl_sleeptimer.o
 .text.delta_list_remove_timer
                0x00002ecc       0x74 ./gecko_sdk_3.2.1/platform/service/sleeptimer/src/sl_sleeptimer.o
 .text.set_comparator_for_next_timer
                0x00002f40       0x34 ./gecko_sdk_3.2.1/platform/service/sleeptimer/src/sl_sleeptimer.o
 .text.update_first_timer_delta
                0x00002f74       0x70 ./gecko_sdk_3.2.1/platform/service/sleeptimer/src/sl_sleeptimer.o
 .text.update_next_timer_to_expire_is_power_manager
                0x00002fe4       0x58 ./gecko_sdk_3.2.1/platform/service/sleeptimer/src/sl_sleeptimer.o
 .text.RTCC_ChannelCompareValueGet
                0x0000303c       0x34 ./gecko_sdk_3.2.1/platform/service/sleeptimer/src/sl_sleeptimer_hal_rtcc.o
 .text.RTCC_ChannelCompareValueSet
                0x00003070       0x38 ./gecko_sdk_3.2.1/platform/service/sleeptimer/src/sl_sleeptimer_hal_rtcc.o
 .text.RTCC_ChannelCCVGet
                0x000030a8       0x16 ./gecko_sdk_3.2.1/platform/service/sleeptimer/src/sl_sleeptimer_hal_rtcc.o
 .text.RTCC_ChannelCCVSet
                0x000030be       0x18 ./gecko_sdk_3.2.1/platform/service/sleeptimer/src/sl_sleeptimer_hal_rtcc.o
 *fill*         0x000030d6        0x2 
 .text.RTCC_CounterGet
                0x000030d8        0xc ./gecko_sdk_3.2.1/platform/service/sleeptimer/src/sl_sleeptimer_hal_rtcc.o
 .text.RTCC_IntClear
                0x000030e4       0x14 ./gecko_sdk_3.2.1/platform/service/sleeptimer/src/sl_sleeptimer_hal_rtcc.o
 .text.RTCC_IntDisable
                0x000030f8       0x1c ./gecko_sdk_3.2.1/platform/service/sleeptimer/src/sl_sleeptimer_hal_rtcc.o
 .text.RTCC_IntEnable
                0x00003114       0x1c ./gecko_sdk_3.2.1/platform/service/sleeptimer/src/sl_sleeptimer_hal_rtcc.o
 .text.RTCC_IntGet
                0x00003130        0xc ./gecko_sdk_3.2.1/platform/service/sleeptimer/src/sl_sleeptimer_hal_rtcc.o
 .text.sleeptimer_hal_get_counter
                0x0000313c        0xc ./gecko_sdk_3.2.1/platform/service/sleeptimer/src/sl_sleeptimer_hal_rtcc.o
                0x0000313c                sleeptimer_hal_get_counter
 .text.sleeptimer_hal_get_compare
                0x00003148        0xe ./gecko_sdk_3.2.1/platform/service/sleeptimer/src/sl_sleeptimer_hal_rtcc.o
                0x00003148                sleeptimer_hal_get_compare
 *fill*         0x00003156        0x2 
 .text.sleeptimer_hal_set_compare
                0x00003158       0x9c ./gecko_sdk_3.2.1/platform/service/sleeptimer/src/sl_sleeptimer_hal_rtcc.o
                0x00003158                sleeptimer_hal_set_compare
 .text.sleeptimer_hal_enable_int
                0x000031f4       0x44 ./gecko_sdk_3.2.1/platform/service/sleeptimer/src/sl_sleeptimer_hal_rtcc.o
                0x000031f4                sleeptimer_hal_enable_int
 .text.sleeptimer_hal_disable_int
                0x00003238       0x60 ./gecko_sdk_3.2.1/platform/service/sleeptimer/src/sl_sleeptimer_hal_rtcc.o
                0x00003238                sleeptimer_hal_disable_int
 .text.RTCC_IRQHandler
                0x00003298       0x66 ./gecko_sdk_3.2.1/platform/service/sleeptimer/src/sl_sleeptimer_hal_rtcc.o
                0x00003298                RTCC_IRQHandler
 .text.get_time_diff
                0x000032fe       0x12 ./gecko_sdk_3.2.1/platform/service/sleeptimer/src/sl_sleeptimer_hal_rtcc.o
 .text.app_peripheral_setup
                0x00003310       0x2c ./src/Source Files/app.o
                0x00003310                app_peripheral_setup
 .text.app_letimer_pwm_open
                0x0000333c       0x4c ./src/Source Files/app.o
 .text.cmu_open
                0x00003388       0x40 ./src/Source Files/cmu.o
                0x00003388                cmu_open
 .text.gpio_open
                0x000033c8       0x40 ./src/Source Files/gpio.o
                0x000033c8                gpio_open
 .text.letimer_pwm_open
                0x00003408      0x12c ./src/Source Files/letimer.o
                0x00003408                letimer_pwm_open
 .text.letimer_start
                0x00003534       0x20 ./src/Source Files/letimer.o
                0x00003534                letimer_start
 .text.SYSTEM_GetProdRev
                0x00003554       0x10 ./src/main.o
 .text.CHIP_Init
                0x00003564       0x94 ./src/main.o
 .text.main     0x000035f8       0x84 ./src/main.o
                0x000035f8                main
 .text.exit     0x0000367c       0x28 c:/siliconlabs/simplicitystudio/v5/developer/toolchains/gnu_arm/10.2_2020q4/bin/../lib/gcc/arm-none-eabi/10.2.1/../../../../arm-none-eabi/lib/thumb/v7e-m+fp/softfp\libc_nano.a(lib_a-exit.o)
                0x0000367c                exit
 .text.__libc_init_array
                0x000036a4       0x48 c:/siliconlabs/simplicitystudio/v5/developer/toolchains/gnu_arm/10.2_2020q4/bin/../lib/gcc/arm-none-eabi/10.2.1/../../../../arm-none-eabi/lib/thumb/v7e-m+fp/softfp\libc_nano.a(lib_a-init.o)
                0x000036a4                __libc_init_array
 .text.memset   0x000036ec       0x10 c:/siliconlabs/simplicitystudio/v5/developer/toolchains/gnu_arm/10.2_2020q4/bin/../lib/gcc/arm-none-eabi/10.2.1/../../../../arm-none-eabi/lib/thumb/v7e-m+fp/softfp\libc_nano.a(lib_a-memset.o)
                0x000036ec                memset
 .text._exit    0x000036fc        0x4 c:/siliconlabs/simplicitystudio/v5/developer/toolchains/gnu_arm/10.2_2020q4/bin/../lib/gcc/arm-none-eabi/10.2.1/../../../../arm-none-eabi/lib/thumb/v7e-m+fp/softfp\libnosys.a(_exit.o)
                0x000036fc                _exit
                0x00003700                linker_code_end = .
 *(.init)
 .init          0x00003700        0x4 c:/siliconlabs/simplicitystudio/v5/developer/toolchains/gnu_arm/10.2_2020q4/bin/../lib/gcc/arm-none-eabi/10.2.1/thumb/v7e-m+fp/softfp/crti.o
                0x00003700                _init
 .init          0x00003704        0x8 c:/siliconlabs/simplicitystudio/v5/developer/toolchains/gnu_arm/10.2_2020q4/bin/../lib/gcc/arm-none-eabi/10.2.1/thumb/v7e-m+fp/softfp/crtn.o
 *(.fini)
 .fini          0x0000370c        0x4 c:/siliconlabs/simplicitystudio/v5/developer/toolchains/gnu_arm/10.2_2020q4/bin/../lib/gcc/arm-none-eabi/10.2.1/thumb/v7e-m+fp/softfp/crti.o
                0x0000370c                _fini
 .fini          0x00003710        0x8 c:/siliconlabs/simplicitystudio/v5/developer/toolchains/gnu_arm/10.2_2020q4/bin/../lib/gcc/arm-none-eabi/10.2.1/thumb/v7e-m+fp/softfp/crtn.o
 .fini.__stub   0x00003718        0x8 linker stubs
 *crtbegin.o(.ctors)
 *crtbegin?.o(.ctors)
 *(EXCLUDE_FILE(*crtend.o *crtend?.o) .ctors)
 *(SORT_BY_NAME(.ctors.*))
 *(.ctors)
 *crtbegin.o(.dtors)
 *crtbegin?.o(.dtors)
 *(EXCLUDE_FILE(*crtend.o *crtend?.o) .dtors)
 *(SORT_BY_NAME(.dtors.*))
 *(.dtors)
 *(.rodata*)
 .rodata        0x00003720      0x193 ./gecko_sdk_3.2.1/platform/emlib/src/em_cmu.o
 *fill*         0x000038b3        0x1 
 .rodata.flashWsTable
                0x000038b4       0x28 ./gecko_sdk_3.2.1/platform/emlib/src/em_cmu.o
 .rodata        0x000038dc       0xcb ./gecko_sdk_3.2.1/platform/emlib/src/em_emu.o
 *fill*         0x000039a7        0x1 
 .rodata        0x000039a8      0x12c ./gecko_sdk_3.2.1/platform/emlib/src/em_gpio.o
 .rodata        0x00003ad4       0x33 ./gecko_sdk_3.2.1/platform/emlib/src/em_letimer.o
 *fill*         0x00003b07        0x1 
 .rodata        0x00003b08      0x143 ./gecko_sdk_3.2.1/platform/service/sleeptimer/src/sl_sleeptimer_hal_rtcc.o
 *fill*         0x00003c4b        0x1 
 .rodata        0x00003c4c       0x1e ./src/Source Files/letimer.o
 *fill*         0x00003c6a        0x2 
 .rodata        0x00003c6c       0x22 ./src/main.o
 *fill*         0x00003c8e        0x2 
 .rodata._global_impure_ptr
                0x00003c90        0x4 c:/siliconlabs/simplicitystudio/v5/developer/toolchains/gnu_arm/10.2_2020q4/bin/../lib/gcc/arm-none-eabi/10.2.1/../../../../arm-none-eabi/lib/thumb/v7e-m+fp/softfp\libc_nano.a(lib_a-impure.o)
                0x00003c90                _global_impure_ptr
 *(.eh_frame*)
 .eh_frame      0x00003c94        0x0 c:/siliconlabs/simplicitystudio/v5/developer/toolchains/gnu_arm/10.2_2020q4/bin/../lib/gcc/arm-none-eabi/10.2.1/thumb/v7e-m+fp/softfp/crtbegin.o

.glue_7         0x00003c94        0x0
 .glue_7        0x00003c94        0x0 linker stubs

.glue_7t        0x00003c94        0x0
 .glue_7t       0x00003c94        0x0 linker stubs

.vfp11_veneer   0x00003c94        0x0
 .vfp11_veneer  0x00003c94        0x0 linker stubs

.v4_bx          0x00003c94        0x0
 .v4_bx         0x00003c94        0x0 linker stubs

.iplt           0x00003c94        0x0
 .iplt          0x00003c94        0x0 c:/siliconlabs/simplicitystudio/v5/developer/toolchains/gnu_arm/10.2_2020q4/bin/../lib/gcc/arm-none-eabi/10.2.1/thumb/v7e-m+fp/softfp/crtbegin.o

.ARM.extab
 *(.ARM.extab* .gnu.linkonce.armextab.*)
                0x00003c94                __exidx_start = .

.ARM.exidx      0x00003c94        0x8
 *(.ARM.exidx* .gnu.linkonce.armexidx.*)
 .ARM.exidx     0x00003c94        0x8 c:/siliconlabs/simplicitystudio/v5/developer/toolchains/gnu_arm/10.2_2020q4/bin/../lib/gcc/arm-none-eabi/10.2.1/../../../../arm-none-eabi/lib/thumb/v7e-m+fp/softfp/crt0.o
                                 0x10 (size before relaxing)
                0x00003c9c                __exidx_end = .
                0x00003c9c                __etext = .

.rel.dyn        0x00003c9c        0x0
 .rel.iplt      0x00003c9c        0x0 c:/siliconlabs/simplicitystudio/v5/developer/toolchains/gnu_arm/10.2_2020q4/bin/../lib/gcc/arm-none-eabi/10.2.1/thumb/v7e-m+fp/softfp/crtbegin.o
                0x20000000                . = ORIGIN (RAM)

.stack          0x20000000     0x1000
                0x20000000                __StackLimit = .
 *(.stack*)
 .stack         0x20000000        0x0 ./gecko_sdk_3.2.1/platform/Device/SiliconLabs/EFR32MG12P/Source/GCC/startup_efr32mg12p.o
 .stack         0x20000000     0x1000 ./gecko_sdk_3.2.1/platform/common/toolchain/src/sl_memory.o
                0x20001000                . = ALIGN (0x4)
                0x20001000                __StackTop = .
                0x20001000                PROVIDE (__stack = __StackTop)

.noinit
 *(.noinit*)

.data           0x20001000       0x9c load address 0x00003c9c
                0x20001000                . = ALIGN (0x4)
                0x20001000                __data_start__ = .
 *(vtable)
 *(.data*)
 .data.SystemHFXOClock
                0x20001000        0x4 ./gecko_sdk_3.2.1/platform/Device/SiliconLabs/EFR32MG12P/Source/system_efr32mg12p.o
 .data.SystemLFXOClock
                0x20001004        0x4 ./gecko_sdk_3.2.1/platform/Device/SiliconLabs/EFR32MG12P/Source/system_efr32mg12p.o
 .data.SystemCoreClock
                0x20001008        0x4 ./gecko_sdk_3.2.1/platform/Device/SiliconLabs/EFR32MG12P/Source/system_efr32mg12p.o
                0x20001008                SystemCoreClock
 .data.SystemHfrcoFreq
                0x2000100c        0x4 ./gecko_sdk_3.2.1/platform/Device/SiliconLabs/EFR32MG12P/Source/system_efr32mg12p.o
                0x2000100c                SystemHfrcoFreq
 .data.cc_disabled
                0x20001010        0x1 ./gecko_sdk_3.2.1/platform/service/sleeptimer/src/sl_sleeptimer_hal_rtcc.o
 *fill*         0x20001011        0x3 
 .data.impure_data
                0x20001014       0x60 c:/siliconlabs/simplicitystudio/v5/developer/toolchains/gnu_arm/10.2_2020q4/bin/../lib/gcc/arm-none-eabi/10.2.1/../../../../arm-none-eabi/lib/thumb/v7e-m+fp/softfp\libc_nano.a(lib_a-impure.o)
                0x20001074                . = ALIGN (0x4)
                [!provide]                PROVIDE (__ram_func_section_start = .)
 *(.ram)
 .ram           0x20001074       0x20 ./gecko_sdk_3.2.1/platform/emlib/src/em_emu.o
                [!provide]                PROVIDE (__ram_func_section_end = .)
                0x20001094                . = ALIGN (0x4)
                0x20001094                PROVIDE (__preinit_array_start = .)
 *(.preinit_array)
                0x20001094                PROVIDE (__preinit_array_end = .)
                0x20001094                . = ALIGN (0x4)
                0x20001094                PROVIDE (__init_array_start = .)
 *(SORT_BY_NAME(.init_array.*))
 *(.init_array)
 .init_array    0x20001094        0x4 c:/siliconlabs/simplicitystudio/v5/developer/toolchains/gnu_arm/10.2_2020q4/bin/../lib/gcc/arm-none-eabi/10.2.1/thumb/v7e-m+fp/softfp/crtbegin.o
                0x20001098                PROVIDE (__init_array_end = .)
                0x20001098                . = ALIGN (0x4)
                [!provide]                PROVIDE (__fini_array_start = .)
 *(SORT_BY_NAME(.fini_array.*))
 *(.fini_array)
 .fini_array    0x20001098        0x4 c:/siliconlabs/simplicitystudio/v5/developer/toolchains/gnu_arm/10.2_2020q4/bin/../lib/gcc/arm-none-eabi/10.2.1/thumb/v7e-m+fp/softfp/crtbegin.o
                [!provide]                PROVIDE (__fini_array_end = .)
                0x2000109c                . = ALIGN (0x4)
                0x2000109c                __data_end__ = .

.igot.plt       0x2000109c        0x0 load address 0x00003d38
 .igot.plt      0x2000109c        0x0 c:/siliconlabs/simplicitystudio/v5/developer/toolchains/gnu_arm/10.2_2020q4/bin/../lib/gcc/arm-none-eabi/10.2.1/thumb/v7e-m+fp/softfp/crtbegin.o

.bss            0x2000109c       0x44 load address 0x00003d38
                0x2000109c                . = ALIGN (0x4)
                0x2000109c                __bss_start__ = .
 *(.bss*)
 .bss           0x2000109c       0x1c c:/siliconlabs/simplicitystudio/v5/developer/toolchains/gnu_arm/10.2_2020q4/bin/../lib/gcc/arm-none-eabi/10.2.1/thumb/v7e-m+fp/softfp/crtbegin.o
 .bss.dcdcMaxCurrent_mA
                0x200010b8        0x2 ./gecko_sdk_3.2.1/platform/emlib/src/em_emu.o
 .bss.dcdcEm01LoadCurrent_mA
                0x200010ba        0x2 ./gecko_sdk_3.2.1/platform/emlib/src/em_emu.o
 .bss.dcdcReverseCurrentControl
                0x200010bc        0x2 ./gecko_sdk_3.2.1/platform/emlib/src/em_emu.o
 *fill*         0x200010be        0x2 
 .bss.vScaleEM01Config
                0x200010c0        0x1 ./gecko_sdk_3.2.1/platform/emlib/src/em_emu.o
 *fill*         0x200010c1        0x3 
 .bss.cmuStatus.3
                0x200010c4        0x4 ./gecko_sdk_3.2.1/platform/emlib/src/em_emu.o
 .bss.hfClock.2
                0x200010c8        0x1 ./gecko_sdk_3.2.1/platform/emlib/src/em_emu.o
 .bss.vScaleStatus.1
                0x200010c9        0x1 ./gecko_sdk_3.2.1/platform/emlib/src/em_emu.o
 *fill*         0x200010ca        0x2 
 .bss.hfrcoCtrl.0
                0x200010cc        0x4 ./gecko_sdk_3.2.1/platform/emlib/src/em_emu.o
 .bss.overflow_counter
                0x200010d0        0x2 ./gecko_sdk_3.2.1/platform/service/sleeptimer/src/sl_sleeptimer.o
 *fill*         0x200010d2        0x2 
 .bss.timer_head
                0x200010d4        0x4 ./gecko_sdk_3.2.1/platform/service/sleeptimer/src/sl_sleeptimer.o
 .bss.last_delta_update_count
                0x200010d8        0x4 ./gecko_sdk_3.2.1/platform/service/sleeptimer/src/sl_sleeptimer.o
 .bss.next_timer_to_expire_is_power_manager
                0x200010dc        0x1 ./gecko_sdk_3.2.1/platform/service/sleeptimer/src/sl_sleeptimer.o
 .bss.sleep_on_isr_exit
                0x200010dd        0x1 ./gecko_sdk_3.2.1/platform/service/sleeptimer/src/sl_sleeptimer.o
 *(COMMON)
                0x200010e0                . = ALIGN (0x4)
 *fill*         0x200010de        0x2 
                0x200010e0                __bss_end__ = .

.heap           0x200010e0    0x3ef20
                0x200010e0                __HeapBase = .
                0x200010e0                __end__ = .
                0x200010e0                end = __end__
                0x200010e0                _end = __end__
 *(.heap*)
 .heap          0x200010e0      0x800 ./gecko_sdk_3.2.1/platform/common/toolchain/src/sl_memory.o
                0x20040000                . = (ORIGIN (RAM) + LENGTH (RAM))
 *fill*         0x200018e0    0x3e720 
                0x20040000                __HeapLimit = .
                0x0003ef20                __heap_size = (__HeapLimit - __HeapBase)
                0x00100000                __main_flash_end__ = 0x100000

.internal_storage
                0x00003c9c        0x0
 *(.internal_storage*)

.nvm            0x00003c9c        0x0
 *(.simee*)
                0x00100000                linker_nvm_end = __main_flash_end__
                0x00100000                linker_nvm_begin = (linker_nvm_end - SIZEOF (.nvm))
                0x00000000                linker_nvm_size = SIZEOF (.nvm)
                0x00100000                linker_storage_end = linker_nvm_begin
                0x00100000                linker_storage_begin = (linker_storage_end - SIZEOF (.internal_storage))
                0x00000000                linker_storage_size = SIZEOF (.internal_storage)
                0x00100000                __nvm3Base = linker_nvm_begin
OUTPUT(WS_2370_TS2_PWM_Import.axf elf32-littlearm)
LOAD linker stubs

.ARM.attributes
                0x00000000       0x2e
 .ARM.attributes
                0x00000000       0x1e c:/siliconlabs/simplicitystudio/v5/developer/toolchains/gnu_arm/10.2_2020q4/bin/../lib/gcc/arm-none-eabi/10.2.1/thumb/v7e-m+fp/softfp/crti.o
 .ARM.attributes
                0x0000001e       0x32 c:/siliconlabs/simplicitystudio/v5/developer/toolchains/gnu_arm/10.2_2020q4/bin/../lib/gcc/arm-none-eabi/10.2.1/thumb/v7e-m+fp/softfp/crtbegin.o
 .ARM.attributes
                0x00000050       0x1c c:/siliconlabs/simplicitystudio/v5/developer/toolchains/gnu_arm/10.2_2020q4/bin/../lib/gcc/arm-none-eabi/10.2.1/../../../../arm-none-eabi/lib/thumb/v7e-m+fp/softfp/crt0.o
 .ARM.attributes
                0x0000006c       0x32 ./gecko_sdk_3.2.1/platform/Device/SiliconLabs/EFR32MG12P/Source/GCC/startup_efr32mg12p.o
 .ARM.attributes
                0x0000009e       0x32 ./gecko_sdk_3.2.1/platform/Device/SiliconLabs/EFR32MG12P/Source/system_efr32mg12p.o
 .ARM.attributes
                0x000000d0       0x32 ./gecko_sdk_3.2.1/platform/common/toolchain/src/sl_memory.o
 .ARM.attributes
                0x00000102       0x32 ./gecko_sdk_3.2.1/platform/emlib/src/em_assert.o
 .ARM.attributes
                0x00000134       0x32 ./gecko_sdk_3.2.1/platform/emlib/src/em_cmu.o
 .ARM.attributes
                0x00000166       0x32 ./gecko_sdk_3.2.1/platform/emlib/src/em_core.o
 .ARM.attributes
                0x00000198       0x32 ./gecko_sdk_3.2.1/platform/emlib/src/em_emu.o
 .ARM.attributes
                0x000001ca       0x32 ./gecko_sdk_3.2.1/platform/emlib/src/em_gpio.o
 .ARM.attributes
                0x000001fc       0x32 ./gecko_sdk_3.2.1/platform/emlib/src/em_letimer.o
 .ARM.attributes
                0x0000022e       0x32 ./gecko_sdk_3.2.1/platform/service/sleeptimer/src/sl_sleeptimer.o
 .ARM.attributes
                0x00000260       0x32 ./gecko_sdk_3.2.1/platform/service/sleeptimer/src/sl_sleeptimer_hal_rtcc.o
 .ARM.attributes
                0x00000292       0x32 ./src/Source Files/app.o
 .ARM.attributes
                0x000002c4       0x32 ./src/Source Files/cmu.o
 .ARM.attributes
                0x000002f6       0x32 ./src/Source Files/gpio.o
 .ARM.attributes
                0x00000328       0x32 ./src/Source Files/letimer.o
 .ARM.attributes
                0x0000035a       0x32 ./src/main.o
 .ARM.attributes
                0x0000038c       0x32 c:/siliconlabs/simplicitystudio/v5/developer/toolchains/gnu_arm/10.2_2020q4/bin/../lib/gcc/arm-none-eabi/10.2.1/../../../../arm-none-eabi/lib/thumb/v7e-m+fp/softfp\libc_nano.a(lib_a-exit.o)
 .ARM.attributes
                0x000003be       0x30 c:/siliconlabs/simplicitystudio/v5/developer/toolchains/gnu_arm/10.2_2020q4/bin/../lib/gcc/arm-none-eabi/10.2.1/../../../../arm-none-eabi/lib/thumb/v7e-m+fp/softfp\libc_nano.a(lib_a-impure.o)
 .ARM.attributes
                0x000003ee       0x32 c:/siliconlabs/simplicitystudio/v5/developer/toolchains/gnu_arm/10.2_2020q4/bin/../lib/gcc/arm-none-eabi/10.2.1/../../../../arm-none-eabi/lib/thumb/v7e-m+fp/softfp\libc_nano.a(lib_a-init.o)
 .ARM.attributes
                0x00000420       0x32 c:/siliconlabs/simplicitystudio/v5/developer/toolchains/gnu_arm/10.2_2020q4/bin/../lib/gcc/arm-none-eabi/10.2.1/../../../../arm-none-eabi/lib/thumb/v7e-m+fp/softfp\libc_nano.a(lib_a-memset.o)
 .ARM.attributes
                0x00000452       0x32 c:/siliconlabs/simplicitystudio/v5/developer/toolchains/gnu_arm/10.2_2020q4/bin/../lib/gcc/arm-none-eabi/10.2.1/../../../../arm-none-eabi/lib/thumb/v7e-m+fp/softfp\libnosys.a(_exit.o)
 .ARM.attributes
                0x00000484       0x1e c:/siliconlabs/simplicitystudio/v5/developer/toolchains/gnu_arm/10.2_2020q4/bin/../lib/gcc/arm-none-eabi/10.2.1/thumb/v7e-m+fp/softfp/crtn.o

.comment        0x00000000       0x4d
 .comment       0x00000000       0x4d ./gecko_sdk_3.2.1/platform/Device/SiliconLabs/EFR32MG12P/Source/GCC/startup_efr32mg12p.o
                                 0x4e (size before relaxing)
 .comment       0x0000004d       0x4e ./gecko_sdk_3.2.1/platform/Device/SiliconLabs/EFR32MG12P/Source/system_efr32mg12p.o
 .comment       0x0000004d       0x4e ./gecko_sdk_3.2.1/platform/common/toolchain/src/sl_memory.o
 .comment       0x0000004d       0x4e ./gecko_sdk_3.2.1/platform/emlib/src/em_assert.o
 .comment       0x0000004d       0x4e ./gecko_sdk_3.2.1/platform/emlib/src/em_cmu.o
 .comment       0x0000004d       0x4e ./gecko_sdk_3.2.1/platform/emlib/src/em_core.o
 .comment       0x0000004d       0x4e ./gecko_sdk_3.2.1/platform/emlib/src/em_emu.o
 .comment       0x0000004d       0x4e ./gecko_sdk_3.2.1/platform/emlib/src/em_gpio.o
 .comment       0x0000004d       0x4e ./gecko_sdk_3.2.1/platform/emlib/src/em_letimer.o
 .comment       0x0000004d       0x4e ./gecko_sdk_3.2.1/platform/service/sleeptimer/src/sl_sleeptimer.o
 .comment       0x0000004d       0x4e ./gecko_sdk_3.2.1/platform/service/sleeptimer/src/sl_sleeptimer_hal_rtcc.o
 .comment       0x0000004d       0x4e ./src/Source Files/app.o
 .comment       0x0000004d       0x4e ./src/Source Files/cmu.o
 .comment       0x0000004d       0x4e ./src/Source Files/gpio.o
 .comment       0x0000004d       0x4e ./src/Source Files/letimer.o
 .comment       0x0000004d       0x4e ./src/main.o

.debug_info     0x00000000     0xba55
 .debug_info    0x00000000      0x214 ./gecko_sdk_3.2.1/platform/Device/SiliconLabs/EFR32MG12P/Source/GCC/startup_efr32mg12p.o
 .debug_info    0x00000214      0x991 ./gecko_sdk_3.2.1/platform/Device/SiliconLabs/EFR32MG12P/Source/system_efr32mg12p.o
 .debug_info    0x00000ba5      0x1f8 ./gecko_sdk_3.2.1/platform/common/toolchain/src/sl_memory.o
 .debug_info    0x00000d9d       0x81 ./gecko_sdk_3.2.1/platform/emlib/src/em_assert.o
 .debug_info    0x00000e1e     0x26d0 ./gecko_sdk_3.2.1/platform/emlib/src/em_cmu.o
 .debug_info    0x000034ee      0xe3e ./gecko_sdk_3.2.1/platform/emlib/src/em_core.o
 .debug_info    0x0000432c     0x2816 ./gecko_sdk_3.2.1/platform/emlib/src/em_emu.o
 .debug_info    0x00006b42      0xae2 ./gecko_sdk_3.2.1/platform/emlib/src/em_gpio.o
 .debug_info    0x00007624      0x687 ./gecko_sdk_3.2.1/platform/emlib/src/em_letimer.o
 .debug_info    0x00007cab      0xc3b ./gecko_sdk_3.2.1/platform/service/sleeptimer/src/sl_sleeptimer.o
 .debug_info    0x000088e6      0xebd ./gecko_sdk_3.2.1/platform/service/sleeptimer/src/sl_sleeptimer_hal_rtcc.o
 .debug_info    0x000097a3      0x301 ./src/Source Files/app.o
 .debug_info    0x00009aa4      0x2d1 ./src/Source Files/cmu.o
 .debug_info    0x00009d75      0x317 ./src/Source Files/gpio.o
 .debug_info    0x0000a08c      0x602 ./src/Source Files/letimer.o
 .debug_info    0x0000a68e     0x13c7 ./src/main.o

.debug_abbrev   0x00000000     0x1b66
 .debug_abbrev  0x00000000      0x137 ./gecko_sdk_3.2.1/platform/Device/SiliconLabs/EFR32MG12P/Source/GCC/startup_efr32mg12p.o
 .debug_abbrev  0x00000137      0x206 ./gecko_sdk_3.2.1/platform/Device/SiliconLabs/EFR32MG12P/Source/system_efr32mg12p.o
 .debug_abbrev  0x0000033d      0x10a ./gecko_sdk_3.2.1/platform/common/toolchain/src/sl_memory.o
 .debug_abbrev  0x00000447       0x6c ./gecko_sdk_3.2.1/platform/emlib/src/em_assert.o
 .debug_abbrev  0x000004b3      0x376 ./gecko_sdk_3.2.1/platform/emlib/src/em_cmu.o
 .debug_abbrev  0x00000829      0x2a0 ./gecko_sdk_3.2.1/platform/emlib/src/em_core.o
 .debug_abbrev  0x00000ac9      0x361 ./gecko_sdk_3.2.1/platform/emlib/src/em_emu.o
 .debug_abbrev  0x00000e2a      0x20e ./gecko_sdk_3.2.1/platform/emlib/src/em_gpio.o
 .debug_abbrev  0x00001038      0x223 ./gecko_sdk_3.2.1/platform/emlib/src/em_letimer.o
 .debug_abbrev  0x0000125b      0x21f ./gecko_sdk_3.2.1/platform/service/sleeptimer/src/sl_sleeptimer.o
 .debug_abbrev  0x0000147a      0x2a0 ./gecko_sdk_3.2.1/platform/service/sleeptimer/src/sl_sleeptimer_hal_rtcc.o
 .debug_abbrev  0x0000171a       0xe5 ./src/Source Files/app.o
 .debug_abbrev  0x000017ff       0x77 ./src/Source Files/cmu.o
 .debug_abbrev  0x00001876       0x77 ./src/Source Files/gpio.o
 .debug_abbrev  0x000018ed      0x117 ./src/Source Files/letimer.o
 .debug_abbrev  0x00001a04      0x162 ./src/main.o

.debug_loc      0x00000000     0x2a3c
 .debug_loc     0x00000000       0x2c ./gecko_sdk_3.2.1/platform/Device/SiliconLabs/EFR32MG12P/Source/GCC/startup_efr32mg12p.o
 .debug_loc     0x0000002c       0xd4 ./gecko_sdk_3.2.1/platform/Device/SiliconLabs/EFR32MG12P/Source/system_efr32mg12p.o
 .debug_loc     0x00000100       0x84 ./gecko_sdk_3.2.1/platform/common/toolchain/src/sl_memory.o
 .debug_loc     0x00000184       0x20 ./gecko_sdk_3.2.1/platform/emlib/src/em_assert.o
 .debug_loc     0x000001a4      0x9ec ./gecko_sdk_3.2.1/platform/emlib/src/em_cmu.o
 .debug_loc     0x00000b90      0x490 ./gecko_sdk_3.2.1/platform/emlib/src/em_core.o
 .debug_loc     0x00001020      0x911 ./gecko_sdk_3.2.1/platform/emlib/src/em_emu.o
 .debug_loc     0x00001931      0x2e0 ./gecko_sdk_3.2.1/platform/emlib/src/em_gpio.o
 .debug_loc     0x00001c11      0x2c8 ./gecko_sdk_3.2.1/platform/emlib/src/em_letimer.o
 .debug_loc     0x00001ed9      0x5c3 ./gecko_sdk_3.2.1/platform/service/sleeptimer/src/sl_sleeptimer.o
 .debug_loc     0x0000249c      0x434 ./gecko_sdk_3.2.1/platform/service/sleeptimer/src/sl_sleeptimer_hal_rtcc.o
 .debug_loc     0x000028d0       0x58 ./src/Source Files/app.o
 .debug_loc     0x00002928       0x20 ./src/Source Files/cmu.o
 .debug_loc     0x00002948       0x20 ./src/Source Files/gpio.o
 .debug_loc     0x00002968       0x70 ./src/Source Files/letimer.o
 .debug_loc     0x000029d8       0x64 ./src/main.o

.debug_aranges  0x00000000      0x958
 .debug_aranges
                0x00000000       0x28 ./gecko_sdk_3.2.1/platform/Device/SiliconLabs/EFR32MG12P/Source/GCC/startup_efr32mg12p.o
 .debug_aranges
                0x00000028       0x68 ./gecko_sdk_3.2.1/platform/Device/SiliconLabs/EFR32MG12P/Source/system_efr32mg12p.o
 .debug_aranges
                0x00000090       0x30 ./gecko_sdk_3.2.1/platform/common/toolchain/src/sl_memory.o
 .debug_aranges
                0x000000c0       0x20 ./gecko_sdk_3.2.1/platform/emlib/src/em_assert.o
 .debug_aranges
                0x000000e0      0x1d8 ./gecko_sdk_3.2.1/platform/emlib/src/em_cmu.o
 .debug_aranges
                0x000002b8       0xe8 ./gecko_sdk_3.2.1/platform/emlib/src/em_core.o
 .debug_aranges
                0x000003a0      0x208 ./gecko_sdk_3.2.1/platform/emlib/src/em_emu.o
 .debug_aranges
                0x000005a8       0x88 ./gecko_sdk_3.2.1/platform/emlib/src/em_gpio.o
 .debug_aranges
                0x00000630       0x88 ./gecko_sdk_3.2.1/platform/emlib/src/em_letimer.o
 .debug_aranges
                0x000006b8      0x108 ./gecko_sdk_3.2.1/platform/service/sleeptimer/src/sl_sleeptimer.o
 .debug_aranges
                0x000007c0       0xd8 ./gecko_sdk_3.2.1/platform/service/sleeptimer/src/sl_sleeptimer_hal_rtcc.o
 .debug_aranges
                0x00000898       0x28 ./src/Source Files/app.o
 .debug_aranges
                0x000008c0       0x20 ./src/Source Files/cmu.o
 .debug_aranges
                0x000008e0       0x20 ./src/Source Files/gpio.o
 .debug_aranges
                0x00000900       0x28 ./src/Source Files/letimer.o
 .debug_aranges
                0x00000928       0x30 ./src/main.o

.debug_ranges   0x00000000      0x858
 .debug_ranges  0x00000000       0x18 ./gecko_sdk_3.2.1/platform/Device/SiliconLabs/EFR32MG12P/Source/GCC/startup_efr32mg12p.o
 .debug_ranges  0x00000018       0x58 ./gecko_sdk_3.2.1/platform/Device/SiliconLabs/EFR32MG12P/Source/system_efr32mg12p.o
 .debug_ranges  0x00000070       0x20 ./gecko_sdk_3.2.1/platform/common/toolchain/src/sl_memory.o
 .debug_ranges  0x00000090       0x10 ./gecko_sdk_3.2.1/platform/emlib/src/em_assert.o
 .debug_ranges  0x000000a0      0x1c8 ./gecko_sdk_3.2.1/platform/emlib/src/em_cmu.o
 .debug_ranges  0x00000268       0xd8 ./gecko_sdk_3.2.1/platform/emlib/src/em_core.o
 .debug_ranges  0x00000340      0x1f8 ./gecko_sdk_3.2.1/platform/emlib/src/em_emu.o
 .debug_ranges  0x00000538       0x78 ./gecko_sdk_3.2.1/platform/emlib/src/em_gpio.o
 .debug_ranges  0x000005b0       0x78 ./gecko_sdk_3.2.1/platform/emlib/src/em_letimer.o
 .debug_ranges  0x00000628       0xf8 ./gecko_sdk_3.2.1/platform/service/sleeptimer/src/sl_sleeptimer.o
 .debug_ranges  0x00000720       0xc8 ./gecko_sdk_3.2.1/platform/service/sleeptimer/src/sl_sleeptimer_hal_rtcc.o
 .debug_ranges  0x000007e8       0x18 ./src/Source Files/app.o
 .debug_ranges  0x00000800       0x10 ./src/Source Files/cmu.o
 .debug_ranges  0x00000810       0x10 ./src/Source Files/gpio.o
 .debug_ranges  0x00000820       0x18 ./src/Source Files/letimer.o
 .debug_ranges  0x00000838       0x20 ./src/main.o

.debug_macro    0x00000000     0x3b07
 .debug_macro   0x00000000      0x277 ./gecko_sdk_3.2.1/platform/Device/SiliconLabs/EFR32MG12P/Source/GCC/startup_efr32mg12p.o
 .debug_macro   0x00000277      0x28b ./gecko_sdk_3.2.1/platform/Device/SiliconLabs/EFR32MG12P/Source/system_efr32mg12p.o
 .debug_macro   0x00000502       0x92 ./gecko_sdk_3.2.1/platform/common/toolchain/src/sl_memory.o
 .debug_macro   0x00000594       0x16 ./gecko_sdk_3.2.1/platform/common/toolchain/src/sl_memory.o
 .debug_macro   0x000005aa       0x2c ./gecko_sdk_3.2.1/platform/emlib/src/em_assert.o
 .debug_macro   0x000005d6      0x3e6 ./gecko_sdk_3.2.1/platform/emlib/src/em_cmu.o
 .debug_macro   0x000009bc       0x64 ./gecko_sdk_3.2.1/platform/emlib/src/em_cmu.o
 .debug_macro   0x00000a20      0x356 ./gecko_sdk_3.2.1/platform/emlib/src/em_cmu.o
 .debug_macro   0x00000d76       0x7c ./gecko_sdk_3.2.1/platform/emlib/src/em_cmu.o
 .debug_macro   0x00000df2       0x17 ./gecko_sdk_3.2.1/platform/emlib/src/em_cmu.o
 .debug_macro   0x00000e09       0xee ./gecko_sdk_3.2.1/platform/emlib/src/em_cmu.o
 .debug_macro   0x00000ef7       0x87 ./gecko_sdk_3.2.1/platform/emlib/src/em_cmu.o
 .debug_macro   0x00000f7e      0x2bb ./gecko_sdk_3.2.1/platform/emlib/src/em_core.o
 .debug_macro   0x00001239      0x3fb ./gecko_sdk_3.2.1/platform/emlib/src/em_emu.o
 .debug_macro   0x00001634       0x5e ./gecko_sdk_3.2.1/platform/emlib/src/em_emu.o
 .debug_macro   0x00001692       0x5c ./gecko_sdk_3.2.1/platform/emlib/src/em_emu.o
 .debug_macro   0x000016ee       0x81 ./gecko_sdk_3.2.1/platform/emlib/src/em_emu.o
 .debug_macro   0x0000176f      0x2c8 ./gecko_sdk_3.2.1/platform/emlib/src/em_gpio.o
 .debug_macro   0x00001a37      0x2f5 ./gecko_sdk_3.2.1/platform/emlib/src/em_letimer.o
 .debug_macro   0x00001d2c      0x472 ./gecko_sdk_3.2.1/platform/service/sleeptimer/src/sl_sleeptimer.o
 .debug_macro   0x0000219e       0x57 ./gecko_sdk_3.2.1/platform/service/sleeptimer/src/sl_sleeptimer.o
 .debug_macro   0x000021f5       0x10 ./gecko_sdk_3.2.1/platform/service/sleeptimer/src/sl_sleeptimer.o
 .debug_macro   0x00002205       0x10 ./gecko_sdk_3.2.1/platform/service/sleeptimer/src/sl_sleeptimer.o
 .debug_macro   0x00002215       0x10 ./gecko_sdk_3.2.1/platform/service/sleeptimer/src/sl_sleeptimer.o
 .debug_macro   0x00002225       0x10 ./gecko_sdk_3.2.1/platform/service/sleeptimer/src/sl_sleeptimer.o
 .debug_macro   0x00002235       0xb2 ./gecko_sdk_3.2.1/platform/service/sleeptimer/src/sl_sleeptimer.o
 .debug_macro   0x000022e7       0x2e ./gecko_sdk_3.2.1/platform/service/sleeptimer/src/sl_sleeptimer.o
 .debug_macro   0x00002315       0x16 ./gecko_sdk_3.2.1/platform/service/sleeptimer/src/sl_sleeptimer.o
 .debug_macro   0x0000232b       0x22 ./gecko_sdk_3.2.1/platform/service/sleeptimer/src/sl_sleeptimer.o
 .debug_macro   0x0000234d       0x16 ./gecko_sdk_3.2.1/platform/service/sleeptimer/src/sl_sleeptimer.o
 .debug_macro   0x00002363       0x10 ./gecko_sdk_3.2.1/platform/service/sleeptimer/src/sl_sleeptimer.o
 .debug_macro   0x00002373       0x16 ./gecko_sdk_3.2.1/platform/service/sleeptimer/src/sl_sleeptimer.o
 .debug_macro   0x00002389      0x33e ./gecko_sdk_3.2.1/platform/service/sleeptimer/src/sl_sleeptimer_hal_rtcc.o
 .debug_macro   0x000026c7      0x31c ./src/Source Files/app.o
 .debug_macro   0x000029e3       0x58 ./src/Source Files/app.o
 .debug_macro   0x00002a3b       0x10 ./src/Source Files/app.o
 .debug_macro   0x00002a4b       0x10 ./src/Source Files/app.o
 .debug_macro   0x00002a5b      0x2dd ./src/Source Files/cmu.o
 .debug_macro   0x00002d38      0x2ea ./src/Source Files/gpio.o
 .debug_macro   0x00003022      0x2fd ./src/Source Files/letimer.o
 .debug_macro   0x0000331f      0x438 ./src/main.o
 .debug_macro   0x00003757       0x16 ./src/main.o
 .debug_macro   0x0000376d       0x97 ./src/main.o
 .debug_macro   0x00003804       0xf6 ./src/main.o
 .debug_macro   0x000038fa       0x10 ./src/main.o
 .debug_macro   0x0000390a       0xbe ./src/main.o
 .debug_macro   0x000039c8       0x16 ./src/main.o
 .debug_macro   0x000039de      0x129 ./src/main.o

.debug_line     0x00000000     0xe136
 .debug_line    0x00000000      0x931 ./gecko_sdk_3.2.1/platform/Device/SiliconLabs/EFR32MG12P/Source/GCC/startup_efr32mg12p.o
 .debug_line    0x00000931      0xa0f ./gecko_sdk_3.2.1/platform/Device/SiliconLabs/EFR32MG12P/Source/system_efr32mg12p.o
 .debug_line    0x00001340      0x414 ./gecko_sdk_3.2.1/platform/common/toolchain/src/sl_memory.o
 .debug_line    0x00001754      0x202 ./gecko_sdk_3.2.1/platform/emlib/src/em_assert.o
 .debug_line    0x00001956     0x20fb ./gecko_sdk_3.2.1/platform/emlib/src/em_cmu.o
 .debug_line    0x00003a51      0xfd1 ./gecko_sdk_3.2.1/platform/emlib/src/em_core.o
 .debug_line    0x00004a22     0x20c5 ./gecko_sdk_3.2.1/platform/emlib/src/em_emu.o
 .debug_line    0x00006ae7      0xfbd ./gecko_sdk_3.2.1/platform/emlib/src/em_gpio.o
 .debug_line    0x00007aa4      0xd15 ./gecko_sdk_3.2.1/platform/emlib/src/em_letimer.o
 .debug_line    0x000087b9     0x1397 ./gecko_sdk_3.2.1/platform/service/sleeptimer/src/sl_sleeptimer.o
 .debug_line    0x00009b50      0xf23 ./gecko_sdk_3.2.1/platform/service/sleeptimer/src/sl_sleeptimer_hal_rtcc.o
 .debug_line    0x0000aa73      0xac4 ./src/Source Files/app.o
 .debug_line    0x0000b537      0xa5b ./src/Source Files/cmu.o
 .debug_line    0x0000bf92      0xa6f ./src/Source Files/gpio.o
 .debug_line    0x0000ca01      0xb2d ./src/Source Files/letimer.o
 .debug_line    0x0000d52e      0xc08 ./src/main.o

.debug_str      0x00000000   0x15e5a0
 .debug_str     0x00000000   0x14eeaa ./gecko_sdk_3.2.1/platform/Device/SiliconLabs/EFR32MG12P/Source/GCC/startup_efr32mg12p.o
                             0x14fd71 (size before relaxing)
 .debug_str     0x0014eeaa      0x550 ./gecko_sdk_3.2.1/platform/Device/SiliconLabs/EFR32MG12P/Source/system_efr32mg12p.o
                             0x150189 (size before relaxing)
 .debug_str     0x0014f3fa      0x3ee ./gecko_sdk_3.2.1/platform/common/toolchain/src/sl_memory.o
                               0x4049 (size before relaxing)
 .debug_str     0x0014f7e8       0xc8 ./gecko_sdk_3.2.1/platform/emlib/src/em_assert.o
                               0x2e58 (size before relaxing)
 .debug_str     0x0014f8b0     0x572f ./gecko_sdk_3.2.1/platform/emlib/src/em_cmu.o
                             0x155b01 (size before relaxing)
 .debug_str     0x00154fdf      0x6a8 ./gecko_sdk_3.2.1/platform/emlib/src/em_core.o
                             0x150f4d (size before relaxing)
 .debug_str     0x00155687     0x149e ./gecko_sdk_3.2.1/platform/emlib/src/em_emu.o
                             0x155fe3 (size before relaxing)
 .debug_str     0x00156b25      0x512 ./gecko_sdk_3.2.1/platform/emlib/src/em_gpio.o
                             0x151747 (size before relaxing)
 .debug_str     0x00157037      0x367 ./gecko_sdk_3.2.1/platform/emlib/src/em_letimer.o
                             0x152118 (size before relaxing)
 .debug_str     0x0015739e     0x5f34 ./gecko_sdk_3.2.1/platform/service/sleeptimer/src/sl_sleeptimer.o
                             0x1580ab (size before relaxing)
 .debug_str     0x0015d2d2      0xa1d ./gecko_sdk_3.2.1/platform/service/sleeptimer/src/sl_sleeptimer_hal_rtcc.o
                             0x15708b (size before relaxing)
 .debug_str     0x0015dcef      0x2ea ./src/Source Files/app.o
                             0x152130 (size before relaxing)
 .debug_str     0x0015dfd9       0x23 ./src/Source Files/cmu.o
                             0x152149 (size before relaxing)
 .debug_str     0x0015dffc       0x25 ./src/Source Files/gpio.o
                             0x15242e (size before relaxing)
 .debug_str     0x0015e021       0x6f ./src/Source Files/letimer.o
                             0x15232d (size before relaxing)
 .debug_str     0x0015e090      0x510 ./src/main.o
                             0x1565ed (size before relaxing)

.debug_frame    0x00000000     0x1a70
 .debug_frame   0x00000000       0x38 ./gecko_sdk_3.2.1/platform/Device/SiliconLabs/EFR32MG12P/Source/GCC/startup_efr32mg12p.o
 .debug_frame   0x00000038       0xdc ./gecko_sdk_3.2.1/platform/Device/SiliconLabs/EFR32MG12P/Source/system_efr32mg12p.o
 .debug_frame   0x00000114       0x58 ./gecko_sdk_3.2.1/platform/common/toolchain/src/sl_memory.o
 .debug_frame   0x0000016c       0x24 ./gecko_sdk_3.2.1/platform/emlib/src/em_assert.o
 .debug_frame   0x00000190      0x5c0 ./gecko_sdk_3.2.1/platform/emlib/src/em_cmu.o
 .debug_frame   0x00000750      0x29c ./gecko_sdk_3.2.1/platform/emlib/src/em_core.o
 .debug_frame   0x000009ec      0x5e8 ./gecko_sdk_3.2.1/platform/emlib/src/em_emu.o
 .debug_frame   0x00000fd4      0x188 ./gecko_sdk_3.2.1/platform/emlib/src/em_gpio.o
 .debug_frame   0x0000115c      0x180 ./gecko_sdk_3.2.1/platform/emlib/src/em_letimer.o
 .debug_frame   0x000012dc      0x35c ./gecko_sdk_3.2.1/platform/service/sleeptimer/src/sl_sleeptimer.o
 .debug_frame   0x00001638      0x270 ./gecko_sdk_3.2.1/platform/service/sleeptimer/src/sl_sleeptimer_hal_rtcc.o
 .debug_frame   0x000018a8       0x44 ./src/Source Files/app.o
 .debug_frame   0x000018ec       0x28 ./src/Source Files/cmu.o
 .debug_frame   0x00001914       0x28 ./src/Source Files/gpio.o
 .debug_frame   0x0000193c       0x48 ./src/Source Files/letimer.o
 .debug_frame   0x00001984       0x58 ./src/main.o
 .debug_frame   0x000019dc       0x28 c:/siliconlabs/simplicitystudio/v5/developer/toolchains/gnu_arm/10.2_2020q4/bin/../lib/gcc/arm-none-eabi/10.2.1/../../../../arm-none-eabi/lib/thumb/v7e-m+fp/softfp\libc_nano.a(lib_a-exit.o)
 .debug_frame   0x00001a04       0x2c c:/siliconlabs/simplicitystudio/v5/developer/toolchains/gnu_arm/10.2_2020q4/bin/../lib/gcc/arm-none-eabi/10.2.1/../../../../arm-none-eabi/lib/thumb/v7e-m+fp/softfp\libc_nano.a(lib_a-init.o)
 .debug_frame   0x00001a30       0x20 c:/siliconlabs/simplicitystudio/v5/developer/toolchains/gnu_arm/10.2_2020q4/bin/../lib/gcc/arm-none-eabi/10.2.1/../../../../arm-none-eabi/lib/thumb/v7e-m+fp/softfp\libc_nano.a(lib_a-memset.o)
 .debug_frame   0x00001a50       0x20 c:/siliconlabs/simplicitystudio/v5/developer/toolchains/gnu_arm/10.2_2020q4/bin/../lib/gcc/arm-none-eabi/10.2.1/../../../../arm-none-eabi/lib/thumb/v7e-m+fp/softfp\libnosys.a(_exit.o)
